******************************************************************************
                  TI ARM Linker PC v18.12.4                    
******************************************************************************
>> Linked Wed Apr 15 11:27:03 2020

OUTPUT FILE NAME:   <mqtt_client_CC3235SF_LAUNCHXL_tirtos_ccs.out>
ENTRY POINT SYMBOL: "_c_int00"  address: 01012a91


MEMORY CONFIGURATION

         name            origin    length      used     unused   attr    fill
----------------------  --------  ---------  --------  --------  ----  --------
  FLASH_HDR             01000000   000007ff  00000000  000007ff  R  X
  FLASH                 01000800   000ff800  0001694a  000e8eb6  R  X
  SRAM                  20000000   00040000  0000acc3  0003533d  RW X


SEGMENT ALLOCATION MAP

run origin  load origin   length   init length attrs members
----------  ----------- ---------- ----------- ----- -------
01000800    01000800    00016950   00016950    r-x
  01000800    01000800    0000003c   0000003c    r-- .resetVecs
  01000840    01000840    0001589a   0001589a    r-x .text
  010160dc    010160dc    00000d1c   00000d1c    r-- .const
  01016df8    01016df8    00000358   00000358    r-- .cinit
20000310    20000310    00008000   00000000    r--
  20000310    20000310    00008000   00000000    r-- .priheap
20008400    20008400    000025b8   00000000    rw-
  20008400    20008400    00001cd3   00000000    rw- .bss
  2000a0d4    2000a0d4    000008e4   00000000    rw- .data
2003fc00    2003fc00    00000400   00000000    rw-
  2003fc00    2003fc00    00000400   00000000    rw- .stack


SECTION ALLOCATION MAP

 output                                  attributes/
section   page    origin      length       input sections
--------  ----  ----------  ----------   ----------------
.text      0    01000840    0001589a     
                  01000840    00000a4e     rtsv7M4_T_le_eabi.lib : _printfi.c.obj (.text:__TI_printfi)
                  0100128e    00000002     ti_drivers_config.obj (.text:Board_initHook)
                  01001290    000008cc     simplelink.a : driver.obj (.text:_SlDrvMsgRead)
                  01001b5c    000004bc                  : sl_socket.obj (.text:_SlSocketHandleAsync_Select)
                  01002018    00000430     driverlib.a : prcm.obj (.text:PRCMCC3200MCUInit)
                  01002448    00000384     simplelink.a : driver.obj (.text:_SlDrvMsgWrite)
                  010027cc    0000033c     client_cbs.obj (.text:MqttClientCallback)
                  01002b08    00000320     network_if.obj (.text:Network_IF_ConnectAP)
                  01002e28    000002e8     mqtt_client_app.obj (.text:mainThread)
                  01003110    000002e0     simplelink.a : driver.obj (.text:_SlDrvWaitForPoolObj)
                  010033f0    000002d8                  : driver.obj (.text:_SlDrvRxHdrRead)
                  010036c8    000002b4                  : sl_socket.obj (.text:sl_Select)
                  0100397c    00000294                  : driver.obj (.text:_SlDrvReleasePoolObj)
                  01003c10    0000028d     network_if.obj (.text:SimpleLinkSockEventHandler)
                  01003e9d    00000001     --HOLE-- [fill = 0]
                  01003e9e    00000002     drivers_cc32xx.aem4 : UARTCC32XXDMA.oem4 (.text:UARTCC32XXDMA_init)
                  01003ea0    0000027c     mqtt_client_app.obj (.text:MqttClient_start)
                  0100411c    0000027c     simplelink.a : wlan.obj (.text:sl_WlanConnect)
                  01004398    00000268     rtsv7M4_T_le_eabi.lib : _printfi.c.obj (.text:_pconv_a)
                  01004600    00000264     network_if.obj (.text:Network_IF_InitDriver)
                  01004864    0000025c     simplelink.a : driver.obj (.text:_SlDrvDataReadOp)
                  01004ac0    00000234     mqtt_client_app.obj (.text:DisplayAppBanner)
                  01004cf4    00000224     mqtt_client_app.obj (.text:MqttClient)
                  01004f18    00000224     simplelink.a : driver.obj (.text:_SlDrvDriverCBInit)
                  0100513c    00000218                  : driver.obj (.text:_SlDrvDataWriteOp)
                  01005354    0000020c     drivers_cc32xx.aem4 : UARTCC32XXDMA.oem4 (.text:UARTCC32XXDMA_open)
                  01005560    000001f4     simplelink.a : driver.obj (.text:_SlDrvMsgReadCmdCtx)
                  01005754    000001f2                  : netapp.obj (.text:_SlNetAppEventHandler)
                  01005946    00000002     rtsv7M4_T_le_eabi.lib : _lock.c.obj (.text:_nop)
                  01005948    000001e1     network_if.obj (.text:SimpleLinkFatalErrorEventHandler)
                  01005b29    00000001     --HOLE-- [fill = 0]
                  01005b2a    00000002     rtsv7M4_T_le_eabi.lib : div0.asm.obj (.text)
                  01005b2c    000001d8     network_if.obj (.text:SimpleLinkWlanEventHandler)
                  01005d04    000001d4     drivers_cc32xx.aem4 : GPIOCC32XX.oem4 (.text:GPIO_setConfig)
                  01005ed8    000001d0                         : SPICC32XXDMA.oem4 (.text:SPICC32XXDMA_transfer)
                  010060a8    000001cc     rtsv7M4_T_le_eabi.lib : _printfi.c.obj (.text:_pconv_g)
                  01006274    000001c8     simplelink.a : device.obj (.text:sl_Stop)
                  0100643c    000001b8     drivers_cc32xx.aem4 : SPICC32XXDMA.oem4 (.text:configDMA)
                  010065f4    000001b6     rtsv7M4_T_le_eabi.lib : fd_add_t2.asm.obj (.text)
                  010067aa    00000002     release_pem4.oem4 (.text:ti_sysbios_BIOS_nullFunc__I)
                  010067ac    000001b4     simplelink.a : driver.obj (.text:_SlDrvReleaseAllActivePendingPoolObj)
                  01006960    000001b0     sysbios.aem4 : BIOS.obj (.text:mq_open)
                  01006b10    000001ac     simplelink.a : sl_socket.obj (.text:sl_Accept)
                  01006cbc    00000198     slnetsock_release.a : slnetsock.oem4 (.text:SlNetSock_select)
                  01006e54    0000018c     simplelink.a : sl_socket.obj (.text:_SlDrvRegisterForSelectAsync)
                  01006fe0    00000184                  : driver.obj (.text:_SlDrvFindAndSetActiveObj)
                  01007164    00000180     network_if.obj (.text:SimpleLinkNetAppEventHandler)
                  010072e4    00000178     simplelink.a : sl_socket.obj (.text:sl_Connect)
                  0100745c    00000170                  : netapp.obj (.text:sl_NetAppDnsGetHostByName)
                  010075cc    0000015c     mqtt_client_app.obj (.text:Mqtt_IF_Connect)
                  01007728    0000015a     mqtt_release.a : mqtt_net_func.oem4 (.text:createSocket)
                  01007882    00000002     release_pem4.oem4 (.text:xdc_runtime_Startup_reset__I)
                  01007884    00000158     drivers_cc32xx.aem4 : SPICC32XXDMA.oem4 (.text:SPICC32XXDMA_open)
                  010079dc    00000154     mqtt_release.a : mqttclient.oem4 (.text:MQTTClient_connect)
                  01007b30    00000154     simplelink.a : sl_socket.obj (.text:sl_RecvFrom)
                  01007c84    0000014c     dpl_cc32xx.aem4 : PowerCC32XX_tirtos.oem4 (.text:PowerCC32XX_sleepPolicy)
                  01007dd0    0000014c     simplelink.a : sl_socket.obj (.text:sl_StartTLS)
                  01007f1c    00000148     drivers_cc32xx.aem4 : PowerCC32XX.oem4 (.text:parkPins)
                  01008064    00000140     mqtt_client_app.obj (.text:Mqtt_start)
                  010081a4    00000140     simplelink.a : driver.obj (.text:_SlDrvMsgReadSpawnCtx)
                  010082e4    0000013c                  : driver.obj (.text:_SlDrvDriverCBDeinit)
                  01008420    0000013c                  : sl_socket.obj (.text:_SlDrvGetNextTimeoutValue)
                  0100855c    0000013c     rtsv7M4_T_le_eabi.lib : _printfi.c.obj (.text:_pconv_e)
                  01008698    00000138     drivers_cc32xx.aem4 : PowerCC32XX.oem4 (.text:Power_sleep)
                  010087d0    00000138     simplelink.a : driver.obj (.text:_SlSpawnMsgListInsert)
                  01008908    00000136     rtsv7M4_T_le_eabi.lib : fd_div_t2.asm.obj (.text)
                  01008a3e    00000002     --HOLE-- [fill = 0]
                  01008a40    00000134     simplelink.a : sl_socket.obj (.text:_SlSocketHandleAsync_StartTLS)
                  01008b74    00000004     dpl_cc32xx.aem4 : ClockP_tirtos.oem4 (.text:ClockP_getCpuFreq)
                  01008b78    00000130     sysbios.aem4 : BIOS.obj (.text:ti_sysbios_knl_Semaphore_pend__E)
                  01008ca8    00000128     simplelink.a : driver.obj (.text:_SlDrvClassifyRxMsg)
                  01008dd0    00000124                  : fs.obj (.text:sl_FsOpen)
                  01008ef4    00000120                  : driver.obj (.text:_SlDrvAsyncEventGenericHandler)
                  01009014    00000120     rtsv7M4_T_le_eabi.lib : _printfi.c.obj (.text:fcvt)
                  01009134    00000120     simplelink.a : device.obj (.text:sl_Start)
                  01009254    00000004     dpl_cc32xx.aem4 : ClockP_tirtos.oem4 (.text:ClockP_setTimeout)
                  01009258    00000120     sysbios.aem4 : BIOS.obj (.text:xdc_runtime_Startup_startMods__I)
                  01009378    00000118     simplelink.a : netapp.obj (.text:_SlNetAppHandleAsync_DnsGetHostByService)
                  01009490    00000112     mqtt_release.a : mqtt_common.oem4 (.text:MQTT_PacketRecv)
                  010095a2    00000002     --HOLE-- [fill = 0]
                  010095a4    00000110     rtsv7M4_T_le_eabi.lib : strtoul.c.obj (.text:strtoul)
                  010096b4    00000004     dpl_cc32xx.aem4 : ClockP_tirtos.oem4 (.text:ClockP_start)
                  010096b8    00000110     sysbios.aem4 : BIOS.obj (.text:ti_sysbios_knl_Task_postInit__I)
                  010097c8    00000108     slnetsock_release.a : slnetutils.oem4 (.text:SlNetUtil_str2BinIpV6)
                  010098d0    00000104     simplelink.a : device.obj (.text:_SlDeviceEventHandler)
                  010099d4    00000104                  : driver.obj (.text:_SlDrvCmdOp)
                  01009ad8    00000104     sysbios.aem4 : BIOS.obj (.text:ti_sysbios_knl_Task_Instance_finalize__E)
                  01009bdc    00000100     simplelink.a : driver.obj (.text:_SlDrvObjGlobalLockWaitForever)
                  01009cdc    00000100                  : fs.obj (.text:sl_FsWrite)
                  01009ddc    000000fc     rtsv7M4_T_le_eabi.lib : fd_mul_t2.asm.obj (.text)
                  01009ed8    000000fc     simplelink.a : sl_socket.obj (.text:sl_Close)
                  01009fd4    000000f8     slnetifwifi.a : slnetifwifi.obj (.text:SlNetIfWifi_loadSecObj)
                  0100a0cc    000000f8     drivers_cc32xx.aem4 : UARTCC32XXDMA.oem4 (.text:UARTCC32XXDMA_close)
                  0100a1c4    00000004     dpl_cc32xx.aem4 : ClockP_tirtos.oem4 (.text:ClockP_stop)
                  0100a1c8    000000f8     sysbios.aem4 : BIOS.obj (.text:timer_create)
                  0100a2c0    000000f8     mqtt_release.a : client_core.oem4 (.text:utf8ArraySend)
                  0100a3b8    000000f6                    : mqtt_net_func.oem4 (.text:MQTTNet_commOpen)
                  0100a4ae    00000002     --HOLE-- [fill = 0]
                  0100a4b0    000000f4     simplelink.a : sl_socket.obj (.text:sl_SendTo)
                  0100a5a4    000000f2     drivers_cc32xx.aem4 : SPICC32XXDMA.oem4 (.text:SPICC32XXDMA_transferCancel)
                  0100a696    00000002     --HOLE-- [fill = 0]
                  0100a698    000000f0     sysbios.aem4 : BIOS.obj (.text:pthread_create)
                  0100a788    000000f0                  : BIOS.obj (.text:ti_sysbios_knl_Task_Instance_init__E)
                  0100a878    000000ec                  : BIOS.obj (.text:clock_gettime)
                  0100a964    000000e8     slnetsock_release.a : slnetif.oem4 (.text:SlNetIf_add)
                  0100aa4c    000000e8     drivers_cc32xx.aem4 : UARTCC32XXDMA.oem4 (.text:initHw)
                  0100ab34    00000004     dpl_cc32xx.aem4 : HwiP_tirtos.oem4 (.text:HwiP_clearInterrupt)
                  0100ab38    000000e8     sysbios.aem4 : BIOS.obj (.text:timer_settime)
                  0100ac20    000000e0     mqtt_release.a : mqttclient.oem4 (.text:MqttClientCtxCreate)
                  0100ad00    000000de                    : client_core.oem4 (.text:connectMsgSend)
                  0100adde    00000002     --HOLE-- [fill = 0]
                  0100ade0    000000d8     uart_term.obj (.text:GetCmd)
                  0100aeb8    000000d8     drivers_cc32xx.aem4 : SPICC32XXDMA.oem4 (.text:SPICC32XXDMA_close)
                  0100af90    000000d8     simplelink.a : device.obj (.text:_SlDeviceHandleAsync_InitComplete)
                  0100b068    000000d8                  : driver.obj (.text:_SlDrvWaitForInternalAsyncEvent)
                  0100b140    000000d8                  : netapp.obj (.text:_SlNetAppHandleAsync_NetAppReceive)
                  0100b218    000000d8     sysbios.aem4 : BIOS.obj (.text:ti_sysbios_knl_Mailbox_Instance_init__E)
                  0100b2f0    000000d0     mqtt_client_app.obj (.text:Mqtt_Stop)
                  0100b3c0    000000d0     mqtt_client_app.obj (.text:SetClientIdNamefromMacAddress)
                  0100b490    000000d0     simplelink.a : driver.obj (.text:_SlDrvRemoveFromList)
                  0100b560    000000d0     rtsv7M4_T_le_eabi.lib : s_scalbn.c.obj (.text:scalbn)
                  0100b630    000000d0     sysbios.aem4 : BIOS.obj (.text:ti_sysbios_heaps_HeapMem_alloc__E)
                  0100b700    000000cc     mqtt_release.a : mqttclient.oem4 (.text:processNotifyAckCB)
                  0100b7cc    000000cc     sysbios.aem4 : m3_Hwi_asm.obj (.text:ti_sysbios_family_arm_m3_Hwi_dispatch__I)
                  0100b898    000000c8     drivers_cc32xx.aem4 : SPICC32XXDMA.oem4 (.text:spiHwiFxn)
                  0100b960    000000c4                         : GPIOCC32XX.oem4 (.text:GPIO_init)
                  0100ba24    00000004     dpl_cc32xx.aem4 : HwiP_tirtos.oem4 (.text:HwiP_disable)
                  0100ba28    000000c4     sysbios.aem4 : BIOS.obj (.text:ti_sysbios_knl_Task_sleep__E)
                  0100baec    000000c0     mqtt_release.a : mqttclient.oem4 (.text:MqttClientSub)
                  0100bbac    000000c0     simplelink.a : cc_pal.obj (.text:NwpPowerOff)
                  0100bc6c    000000c0     drivers_cc32xx.aem4 : PowerCC32XX.oem4 (.text:restoreParkedPins)
                  0100bd2c    000000c0     simplelink.a : netcfg.obj (.text:sl_NetCfgGet)
                  0100bdec    000000bc                  : netapp.obj (.text:_SlNetAppSendResponse)
                  0100bea8    000000bc     mqtt_release.a : client_core.oem4 (.text:clCtxConnStateTryLocked)
                  0100bf64    000000bc     simplelink.a : sl_socket.obj (.text:sl_Send)
                  0100c020    000000bc     sysbios.aem4 : BIOS.obj (.text:xdc_runtime_Core_createObject__I)
                  0100c0dc    000000b8     drivers_cc32xx.aem4 : UARTCC32XXDMA.oem4 (.text:UARTCC32XXDMA_configDMA)
                  0100c194    000000b8     simplelink.a : netapp.obj (.text:_SlNetAppHandleAsync_DnsGetHostByName)
                  0100c24c    000000b8                  : netapp.obj (.text:_SlNetAppHandleAsync_PingResponse)
                  0100c304    000000b8                  : device.obj (.text:sl_DeviceGet)
                  0100c3bc    000000b8                  : wlan.obj (.text:sl_WlanGet)
                  0100c474    00000004     dpl_cc32xx.aem4 : HwiP_tirtos.oem4 (.text:HwiP_disableInterrupt)
                  0100c478    000000b8     sysbios.aem4 : BIOS.obj (.text:ti_sysbios_family_arm_m3_Hwi_Instance_init__E)
                  0100c530    000000b4     mqtt_release.a : mqttclient.oem4 (.text:MqttClient_send)
                  0100c5e4    000000b4     drivers_cc32xx.aem4 : UARTCC32XXDMA.oem4 (.text:UARTCC32XXDMA_hwiIntFxn)
                  0100c698    000000b4     simplelink.a : driver.obj (.text:_SlDrvHandleFatalError)
                  0100c74c    000000b4                  : netutil.obj (.text:_SlNetUtilHandleAsync_Cmd)
                  0100c800    000000b4                  : sl_socket.obj (.text:sl_GetSockOpt)
                  0100c8b4    000000b1     rtsv7M4_T_le_eabi.lib : _printfi.c.obj (.text:_ltostr)
                  0100c965    00000003     --HOLE-- [fill = 0]
                  0100c968    000000b0     slnetifwifi.a : slnetifwifi.obj (.text:SlNetIfWifi_getSockOpt)
                  0100ca18    000000ae                   : slnetifwifi.obj (.text:matchModeByRole)
                  0100cac6    00000002     --HOLE-- [fill = 0]
                  0100cac8    000000ac     simplelink.a : sl_socket.obj (.text:_SlSocketHandleAsync_Close)
                  0100cb74    000000ac                  : sl_socket.obj (.text:_SlSocketHandleAsync_Connect)
                  0100cc20    000000aa     uart_term.obj (.text:Report)
                  0100ccca    00000002     --HOLE-- [fill = 0]
                  0100cccc    000000a8     network_if.obj (.text:Network_IF_IpConfigGet)
                  0100cd74    000000a8     driverlib.a : prcm.obj (.text:PRCMPeripheralClockGet)
                  0100ce1c    000000a8     drivers_cc32xx.aem4 : PowerCC32XX.oem4 (.text:PowerCC32XX_configureWakeup)
                  0100cec4    000000a8     simplelink.a : fs.obj (.text:sl_FsClose)
                  0100cf6c    000000a6                  : driver.obj (.text:_SlDrvIsTimeoutExpired)
                  0100d012    00000002     --HOLE-- [fill = 0]
                  0100d014    000000a4     mqtt_release.a : mqttclient.oem4 (.text:MQTTClient_create)
                  0100d0b8    000000a4                    : mqttclient.oem4 (.text:MqttClientConfig)
                  0100d15c    000000a4     simplelink.a : sl_socket.obj (.text:sl_Bind)
                  0100d200    000000a4     sysbios.aem4 : BIOS.obj (.text:ti_sysbios_knl_Task_setPri__E)
                  0100d2a4    000000a0     simplelink.a : fs.obj (.text:FsGetCreateFsMode)
                  0100d344    000000a0     mqtt_release.a : mqttclient.oem4 (.text:MQTTClient_delete)
                  0100d3e4    000000a0     mqtt_client_app.obj (.text:Mqtt_ClientStop)
                  0100d484    000000a0     simplelink.a : sl_socket.obj (.text:_SlDrvUnRegisterForSelectAsync)
                  0100d524    000000a0                  : driver.obj (.text:_SlSpawnMsgListProcess)
                  0100d5c4    000000a0     auto_init.aem4 : auto_init.oem4 (.text)
                  0100d664    0000009e     simplelink.a : cc_pal.obj (.text:spi_Read)
                  0100d702    0000009e                  : cc_pal.obj (.text:spi_Write)
                  0100d7a0    0000009c     mqtt_release.a : client_core.oem4 (.text:MQTTClientCore_initLib)
                  0100d83c    0000009c                    : client_core.oem4 (.text:MQTTClientCore_sendPubMsg)
                  0100d8d8    0000009c                    : mqttclient.oem4 (.text:MqttClientUnsub)
                  0100d974    0000009c                    : client_core.oem4 (.text:_msgDispatch)
                  0100da10    0000009c     sysbios.aem4 : BIOS.obj (.text:_pthread_removeThreadKeys)
                  0100daac    0000009c     rtsv7M4_T_le_eabi.lib : memcpy_t2.asm.obj (.text)
                  0100db48    0000009a     mqtt_release.a : client_core.oem4 (.text:procPubMsgRx)
                  0100dbe2    00000098     uart_term.obj (.text:TrimSpace)
                  0100dc7a    00000002     --HOLE-- [fill = 0]
                  0100dc7c    00000098     drivers_cc32xx.aem4 : GPIOCC32XX.oem4 (.text:powerNotifyFxn)
                  0100dd14    00000096     mqtt_release.a : mqtt_net_func.oem4 (.text:MQTTNet_tcpSelect)
                  0100ddaa    00000096     rtsv7M4_T_le_eabi.lib : ull_div_t2.asm.obj (.text)
                  0100de40    00000094     simplelink.a : cc_pal.obj (.text:Semaphore_pend_handle)
                  0100ded4    00000094     drivers_cc32xx.aem4 : SPICC32XXDMA.oem4 (.text:initHw)
                  0100df68    00000094     sysbios.aem4 : BIOS.obj (.text:ti_sysbios_knl_Task_exit__E)
                  0100dffc    00000092     slnetsock_release.a : slnetsock.oem4 (.text:SlNetSock_create)
                  0100e08e    00000002     --HOLE-- [fill = 0]
                  0100e090    00000090                         : slnetsock.oem4 (.text:SlNetSock_getVirtualSdConf)
                  0100e120    00000090     simplelink.a : device.obj (.text:_SlDeviceHandleAsync_Stop)
                  0100e1b0    00000090                  : sl_socket.obj (.text:_SlSocketHandleAsync_Accept)
                  0100e240    00000090     mqtt_release.a : mqttclient.oem4 (.text:processPublishRxCB)
                  0100e2d0    00000090     drivers_cc32xx.aem4 : PowerCC32XX.oem4 (.text:restoreNVICRegs)
                  0100e360    00000090     sysbios.aem4 : BIOS.obj (.text:ti_sysbios_knl_Task_Module_startup__E)
                  0100e3f0    0000008d     mqtt_client_app.obj (.text:DisplayBanner)
                  0100e47d    00000003     --HOLE-- [fill = 0]
                  0100e480    0000008c     mqtt_release.a : client_core.oem4 (.text:MQTTClientCore_createCtx)
                  0100e50c    0000008c     slnetsock_release.a : slnetsock.oem4 (.text:SlNetSock_accept)
                  0100e598    0000008c     drivers_cc32xx.aem4 : UARTCC32XXDMA.oem4 (.text:UARTCC32XXDMA_write)
                  0100e624    0000008c     simplelink.a : driver.obj (.text:_SlDrvDriverIsApiAllowed)
                  0100e6b0    0000008c                  : sl_socket.obj (.text:sl_Recv)
                  0100e73c    00000004     dpl_cc32xx.aem4 : HwiP_tirtos.oem4 (.text:HwiP_enableInterrupt)
                  0100e740    0000008c     sysbios.aem4 : BIOS.obj (.text:xdc_runtime_Memory_alloc__E)
                  0100e7cc    00000088     driverlib.a : pin.obj (.text:PinConfigSet)
                  0100e854    00000088     simplelink.a : driver.obj (.text:_SlDrvProtectAsyncRespSetting)
                  0100e8dc    00000088     mqtt_release.a : client_core.oem4 (.text:procConnackRx)
                  0100e964    00000088     simplelink.a : eventreg.obj (.text:sl_UnregisterLibsEventHandler)
                  0100e9ec    00000004     drivers_cc32xx.aem4 : SPICC32XXDMA.oem4 (.text:SPICC32XXDMA_init)
                  0100e9f0    00000088     sysbios.aem4 : BIOS.obj (.text:ti_sysbios_family_arm_m3_Hwi_initNVIC__E)
                  0100ea78    00000088                  : BIOS.obj (.text:ti_sysbios_knl_Mailbox_post__E)
                  0100eb00    00000088     mqtt_release.a : client_core.oem4 (.text:wrConnectPayload)
                  0100eb88    00000086     rtsv7M4_T_le_eabi.lib : fd_cmp_t2.asm.obj (.text:__aeabi_cdcmple)
                  0100ec0e    00000086                           : fd_cmp_t2.asm.obj (.text:__aeabi_cdrcmple)
                  0100ec94    00000004     dpl_cc32xx.aem4 : SemaphoreP_tirtos.oem4 (.text:SemaphoreP_post)
                  0100ec98    00000086     sysbios.aem4 : BIOS.obj (.text:xdc_runtime_Core_constructObject__I)
                  0100ed1e    00000002     --HOLE-- [fill = 0]
                  0100ed20    00000084     mqtt_client_app.obj (.text:MqttClientThread)
                  0100eda4    00000084     drivers_cc32xx.aem4 : PowerCC32XX.oem4 (.text:Power_init)
                  0100ee28    00000084     slnetifwifi.a : slnetifwifi.obj (.text:SlNetIfWifi_sockstartSec)
                  0100eeac    00000084     slnetsock_release.a : slnetutils.oem4 (.text:SlNetUtil_getHostByName)
                  0100ef30    00000084     mqtt_release.a : client_core.oem4 (.text:mqpSetupProcCtxDataRecv)
                  0100efb4    00000084     drivers_cc32xx.aem4 : PowerCC32XX.oem4 (.text:saveNVICRegs)
                  0100f038    00000084     simplelink.a : sl_socket.obj (.text:sl_SetSockOpt)
                  0100f0bc    00000004     slnetsock_release.a : slnetif.oem4 (.text:SlNetIf_init)
                  0100f0c0    00000084     sysbios.aem4 : BIOS.obj (.text:ti_sysbios_family_arm_m3_Hwi_postInit__I)
                  0100f144    00000004     slnetsock_release.a : slnetutils.oem4 (.text:SlNetUtil_init)
                  0100f148    00000084     sysbios.aem4 : BIOS.obj (.text:ti_sysbios_heaps_HeapMem_free__E)
                  0100f1cc    00000080     drivers_cc32xx.aem4 : PowerCC32XX.oem4 (.text:Power_setDependency)
                  0100f24c    00000080                         : UARTCC32XXDMA.oem4 (.text:UARTCC32XXDMA_read)
                  0100f2cc    00000080     mqtt_release.a : client_core.oem4 (.text:clCtxPartSend)
                  0100f34c    00000004                    : mqttclient.oem4 (.text:mutexLockup)
                  0100f350    00000080     sysbios.aem4 : BIOS.obj (.text:ti_sysbios_knl_Clock_workFunc__E)
                  0100f3d0    0000007c     drivers_cc32xx.aem4 : UDMACC32XX.oem4 (.text:UDMACC32XX_open)
                  0100f44c    00000004     mqtt_release.a : mqttclient.oem4 (.text:mutexUnlock)
                  0100f450    0000007c     sysbios.aem4 : BIOS.obj (.text:_pthread_abstime2ticks)
                  0100f4cc    0000007c     mqtt_release.a : client_core.oem4 (.text:procCtxDataRecv)
                  0100f548    0000007a     drivers_cc32xx.aem4 : UARTCC32XXDMA.oem4 (.text:UARTCC32XXDMA_readPolling)
                  0100f5c2    0000007a     rtsv7M4_T_le_eabi.lib : memset_t2.asm.obj (.text)
                  0100f63c    00000078     drivers_cc32xx.aem4 : GPIOCC32XX.oem4 (.text:GPIO_hwiIntFxn)
                  0100f6b4    00000078     mqtt_release.a : mqtt_net_func.oem4 (.text:MQTTNet_recvFrom)
                  0100f72c    00000078     mqtt_client_app.obj (.text:pushButtonInterruptHandler3)
                  0100f7a4    00000078     simplelink.a : sl_socket.obj (.text:sl_Socket)
                  0100f81c    00000074     mqtt_release.a : mqtt_net_func.oem4 (.text:MQTTNet_tcpAccept)
                  0100f890    00000074     slnetsock_release.a : slnetsock.oem4 (.text:SlNetSock_AllocVirtualSocket)
                  0100f904    00000074     mqtt_release.a : client_core.oem4 (.text:groupCtxsRxPrep)
                  0100f978    00000074     sysbios.aem4 : BIOS.obj (.text:ti_sysbios_knl_Mailbox_pend__E)
                  0100f9ec    00000004     release_pem4.oem4 (.text:ti_sysbios_BIOS_RtsGateProxy_enter__E)
                  0100f9f0    00000074     sysbios.aem4 : BIOS.obj (.text:xdc_runtime_Core_deleteObject__I)
                  0100fa64    00000072     mqtt_release.a : mqtt_common.oem4 (.text:MQTT_packetProcPubRx)
                  0100fad6    00000002     --HOLE-- [fill = 0]
                  0100fad8    00000070     simplelink.a : driver.obj (.text:_SlDrvCmdSend_noLock)
                  0100fb48    00000070     sysbios.aem4 : BIOS.obj (.text:acquireMutexNone$45)
                  0100fbb8    00000070                  : BIOS.obj (.text:ti_sysbios_heaps_HeapMem_initPrimary__I)
                  0100fc28    00000070                  : BIOS.obj (.text:ti_sysbios_knl_Mailbox_Instance_finalize__E)
                  0100fc98    0000006e     rtsv7M4_T_le_eabi.lib : _printfi.c.obj (.text:_mcpy)
                  0100fd06    00000002     --HOLE-- [fill = 0]
                  0100fd08    0000006c     mqtt_release.a : mqttclient.oem4 (.text:MQTTClient_run)
                  0100fd74    0000006c     slnetsock_release.a : slnetutils.oem4 (.text:SlNetUtil_str2BinIpV4)
                  0100fde0    0000006c     simplelink.a : device.obj (.text:_SlDeviceHandleResetRequestInternally)
                  0100fe4c    0000006c                  : sl_socket.obj (.text:_SlDrvOpenCtrlSocket)
                  0100feb8    0000006c                  : netapp.obj (.text:_SlNetAppSendTokenValue)
                  0100ff24    00000004     release_pem4.oem4 (.text:ti_sysbios_BIOS_RtsGateProxy_leave__E)
                  0100ff28    0000006c     sysbios.aem4 : BIOS.obj (.text:pthread_cancel)
                  0100ff94    00000004     release_pem4.oem4 (.text:ti_sysbios_family_arm_m3_Hwi_delete)
                  0100ff98    0000006c     sysbios.aem4 : BIOS.obj (.text:ti_sysbios_knl_Swi_restoreHwi__E)
                  01010004    0000006a     mqtt_release.a : mqtt_net_func.oem4 (.text:MQTTNet_sendTo)
                  0101006e    00000068                    : mqtt_common.oem4 (.text:MQTT_qos2PubCqUnlog)
                  010100d6    00000002     --HOLE-- [fill = 0]
                  010100d8    00000068     simplelink.a : driver.obj (.text:_SlSpawnMsgListGetCount)
                  01010140    00000068     rtsv7M4_T_le_eabi.lib : copy_decompress_lzss.c.obj (.text:decompress:lzss:__TI_decompress_lzss)
                  010101a8    00000068     main_tirtos.obj (.text:main)
                  01010210    00000068     sysbios.aem4 : BIOS.obj (.text:pthread_exit)
                  01010278    00000068     simplelink.a : cc_pal.obj (.text:spi_Open)
                  010102e0    00000064     drivers_cc32xx.aem4 : GPIOCC32XX.oem4 (.text:GPIO_toggle)
                  01010344    00000064     mqtt_release.a : mqtt_common.oem4 (.text:MQTT_packetPubAppendTopic)
                  010103a8    00000064     drivers_cc32xx.aem4 : PowerCC32XX.oem4 (.text:PowerCC32XX_setParkState)
                  0101040c    00000064     mqtt_release.a : client_core.oem4 (.text:clientReset)
                  01010470    00000064                    : client_core.oem4 (.text:doNetClose)
                  010104d4    00000004     release_pem4.oem4 (.text:ti_sysbios_family_arm_m3_TaskSupport_Module__startupDone__S)
                  010104d8    00000064     sysbios.aem4 : BIOS.obj (.text:ti_sysbios_family_arm_m3_Hwi_dispatchC__I)
                  0101053c    00000060     driverlib.a : prcm.obj (.text:PRCMSysResetCauseGet)
                  0101059c    00000060     slnetsock_release.a : slnetsock.oem4 (.text:SlNetSock_recvFrom)
                  010105fc    00000060                         : slnetsock.oem4 (.text:SlNetSock_sendTo)
                  0101065c    00000060     drivers_cc32xx.aem4 : UARTCC32XXDMA.oem4 (.text:UARTCC32XXDMA_control)
                  010106bc    00000004     release_pem4.oem4 (.text:ti_sysbios_heaps_HeapMem_Module_GateProxy_enter__E)
                  010106c0    00000060     sysbios.aem4 : BIOS.obj (.text:ti_sysbios_knl_Semaphore_post__E)
                  01010720    00000060                  : BIOS.obj (.text:ti_sysbios_knl_Swi_run__I)
                  01010780    0000005e     slnetifwifi.a : slnetifwifi.obj (.text:SlNetIfWifi_setSockOpt)
                  010107de    00000002     --HOLE-- [fill = 0]
                  010107e0    0000005c     drivers_cc32xx.aem4 : GPIOCC32XX.oem4 (.text:GPIO_setCallback)
                  0101083c    0000005c     mqtt_release.a : client_core.oem4 (.text:MQTTClientCore_exitLib)
                  01010898    0000005c                    : mqtt_net_func.oem4 (.text:MQTTNet_tcpListen)
                  010108f4    0000005c     simplelink.a : spawn.obj (.text:_SlInternalSpawn)
                  01010950    0000005c     rtsv7M4_T_le_eabi.lib : s_frexp.c.obj (.text:frexp)
                  010109ac    00000004     release_pem4.oem4 (.text:ti_sysbios_heaps_HeapMem_Module_GateProxy_leave__E)
                  010109b0    0000005c     sysbios.aem4 : BIOS.obj (.text:ti_sysbios_family_arm_m3_Timer_start__E)
                  01010a0c    00000004     release_pem4.oem4 (.text:ti_sysbios_knl_Clock_TimerProxy_getMaxTicks__E)
                  01010a10    0000005c     sysbios.aem4 : BIOS.obj (.text:ti_sysbios_knl_Swi_schedule__I)
                  01010a6c    00000004     release_pem4.oem4 (.text:ti_sysbios_knl_Clock_TimerProxy_setPeriodMicroSecs__E)
                  01010a70    0000005c     sysbios.aem4 : BIOS.obj (.text:ti_sysbios_knl_Task_startCore__E)
                  01010acc    00000004     release_pem4.oem4 (.text:ti_sysbios_knl_Clock_TimerProxy_start__E)
                  01010ad0    0000005c     sysbios.aem4 : BIOS.obj (.text:xdc_runtime_Startup_exec__E)
                  01010b2c    00000004     release_pem4.oem4 (.text:ti_sysbios_knl_Clock_TimerProxy_stop__E)
                  01010b30    0000005a     sysbios.aem4 : BIOS.obj (.text:mq_timedsend)
                  01010b8a    00000002     --HOLE-- [fill = 0]
                  01010b8c    00000058     drivers_cc32xx.aem4 : GPIOCC32XX.oem4 (.text:GPIO_write)
                  01010be4    00000058     driverlib.a : prcm.obj (.text:PRCMPeripheralReset)
                  01010c3c    00000058     drivers_cc32xx.aem4 : PowerCC32XX.oem4 (.text:Power_releaseDependency)
                  01010c94    00000058     slnetsock_release.a : slnetsock.oem4 (.text:SlNetSock_recv)
                  01010cec    00000058                         : slnetsock.oem4 (.text:SlNetSock_send)
                  01010d44    00000058     simplelink.a : sl_socket.obj (.text:_SlDrvClearCtrlSocket)
                  01010d9c    00000058     mqtt_release.a : client_core.oem4 (.text:clRecv)
                  01010df4    00000004     release_pem4.oem4 (.text:ti_sysbios_knl_Clock_delete)
                  01010df8    00000058     sysbios.aem4 : BIOS.obj (.text:pthread_mutex_init)
                  01010e50    00000058     mqtt_release.a : client_core.oem4 (.text:singleCtxKaSequence)
                  01010ea8    00000058     simplelink.a : sl_socket.obj (.text:sl_Listen)
                  01010f00    00000058                  : eventreg.obj (.text:sl_RegisterLibsEventHandler)
                  01010f58    00000058     sysbios.aem4 : BIOS.obj (.text:ti_sysbios_family_arm_cc32xx_Seconds_getCount__I)
                  01010fb0    00000056     mqtt_release.a : mqtt_common.oem4 (.text:MQTT_packetPubAppendData)
                  01011006    00000056     rtsv7M4_T_le_eabi.lib : _printfi.c.obj (.text:_pconv_f)
                  0101105c    00000056     mqtt_release.a : client_core.oem4 (.text:procAckMsgRx)
                  010110b2    00000002     --HOLE-- [fill = 0]
                  010110b4    00000054     uart_term.obj (.text:InitTerm)
                  01011108    00000054     mqtt_release.a : client_core.oem4 (.text:MQTTClientCore_deleteCtx)
                  0101115c    00000054                    : client_core.oem4 (.text:MQTTClientCore_sendDisconn)
                  010111b0    00000054     simplelink.a : driver.obj (.text:_SlDrvRxIrqHandler)
                  01011204    00000054     mqtt_release.a : client_core.oem4 (.text:grpNetSetupCreate)
                  01011258    00000054     rtsv7M4_T_le_eabi.lib : ltoa.c.obj (.text:ltoa)
                  010112ac    00000004     release_pem4.oem4 (.text:ti_sysbios_knl_Semaphore_delete)
                  010112b0    00000054     sysbios.aem4 : BIOS.obj (.text:mq_close)
                  01011304    00000004     release_pem4.oem4 (.text:ti_sysbios_knl_Task_delete)
                  01011308    00000054     sysbios.aem4 : BIOS.obj (.text:ti_sysbios_family_arm_cc32xx_Seconds_getTime__E)
                  0101135c    00000054     release_pem4.oem4 (.text:ti_sysbios_family_arm_m3_Hwi_create)
                  010113b0    00000054     sysbios.aem4 : BIOS.obj (.text:ti_sysbios_family_arm_m3_Timer_setPeriod__E)
                  01011404    00000054     release_pem4.oem4 (.text:ti_sysbios_knl_Mailbox_create)
                  01011458    00000054     sysbios.aem4 : BIOS.obj (.text:timer_gettime)
                  010114ac    00000052     drivers_cc32xx.aem4 : PowerCC32XX_asm.oem4 (.text:PowerCC32XX_resumeLPDS)
                  010114fe    00000052     rtsv7M4_T_le_eabi.lib : _printfi.c.obj (.text:_ecpy)
                  01011550    00000050     dpl_cc32xx.aem4 : ClockP_tirtos.oem4 (.text:ClockP_create)
                  010115a0    00000050     simplelink.a : cc_pal.obj (.text:NwpRegisterInterruptHandler)
                  010115f0    00000050     slnetsock_release.a : slnetif.oem4 (.text:SlNetIf_queryIf)
                  01011640    00000050     drivers_cc32xx.aem4 : UARTCC32XXDMA.oem4 (.text:UARTCC32XXDMA_writePolling)
                  01011690    00000050     simplelink.a : sl_socket.obj (.text:_SlDrvCloseCtrlSocket)
                  010116e0    00000050                  : driver.obj (.text:_SlDrvCmdSend_noWait)
                  01011730    00000050                  : driver.obj (.text:_SlDrvUpdateApiInProgress)
                  01011780    00000050                  : spawn.obj (.text:_SlInternalSpawnTaskEntry)
                  010117d0    00000050                  : eventreg.obj (.text:_SlNetAppHttpServerHdlr)
                  01011820    00000050                  : eventreg.obj (.text:_SlNetAppRequestHdlr)
                  01011870    00000050     mqtt_release.a : client_core.oem4 (.text:_procAckMsgRx)
                  010118c0    00000050     sysbios.aem4 : BIOS.obj (.text:ti_sysbios_family_arm_m3_Hwi_Module_startup__E)
                  01011910    00000050                  : BIOS.obj (.text:ti_sysbios_knl_Clock_Instance_init__E)
                  01011960    00000050     release_pem4.oem4 (.text:ti_sysbios_knl_Task_create)
                  010119b0    0000004e     mqtt_release.a : client_core.oem4 (.text:MQTTClientCore_registerWillInfo)
                  010119fe    0000004e     drivers_cc32xx.aem4 : UARTCC32XXDMA.oem4 (.text:writeCancel)
                  01011a4c    0000004c                         : GPIOCC32XX.oem4 (.text:GPIO_disableInt)
                  01011a98    0000004c                         : GPIOCC32XX.oem4 (.text:GPIO_enableInt)
                  01011ae4    0000004c     simplelink.a : cc_pal.obj (.text:NwpWaitForShutDownInd)
                  01011b30    0000004c     drivers_cc32xx.aem4 : PowerCC32XX.oem4 (.text:PowerCC32XX_parkPin)
                  01011b7c    0000004c     slnetifwifi.a : slnetifwifi.obj (.text:SlNetIfWifi_getConnectionStatus)
                  01011bc8    0000004c     slnetsock_release.a : slnetsock.oem4 (.text:SlNetSock_freeVirtualSocket)
                  01011c14    0000004c                         : slnetsock.oem4 (.text:SlNetSock_startSec)
                  01011c60    0000004c     mqtt_release.a : client_core.oem4 (.text:ack1WlMqpDispatch)
                  01011cac    0000004c     rtsv7M4_T_le_eabi.lib : atoi.c.obj (.text:atoi)
                  01011cf8    0000004c                           : cpy_tbl.c.obj (.text:copy_in)
                  01011d44    0000004c     mqtt_release.a : client_core.oem4 (.text:loopbTrigger)
                  01011d90    0000004c     drivers_cc32xx.aem4 : PowerCC32XX.oem4 (.text:restorePeriphClocks)
                  01011ddc    0000004c     mqtt_release.a : client_core.oem4 (.text:singleCtxRxPrep)
                  01011e28    0000004c     simplelink.a : wlan.obj (.text:sl_WlanSetMode)
                  01011e74    0000004c     sysbios.aem4 : m3_TaskSupport_asm.obj (.text:ti_sysbios_family_arm_m3_TaskSupport_buildTaskStack)
                  01011ec0    0000004c                  : BIOS.obj (.text:ti_sysbios_heaps_HeapMem_getStats__E)
                  01011f0c    00000004     release_pem4.oem4 (.text:xdc_runtime_System_Module_GateProxy_enter__E)
                  01011f10    0000004c     sysbios.aem4 : BIOS.obj (.text:ti_sysbios_knl_Swi_runLoop__I)
                  01011f5c    00000004     release_pem4.oem4 (.text:xdc_runtime_System_Module_GateProxy_leave__E)
                  01011f60    0000004c     sysbios.aem4 : BIOS.obj (.text:ti_sysbios_knl_Task_allBlockedFunction__I)
                  01011fac    00000004     --HOLE-- [fill = 0]
                  01011fb0    0000004c                  : BIOS.obj (.text:ti_sysbios_knl_Task_schedule__I)
                  01011ffc    0000004a     mqtt_release.a : client_core.oem4 (.text:clCtxRecv)
                  01012046    0000004a     drivers_cc32xx.aem4 : UARTCC32XXDMA.oem4 (.text:readCancel)
                  01012090    00000048     driverlib.a : flash.obj (.text:FlashDisable)
                  010120d8    00000048     mqtt_client_app.obj (.text:LedTimerConfigNStart)
                  01012120    00000048     mqtt_release.a : mqttclient.oem4 (.text:MQTTClient_set)
                  01012168    00000048     mqtt_client_app.obj (.text:MQTT_SendMsgToQueue)
                  010121b0    00000048     driverlib.a : prcm.obj (.text:PRCMLPDSEnter)
                  010121f8    00000048                 : prcm.obj (.text:PRCMPeripheralClkEnable)
                  01012240    00000048     drivers_cc32xx.aem4 : PowerCC32XX.oem4 (.text:Power_releaseConstraint)
                  01012288    00000048     slnetsock_release.a : slnetsock.oem4 (.text:SlNetSock_connect)
                  010122d0    00000048                         : slnetsock.oem4 (.text:SlNetSock_init)
                  01012318    00000048                         : slnetsock.oem4 (.text:SlNetSock_setOpt)
                  01012360    00000048     simplelink.a : eventreg.obj (.text:_SlDeviceFatalErrorEvtHdlr)
                  010123a8    00000048                  : eventreg.obj (.text:_SlDeviceGeneralEvtHdlr)
                  010123f0    00000048                  : driver.obj (.text:_SlDrvBasicCmd)
                  01012438    00000048                  : driver.obj (.text:_SlDrvSyncObjWaitTimeout)
                  01012480    00000048                  : eventreg.obj (.text:_SlNetAppEvtHdlr)
                  010124c8    00000048                  : eventreg.obj (.text:_SlNetAppRequestMemFree)
                  01012510    00000048                  : eventreg.obj (.text:_SlSockEvtHdlr)
                  01012558    00000048                  : eventreg.obj (.text:_SlWlanEvtHdlr)
                  010125a0    00000048     mqtt_release.a : client_core.oem4 (.text:bufUTF8WrTry)
                  010125e8    00000048                    : client_core.oem4 (.text:clCtxSetup)
                  01012630    00000048     rtsv7M4_T_le_eabi.lib : fd_toi_t2.asm.obj (.text)
                  01012678    00000048     sysbios.aem4 : BIOS.obj (.text:ti_sysbios_family_arm_m3_Hwi_disableInterrupt__E)
                  010126c0    00000048                  : BIOS.obj (.text:ti_sysbios_family_arm_m3_Hwi_enableInterrupt__E)
                  01012708    00000048                  : m3_Hwi_asm_switch.obj (.text:ti_sysbios_family_arm_m3_Hwi_initStacks__E)
                  01012750    00000048                  : BIOS.obj (.text:ti_sysbios_family_arm_m3_Timer_initDevice__I)
                  01012798    00000048                  : BIOS.obj (.text:ti_sysbios_knl_Mailbox_Module_startup__E)
                  010127e0    00000048     mqtt_release.a : client_core.oem4 (.text:wrConnectVh)
                  01012828    00000048     sysbios.aem4 : BIOS.obj (.text:xdc_runtime_Core_assignParams__I)
                  01012870    00000044     mqtt_release.a : client_core.oem4 (.text:MQTTClientCore_run)
                  010128b4    00000044                    : mqtt_net_func.oem4 (.text:MQTTNet_tcpRecv)
                  010128f8    00000044                    : mqttclient.oem4 (.text:MqttClientCtxDelete)
                  0101293c    00000044     driverlib.a : prcm.obj (.text:PRCMLPDSRestoreInfoSet)
                  01012980    00000044     drivers_cc32xx.aem4 : PowerCC32XX_asm.oem4 (.text:PowerCC32XX_enterLPDS)
                  010129c4    00000044                         : SPI.oem4 (.text:SPI_init)
                  01012a08    00000044     slnetsock_release.a : slnetutils.oem4 (.text:SlNetUtil_strTok)
                  01012a4c    00000044     drivers_cc32xx.aem4 : UART.oem4 (.text:UART_init)
                  01012a90    00000044     boot.aem4 : boot.oem4 (.text)
                  01012ad4    00000044     ti_net_config.obj (.text:ti_net_SlNet_initConfig)
                  01012b18    00000044     sysbios.aem4 : BIOS.obj (.text:ti_sysbios_family_arm_m3_Hwi_getStackInfo__E)
                  01012b5c    00000004     --HOLE-- [fill = 0]
                  01012b60    00000044                  : BIOS.obj (.text:ti_sysbios_knl_Mailbox_postInit__I)
                  01012ba4    00000004     --HOLE-- [fill = 0]
                  01012ba8    00000044                  : BIOS.obj (.text:ti_sysbios_knl_Swi_post__E)
                  01012bec    00000044     mqtt_release.a : client_core.oem4 (.text:vhMsgSend)
                  01012c30    00000044     sysbios.aem4 : BIOS.obj (.text:xdc_runtime_System_atexit__E)
                  01012c74    00000042     mqtt_release.a : mqtt_common.oem4 (.text:MQTT_packetBufRdRemlen)
                  01012cb6    00000040     simplelink.a : sl_socket.obj (.text:CountSetBits)
                  01012cf6    00000002     --HOLE-- [fill = 0]
                  01012cf8    00000040     dpl_cc32xx.aem4 : HwiP_tirtos.oem4 (.text:HwiP_create)
                  01012d38    00000040     network_if.obj (.text:InitializeAppVariables)
                  01012d78    00000040     mqtt_release.a : client_core.oem4 (.text:MQTTClientCore_registerCtxInfo)
                  01012db8    00000040     driverlib.a : pin.obj (.text:PinModeSet)
                  01012df8    00000040     drivers_cc32xx.aem4 : SPI.oem4 (.text:SPI_open)
                  01012e38    00000040     network_if.obj (.text:SimpleLinkGeneralEventHandler)
                  01012e78    00000040     slnetsock_release.a : slnetsock.oem4 (.text:SlNetSock_bind)
                  01012eb8    00000040                         : slnetsock.oem4 (.text:SlNetSock_secAttribSet)
                  01012ef8    00000040     drivers_cc32xx.aem4 : UART.oem4 (.text:UART_open)
                  01012f38    00000040                         : UDMACC32XX.oem4 (.text:UDMACC32XX_init)
                  01012f78    00000040     simplelink.a : driver.obj (.text:_SlDrvGlobalObjUnLock)
                  01012fb8    00000040                  : driver.obj (.text:_SlFindAndReleasePendingCmd)
                  01012ff8    00000040                  : spawn.obj (.text:_SlInternalSpawnWaitForEvent)
                  01013038    00000040                  : eventreg.obj (.text:_SlIsEventRegistered)
                  01013078    00000040     mqtt_release.a : mqttclient.oem4 (.text:_sl_ExtLib_ServerAckLockedWait)
                  010130b8    00000040     sysbios.aem4 : BIOS.obj (.text:mq_receive)
                  010130f8    00000040     mqtt_release.a : client_core.oem4 (.text:netConnect)
                  01013138    00000040     mqtt_client_app.obj (.text:pushButtonInterruptHandler2)
                  01013178    00000040     sysbios.aem4 : BIOS.obj (.text:ti_sysbios_heaps_HeapMem_Instance_init__E)
                  010131b8    00000040     rtsv7M4_T_le_eabi.lib : vsnprintf.c.obj (.text:vsnprintf)
                  010131f8    0000003e     mqtt_release.a : mqtt_common.oem4 (.text:MQTT_packetAckWlistRemove)
                  01013236    0000003e                    : mqtt_common.oem4 (.text:MQTT_packetBufTailWrRemlen)
                  01013274    0000003e     slnetsock_release.a : slnetsock.oem4 (.text:SlNetSock_close)
                  010132b2    0000003e     simplelink.a : sl_socket.obj (.text:_SlSocketBuildAddress)
                  010132f0    0000003e     rtsv7M4_T_le_eabi.lib : _printfi.c.obj (.text:_fcpy)
                  0101332e    0000003e     mqtt_release.a : client_core.oem4 (.text:clCtxSeg1Send)
                  0101336c    0000003e                    : client_core.oem4 (.text:procPingrspRx)
                  010133aa    0000003e     release_pem4.oem4 (.text:realloc)
                  010133e8    0000003e     sysbios.aem4 : BIOS.obj (.text:sem_timedwait)
                  01013426    00000002     --HOLE-- [fill = 0]
                  01013428    0000003c     mqtt_release.a : client_core.oem4 (.text:MQTTClientCore_registerBuffers)
                  01013464    0000003c                    : mqttclient.oem4 (.text:MQTTClient_disconnect)
                  010134a0    0000003c                    : mqtt_common.oem4 (.text:MQTT_qos2PubCqCheck)
                  010134dc    0000003c     network_if.obj (.text:Network_IF_DisconnectFromAP)
                  01013518    0000003c     drivers_cc32xx.aem4 : PowerCC32XX.oem4 (.text:Power_setConstraint)
                  01013554    0000003c     dpl_cc32xx.aem4 : SemaphoreP_tirtos.oem4 (.text:SemaphoreP_create)
                  01013590    0000003c     simplelink.a : netapp.obj (.text:_SlNetAppCopyPingResultsToReport)
                  010135cc    0000003c     mqtt_release.a : mqttclient.oem4 (.text:processDisconnCB)
                  01013608    0000003c     sysbios.aem4 : BIOS.obj (.text:pthread_mutex_unlock)
                  01013644    0000003c     mqtt_release.a : client_core.oem4 (.text:singleCtxRxPrepLocked)
                  01013680    0000003c     sysbios.aem4 : BIOS.obj (.text:sleep)
                  010136bc    0000003c     mqtt_release.a : client_core.oem4 (.text:tailIncorpMsgID)
                  010136f8    0000003c     sysbios.aem4 : BIOS.obj (.text:ti_sysbios_family_arm_m3_Hwi_Instance_finalize__E)
                  01013734    00000004     --HOLE-- [fill = 0]
                  01013738    0000003c                  : BIOS.obj (.text:ti_sysbios_family_arm_m3_Timer_setPeriodMicroSecs__E)
                  01013774    0000003c     release_pem4.oem4 (.text:ti_sysbios_knl_Clock_create)
                  010137b0    0000003c     sysbios.aem4 : BIOS.obj (.text:ti_sysbios_knl_Clock_walkQueuePeriodic__E)
                  010137ec    00000004     --HOLE-- [fill = 0]
                  010137f0    0000003c                  : BIOS.obj (.text:ti_sysbios_knl_Swi_restore__E)
                  0101382c    00000004     --HOLE-- [fill = 0]
                  01013830    0000003c                  : BIOS.obj (.text:timer_delete)
                  0101386c    0000003c     simplelink.a : sl_socket.obj (.text:to_mSec)
                  010138a8    0000003c     sysbios.aem4 : BIOS.obj (.text:usleep)
                  010138e4    00000004     --HOLE-- [fill = 0]
                  010138e8    0000003c                  : BIOS.obj (.text:xdc_runtime_System_processAtExit__E)
                  01013924    0000003a     slnetifwifi.a : slnetifwifi.obj (.text:SlNetIfWifi_getIPAddr)
                  0101395e    0000003a     dpl_cc32xx.aem4 : PowerCC32XX_tirtos.oem4 (.text:getCountsRTC)
                  01013998    0000003a     mqtt_release.a : mqtt_common.oem4 (.text:mqpProcVhMsgIdRx)
                  010139d2    00000002     --HOLE-- [fill = 0]
                  010139d4    00000038                    : client_core.oem4 (.text:MQTTClientCore_registerNetSvc)
                  01013a0c    00000038                    : mqtt_common.oem4 (.text:MQTT_qos2PubCqLogup)
                  01013a44    00000038     driverlib.a : prcm.obj (.text:PRCMLPDSEnterKeepDebugIf)
                  01013a7c    00000038     slnetifwifi.a : slnetifwifi.obj (.text:SlNetIfWifi_recvFrom)
                  01013ab4    00000038                   : slnetifwifi.obj (.text:SlNetIfWifi_sendTo)
                  01013aec    00000038                   : slnetifwifi.obj (.text:SlNetIfWifi_socket)
                  01013b24    00000038     slnetsock_release.a : slnetif.oem4 (.text:SlNetIf_configCheck)
                  01013b5c    00000038                         : slnetsock.oem4 (.text:SlNetSock_listen)
                  01013b94    00000038                         : slnetutils.oem4 (.text:SlNetUtil_htonl)
                  01013bcc    00000038     mqtt_release.a : client_core.oem4 (.text:mqpAllocAtomic)
                  01013c04    00000038                    : client_core.oem4 (.text:netRecv)
                  01013c3c    00000038     drivers_cc32xx.aem4 : PowerCC32XX.oem4 (.text:notify)
                  01013c74    00000038                         : UARTCC32XXDMA.oem4 (.text:startTxFifoEmptyClk)
                  01013cac    00000004     --HOLE-- [fill = 0]
                  01013cb0    00000038     sysbios.aem4 : BIOS.obj (.text:ti_sysbios_knl_Task_processVitalTaskFlag__I)
                  01013ce8    00000036     mqtt_release.a : mqtt_common.oem4 (.text:MQTT_packetPrepFh)
                  01013d1e    00000036     slnetifwifi.a : slnetifwifi.obj (.text:SlNetIfWifi_getHostByName)
                  01013d54    00000036                   : slnetifwifi.obj (.text:SlNetIfWifi_select)
                  01013d8a    00000036     mqtt_release.a : client_core.oem4 (.text:_procPubRecRx)
                  01013dc0    00000036     rtsv7M4_T_le_eabi.lib : strncpy.c.obj (.text:strncpy)
                  01013df6    00000002     --HOLE-- [fill = 0]
                  01013df8    00000034     driverlib.a : pin.obj (.text:PinModeGet)
                  01013e2c    00000034     drivers_cc32xx.aem4 : PowerCC32XX.oem4 (.text:PowerCC32XX_restoreParkState)
                  01013e60    00000034     slnetsock_release.a : slnetutils.oem4 (.text:SlNetUtil_htons)
                  01013e94    00000034     drivers_cc32xx.aem4 : UDMACC32XX.oem4 (.text:UDMACC32XX_close)
                  01013ec8    00000034     sysbios.aem4 : BIOS.obj (.text:_pthread_delete$41)
                  01013efc    00000034     mqtt_release.a : client_core.oem4 (.text:groupCtxsKaSequence)
                  01013f30    00000034                    : client_core.oem4 (.text:mqpFreeLocked)
                  01013f64    00000034                    : client_core.oem4 (.text:procLoopbackRecv)
                  01013f98    00000034     sysbios.aem4 : BIOS.obj (.text:ti_sysbios_family_arm_m3_Timer_periodicStub__I)
                  01013fcc    00000034     release_pem4.oem4 (.text:ti_sysbios_knl_Semaphore_create)
                  01014000    00000034     drivers_cc32xx.aem4 : UARTCC32XXDMA.oem4 (.text:writeFinishedDoCallback)
                  01014034    00000032     mqtt_release.a : mqtt_common.oem4 (.text:MQTT_clCtxTimeoutInsert)
                  01014066    00000032                    : client_core.oem4 (.text:connectedStateRx)
                  01014098    00000032     sysbios.aem4 : BIOS.obj (.text:ti_sysbios_hal_Hwi_initStack)
                  010140ca    00000030     drivers_cc32xx.aem4 : PowerCC32XX.oem4 (.text:PowerCC32XX_restoreParkedPin)
                  010140fa    00000030     simplelink.a : fs.obj (.text:_SlFsStrlen)
                  0101412a    00000030     rtsv7M4_T_le_eabi.lib : vsnprintf.c.obj (.text:_outs)
                  0101415a    00000030     mqtt_release.a : client_core.oem4 (.text:ack2MsgIdUnlog)
                  0101418a    00000002     --HOLE-- [fill = 0]
                  0101418c    00000030                    : client_core.oem4 (.text:clientDescInit)
                  010141bc    00000004     --HOLE-- [fill = 0]
                  010141c0    00000030     sysbios.aem4 : BIOS.obj (.text:findInList$40)
                  010141f0    00000030     mqtt_release.a : mqttclient.oem4 (.text:getAvailableClictxMem)
                  01014220    00000030     mqtt_client_app.obj (.text:printBorder)
                  01014250    00000030     release_pem4.oem4 (.text:ti_sysbios_BIOS_atExitFunc__I)
                  01014280    00000030     release_pem4.oem4 (.text:ti_sysbios_BIOS_startFunc__I)
                  010142b0    00000030     sysbios.aem4 : BIOS.obj (.text:ti_sysbios_family_arm_m3_TaskSupport_start__E)
                  010142e0    00000030     release_pem4.oem4 (.text:ti_sysbios_gates_GateHwi_Object__create__S)
                  01014310    00000030     release_pem4.oem4 (.text:ti_sysbios_gates_GateMutex_Object__create__S)
                  01014340    00000030     sysbios.aem4 : BIOS.obj (.text:ti_sysbios_gates_GateMutex_enter__E)
                  01014370    00000030     release_pem4.oem4 (.text:ti_sysbios_heaps_HeapMem_Object__create__S)
                  010143a0    00000030     release_pem4.oem4 (.text:ti_sysbios_knl_Clock_construct)
                  010143d0    00000030     release_pem4.oem4 (.text:ti_sysbios_knl_Semaphore_construct)
                  01014400    00000030     sysbios.aem4 : BIOS.obj (.text:ti_sysbios_knl_Semaphore_pendTimeout__I)
                  01014430    00000030                  : BIOS.obj (.text:ti_sysbios_knl_Task_restore__E)
                  01014460    00000030                  : BIOS.obj (.text:ti_sysbios_knl_Task_unblockI__E)
                  01014490    0000002e     simplelink.a : cc_pal.obj (.text:Mutex_create_handle)
                  010144be    0000002e     rtsv7M4_T_le_eabi.lib : i_tofd_t2.asm.obj (.text)
                  010144ec    0000002e     release_pem4.oem4 (.text:ti_sysbios_rts_MemAlloc_alloc)
                  0101451a    00000002     --HOLE-- [fill = 0]
                  0101451c    0000002c     drivers_cc32xx.aem4 : GPIOCC32XX.oem4 (.text:GPIO_clearInt)
                  01014548    0000002c     simplelink.a : cc_pal.obj (.text:NwpPowerOn)
                  01014574    0000002c     drivers_cc32xx.aem4 : PowerCC32XX.oem4 (.text:PowerCC32XX_getParkState)
                  010145a0    0000002c     dpl_cc32xx.aem4 : SemaphoreP_tirtos.oem4 (.text:SemaphoreP_createBinary)
                  010145cc    0000002c     slnetifwifi.a : slnetifwifi.obj (.text:SlNetIfWifi_recv)
                  010145f8    0000002c                   : slnetifwifi.obj (.text:SlNetIfWifi_send)
                  01014624    0000002c     mqtt_client_app.obj (.text:TimerPeriodicIntHandler)
                  01014650    0000002c     simplelink.a : driver.obj (.text:_SlDrvSyncObjWaitForever)
                  0101467c    00000004     --HOLE-- [fill = 0]
                  01014680    0000002c     sysbios.aem4 : BIOS.obj (.text:_pthread_cleanupFxn)
                  010146ac    00000004     --HOLE-- [fill = 0]
                  010146b0    0000002c                  : BIOS.obj (.text:clockFxn$39)
                  010146dc    0000002c     mqtt_release.a : client_core.oem4 (.text:doNetCloseRx)
                  01014708    0000002c     sysbios.aem4 : BIOS.obj (.text:getTime$20)
                  01014734    0000002c     mqtt_release.a : client_core.oem4 (.text:singleCtxAdjWaitSecsGet)
                  01014760    0000002c     rtsv7M4_T_le_eabi.lib : strncmp.c.obj (.text:strncmp)
                  0101478c    0000002c     release_pem4.oem4 (.text:ti_sysbios_gates_GateHwi_Handle__label__S)
                  010147b8    0000002c     release_pem4.oem4 (.text:ti_sysbios_gates_GateMutex_Handle__label__S)
                  010147e4    0000002c     release_pem4.oem4 (.text:ti_sysbios_heaps_HeapMem_Handle__label__S)
                  01014810    0000002c     release_pem4.oem4 (.text:ti_sysbios_knl_Clock_doTick__I)
                  0101483c    00000004     --HOLE-- [fill = 0]
                  01014840    0000002c     sysbios.aem4 : BIOS.obj (.text:ti_sysbios_knl_Clock_getTimeout__E)
                  0101486c    0000002c     release_pem4.oem4 (.text:ti_sysbios_knl_Queue_construct)
                  01014898    0000002a     slnetsock_release.a : slnetutils.oem4 (.text:SlNetUtil_inetPton)
                  010148c2    0000002a     drivers_cc32xx.aem4 : UARTCC32XXDMA.oem4 (.text:UARTCC32XXDMA_readCancel)
                  010148ec    0000002a                         : UARTCC32XXDMA.oem4 (.text:UARTCC32XXDMA_writeCancel)
                  01014916    0000002a     mqtt_release.a : client_core.oem4 (.text:ack2MsgIdDispatch)
                  01014940    0000002a     release_pem4.oem4 (.text:calloc)
                  0101496a    0000002a     mqtt_release.a : client_core.oem4 (.text:pingReqSend)
                  01014994    00000004     --HOLE-- [fill = 0]
                  01014998    0000002a     sysbios.aem4 : BIOS.obj (.text:sem_init)
                  010149c2    0000002a     mqtt_release.a : client_core.oem4 (.text:txPartSetup)
                  010149ec    00000028                    : mqtt_common.oem4 (.text:MQTT_packetBufWrUtf8)
                  01014a14    00000028     driverlib.a : prcm.obj (.text:PRCMPeripheralClkDisable)
                  01014a3c    00000028     dpl_cc32xx.aem4 : PowerCC32XX_tirtos.oem4 (.text:PowerCC32XX_initPolicy)
                  01014a64    00000028     drivers_cc32xx.aem4 : PowerCC32XX.oem4 (.text:Power_registerNotify)
                  01014a8c    00000028     slnetsock_release.a : slnetif.oem4 (.text:SlNetIf_getIfByID)
                  01014ab4    00000028                         : slnetsock.oem4 (.text:SlNetSock_sdsIsSet)
                  01014adc    00000028                         : slnetsock.oem4 (.text:SlNetSock_sdsSet)
                  01014b04    00000028                         : slnetsock.oem4 (.text:SlNetSock_secAttribDelete)
                  01014b2c    00000028     simplelink.a : driver.obj (.text:_SlDrvProtectionObjLockWaitForever)
                  01014b54    00000028                  : driver.obj (.text:_SlDrvProtectionObjUnLock)
                  01014b7c    00000028                  : flowcont.obj (.text:_SlFlowContSet)
                  01014ba4    00000028     mqtt_release.a : client_core.oem4 (.text:_procPubRelRx)
                  01014bcc    00000028                    : mqttclient.oem4 (.text:_sl_ExtLib_AwaitedAckLockedSet)
                  01014bf4    00000028     sysbios.aem4 : m3_Hwi_asm.obj (.text:ti_sysbios_family_arm_m3_Hwi_excHandlerAsm__I)
                  01014c1c    00000004     --HOLE-- [fill = 0]
                  01014c20    00000028                  : BIOS.obj (.text:ti_sysbios_knl_Clock_addI__E)
                  01014c48    00000028                  : BIOS.obj (.text:ti_sysbios_knl_Swi_Module_startup__E)
                  01014c70    00000026     drivers_cc32xx.aem4 : List.oem4 (.text:List_put)
                  01014c96    00000026                         : List.oem4 (.text:List_remove)
                  01014cbc    00000026     mqtt_release.a : mqtt_common.oem4 (.text:MQTT_clCtxRemove)
                  01014ce2    00000002     --HOLE-- [fill = 0]
                  01014ce4    00000024     drivers_cc32xx.aem4 : PowerCC32XX.oem4 (.text:PowerCC32XX_reset)
                  01014d08    00000024     slnetsock_release.a : slnetif.oem4 (.text:SlNetIf_getConnectionStatus)
                  01014d2c    00000024     simplelink.a : driver.obj (.text:_SlDrvIsApiInProgress)
                  01014d50    00000024                  : driver.obj (.text:_SlDrvStartMeasureTimeout)
                  01014d74    00000024     mqtt_release.a : client_core.oem4 (.text:conn2usedCtxs)
                  01014d98    00000024     rtsv7M4_T_le_eabi.lib : memmov.c.obj (.text:memmove)
                  01014dbc    00000004     --HOLE-- [fill = 0]
                  01014dc0    00000024     sysbios.aem4 : BIOS.obj (.text:pthread_attr_init)
                  01014de4    00000024     mqtt_release.a : client_core.oem4 (.text:recvHvecLoad)
                  01014e08    00000024     simplelink.a : wlan.obj (.text:sl_WlanDisconnect)
                  01014e2c    00000024     release_pem4.oem4 (.text:ti_sysbios_BIOS_registerRTSLock__I)
                  01014e50    00000024     release_pem4.oem4 (.text:ti_sysbios_BIOS_removeRTSLock__I)
                  01014e74    00000004     --HOLE-- [fill = 0]
                  01014e78    00000024     sysbios.aem4 : BIOS.obj (.text:ti_sysbios_family_arm_m3_Timer_postInit__I)
                  01014e9c    00000004     --HOLE-- [fill = 0]
                  01014ea0    00000024                  : BIOS.obj (.text:ti_sysbios_family_arm_m3_Timer_startup__E)
                  01014ec4    00000024     release_pem4.oem4 (.text:ti_sysbios_gates_GateMutex_Object__delete__S)
                  01014ee8    00000024     sysbios.aem4 : BIOS.obj (.text:ti_sysbios_knl_Clock_Module_startup__E)
                  01014f0c    00000024     release_pem4.oem4 (.text:ti_sysbios_knl_Clock_Object__delete__S)
                  01014f30    00000024     sysbios.aem4 : BIOS.obj (.text:ti_sysbios_knl_Clock_start__E)
                  01014f54    00000004     --HOLE-- [fill = 0]
                  01014f58    00000024                  : BIOS.obj (.text:ti_sysbios_knl_Semaphore_Instance_init__E)
                  01014f7c    00000024     release_pem4.oem4 (.text:ti_sysbios_knl_Semaphore_Object__delete__S)
                  01014fa0    00000024     sysbios.aem4 : BIOS.obj (.text:ti_sysbios_knl_Task_restoreHwi__E)
                  01014fc4    00000004     --HOLE-- [fill = 0]
                  01014fc8    00000024                  : BIOS.obj (.text:xdc_runtime_Error_policyMin__E)
                  01014fec    00000022     mqtt_release.a : mqtt_common.oem4 (.text:MQTT_packetProcMsgIdAckRx)
                  0101500e    00000020                    : mqtt_common.oem4 (.text:MQTT_qos2PubCqReset)
                  0101502e    00000002     --HOLE-- [fill = 0]
                  01015030    00000020     drivers_cc32xx.aem4 : PowerCC32XX.oem4 (.text:Power_unregisterNotify)
                  01015050    00000020     slnetifwifi.a : slnetifwifi.obj (.text:SlNetIfWifi_accept)
                  01015070    00000020     drivers_cc32xx.aem4 : SPICC32XXDMA.oem4 (.text:getPowerMgrId)
                  01015090    00000020                         : UARTCC32XXDMA.oem4 (.text:getPowerMgrId)
                  010150b0    00000020     sysbios.aem4 : BIOS.obj (.text:sem_trywait)
                  010150d0    00000020     mqtt_release.a : client_core.oem4 (.text:session311fix)
                  010150f0    00000020     release_pem4.oem4 (.text:ti_sysbios_BIOS_rtsLock__I)
                  01015110    00000020     release_pem4.oem4 (.text:ti_sysbios_family_arm_m3_Hwi_Object__delete__S)
                  01015130    00000020     sysbios.aem4 : BIOS.obj (.text:ti_sysbios_family_arm_m3_Hwi_clearInterrupt__E)
                  01015150    00000020     release_pem4.oem4 (.text:ti_sysbios_gates_GateHwi_Object__delete__S)
                  01015170    00000020     release_pem4.oem4 (.text:ti_sysbios_heaps_HeapMem_Object__delete__S)
                  01015190    00000020     release_pem4.oem4 (.text:ti_sysbios_knl_Clock_destruct)
                  010151b0    00000020     sysbios.aem4 : BIOS.obj (.text:ti_sysbios_knl_Idle_run__E)
                  010151d0    00000020     release_pem4.oem4 (.text:ti_sysbios_knl_Semaphore_destruct)
                  010151f0    00000020     release_pem4.oem4 (.text:ti_sysbios_knl_Task_Object__delete__S)
                  01015210    0000001e     mqtt_release.a : client_core.oem4 (.text:MQTTClientCore_alloc)
                  0101522e    0000001e                    : client_core.oem4 (.text:MQTTClientCore_ctxRun)
                  0101524c    0000001e     slnetifwifi.a : slnetifwifi.obj (.text:SlNetIfWifi_bind)
                  0101526a    0000001e                   : slnetifwifi.obj (.text:SlNetIfWifi_connect)
                  01015288    0000001e     simplelink.a : driver.obj (.text:_SlDrvObjLockWaitForever)
                  010152a6    0000001e                  : driver.obj (.text:_SlDrvObjUnLock)
                  010152c4    0000001e                  : driver.obj (.text:_SlDrvSyncObjSignal)
                  010152e2    0000001e     drivers_cc32xx.aem4 : UDMACC32XX.oem4 (.text:postNotifyFxn)
                  01015300    0000001e     mqtt_release.a : client_core.oem4 (.text:procNetDataRecv)
                  0101531e    0000001e                    : client_core.oem4 (.text:sessionDelete)
                  0101533c    0000001e     sysbios.aem4 : m3_Hwi_asm_switch.obj (.text:ti_sysbios_family_xxx_Hwi_switchAndRunFunc)
                  0101535a    00000002     --HOLE-- [fill = 0]
                  0101535c    0000001c     uart_term.obj (.text:Message)
                  01015378    0000001c     driverlib.a : pin.obj (.text:PinToPadGet)
                  01015394    0000001c     simplelink.a : device.obj (.text:_SlDeviceGetStartResponseConvert)
                  010153b0    0000001c                  : spawn.obj (.text:_SlInternalIsItSpawnThread)
                  010153cc    0000001c     mqtt_release.a : client_core.oem4 (.text:awaitsPkts)
                  010153e8    0000001c                    : client_core.oem4 (.text:doNetCloseTx)
                  01015404    0000001c     rtsv7M4_T_le_eabi.lib : memccpy.c.obj (.text:memccpy)
                  01015420    0000001c     mqtt_release.a : client_core.oem4 (.text:processRecv)
                  0101543c    00000004     --HOLE-- [fill = 0]
                  01015440    0000001c     sysbios.aem4 : BIOS.obj (.text:ti_sysbios_family_arm_m3_Hwi_excHandler__I)
                  0101545c    00000004     --HOLE-- [fill = 0]
                  01015460    0000001c                  : BIOS.obj (.text:ti_sysbios_family_arm_m3_Timer_Module_startup__E)
                  0101547c    00000004     --HOLE-- [fill = 0]
                  01015480    0000001c                  : BIOS.obj (.text:ti_sysbios_family_arm_m3_Timer_stop__E)
                  0101549c    00000004     --HOLE-- [fill = 0]
                  010154a0    0000001c                  : BIOS.obj (.text:ti_sysbios_gates_GateMutex_Instance_init__E)
                  010154bc    00000004     --HOLE-- [fill = 0]
                  010154c0    0000001c                  : BIOS.obj (.text:ti_sysbios_knl_Clock_Instance_finalize__E)
                  010154dc    0000001c     release_pem4.oem4 (.text:ti_sysbios_knl_Queue_destruct)
                  010154f8    0000001c     sysbios.aem4 : BIOS.obj (.text:ti_sysbios_knl_Queue_get__E)
                  01015514    00000004     --HOLE-- [fill = 0]
                  01015518    0000001c                  : BIOS.obj (.text:ti_sysbios_knl_Queue_put__E)
                  01015534    00000004     --HOLE-- [fill = 0]
                  01015538    0000001c                  : BIOS.obj (.text:ti_sysbios_knl_Task_enter__I)
                  01015554    00000004     --HOLE-- [fill = 0]
                  01015558    0000001c                  : BIOS.obj (.text:ti_sysbios_rts_ti_ReentSupport_getReent__F)
                  01015574    00000004     --HOLE-- [fill = 0]
                  01015578    0000001c                  : BIOS.obj (.text:timerThreadFxn$51)
                  01015594    0000001c     mqtt_release.a : client_core.oem4 (.text:usedCtxsTOSort)
                  010155b0    0000001a                    : mqtt_common.oem4 (.text:MQTT_packetAckWlistPurge)
                  010155ca    0000001a     slnetifwifi.a : slnetifwifi.obj (.text:SlNetIfWifi_listen)
                  010155e4    0000001a     release_pem4.oem4 (.text:free)
                  010155fe    0000001a     sysbios.aem4 : m3_Hwi_asm.obj (.text:ti_sysbios_family_arm_m3_Hwi_pendSV__I)
                  01015618    00000018     mqtt_release.a : mqtt_common.oem4 (.text:MQTT_clCtxTimeoutUpdate)
                  01015630    00000018     drivers_cc32xx.aem4 : PowerCC32XX.oem4 (.text:Power_idleFunc)
                  01015648    00000018     driverlib.a : uart.obj (.text:UARTBusy)
                  01015660    00000018     drivers_cc32xx.aem4 : UART.oem4 (.text:UART_Params_init)
                  01015678    00000018     rtsv7M4_T_le_eabi.lib : args_main.c.obj (.text:_args_main)
                  01015690    00000018                           : vsnprintf.c.obj (.text:_outc)
                  010156a8    00000018     mqtt_release.a : client_core.oem4 (.text:groupCtxsAdjWaitSecsGet)
                  010156c0    00000018                    : client_core.oem4 (.text:netClCtxFind)
                  010156d8    00000018     uart_term.obj (.text:putch)
                  010156f0    00000018     rtsv7M4_T_le_eabi.lib : ll_mul_t2.asm.obj (.text)
                  01015708    00000018                           : strcmp.c.obj (.text:strcmp)
                  01015720    00000018     release_pem4.oem4 (.text:ti_sysbios_BIOS_rtsUnlock__I)
                  01015738    00000018     release_pem4.oem4 (.text:ti_sysbios_family_arm_m3_Hwi_Module__startupDone__F)
                  01015750    00000018     release_pem4.oem4 (.text:ti_sysbios_family_arm_m3_Timer_Module__startupDone__F)
                  01015768    00000018     sysbios.aem4 : BIOS.obj (.text:ti_sysbios_gates_GateMutex_leave__E)
                  01015780    00000018                  : BIOS.obj (.text:ti_sysbios_knl_Task_sleepTimeout__I)
                  01015798    00000018     release_pem4.oem4 (.text:ti_sysbios_rts_ti_ReentSupport_getTlsAddr__I)
                  010157b0    00000018     sysbios.aem4 : BIOS.obj (.text:xdc_runtime_Error_init__E)
                  010157c8    00000018                  : BIOS.obj (.text:xdc_runtime_System_exit__E)
                  010157e0    00000016     mqtt_release.a : mqtt_net_func.oem4 (.text:MQTTNet_commClose)
                  010157f6    00000016                    : mqtt_common.oem4 (.text:MQTT_clCtxReset)
                  0101580c    00000016                    : mqtt_common.oem4 (.text:MQTT_packetFree)
                  01015822    00000016                    : mqtt_common.oem4 (.text:MQTT_packetInit)
                  01015838    00000016     driverlib.a : prcm.obj (.text:PRCMHIBRegRead)
                  0101584e    00000016                 : prcm.obj (.text:PRCMHIBRegWrite)
                  01015864    00000016     simplelink.a : driver.obj (.text:_SlDrvMemZero)
                  0101587a    00000006     drivers_cc32xx.aem4 : SPICC32XXDMA.oem4 (.text:SPICC32XXDMA_control)
                  01015880    00000016     sysbios.aem4 : BIOS.obj (.text:pthread_mutex_destroy)
                  01015896    00000016     rtsv7M4_T_le_eabi.lib : strchr.c.obj (.text:strchr)
                  010158ac    00000016     release_pem4.oem4 (.text:ti_sysbios_BIOS_exitFunc__I)
                  010158c2    00000006     driverlib.a : utils.obj (.text:UtilsDelay)
                  010158c8    00000016     sysbios.aem4 : BIOS.obj (.text:timerFxn$51)
                  010158de    00000014     mqtt_release.a : mqttclient.oem4 (.text:MQTTClient_publish)
                  010158f2    00000014                    : mqtt_net_func.oem4 (.text:MQTTNet_rtcSecs)
                  01015906    00000014                    : mqtt_common.oem4 (.text:MQTT_packetAckWlistAppend)
                  0101591a    00000014                    : mqtt_common.oem4 (.text:MQTT_packetReset)
                  0101592e    00000002     --HOLE-- [fill = 0]
                  01015930    00000014     drivers_cc32xx.aem4 : PowerCC32XX.oem4 (.text:Power_getDependencyCount)
                  01015944    00000014                         : SPI.oem4 (.text:SPI_Params_init)
                  01015958    00000014     slnetsock_release.a : slnetsock.oem4 (.text:SlNetSock_sdsClrAll)
                  0101596c    00000014     mqtt_release.a : client_core.oem4 (.text:ack1WlRmfree)
                  01015980    00000014     sysbios.aem4 : BIOS.obj (.text:pthread_attr_setschedparam)
                  01015994    00000014     rtsv7M4_T_le_eabi.lib : strcpy.c.obj (.text:strcpy)
                  010159a8    00000014                           : strlen.c.obj (.text:strlen)
                  010159bc    00000014     release_pem4.oem4 (.text:ti_sysbios_family_arm_m3_Hwi_Object__get__S)
                  010159d0    00000014     sysbios.aem4 : BIOS.obj (.text:ti_sysbios_family_arm_m3_Hwi_switchFromBootStack__E)
                  010159e4    00000014     release_pem4.oem4 (.text:ti_sysbios_heaps_HeapMem_Object__get__S)
                  010159f8    00000014     sysbios.aem4 : BIOS.obj (.text:ti_sysbios_knl_Clock_tickReconfig__E)
                  01015a0c    00000014     release_pem4.oem4 (.text:ti_sysbios_knl_Swi_Object__get__S)
                  01015a20    00000014     mqtt_release.a : client_core.oem4 (.text:txPartBufP)
                  01015a34    00000014                    : client_core.oem4 (.text:txPartReset)
                  01015a48    00000012     dpl_cc32xx.aem4 : SemaphoreP_tirtos.oem4 (.text:SemaphoreP_pend)
                  01015a5a    00000012     slnetifwifi.a : slnetifwifi.obj (.text:SlNetIfWifi_close)
                  01015a6c    00000004     --HOLE-- [fill = 0]
                  01015a70    00000012     sysbios.aem4 : BIOS.obj (.text:_pthread_runStub$41)
                  01015a82    00000012     mqtt_release.a : client_core.oem4 (.text:mqpDoNotReportCor)
                  01015a94    00000012                    : client_core.oem4 (.text:sessionResume)
                  01015aa6    00000002     --HOLE-- [fill = 0]
                  01015aa8    00000012     sysbios.aem4 : BIOS.obj (.text:ti_sysbios_hal_Hwi_Module_startup__E)
                  01015aba    00000012     rtsv7M4_T_le_eabi.lib : wcslen.c.obj (.text:wcslen)
                  01015acc    00000012     release_pem4.oem4 (.text:xdc_runtime_Startup_exec__I)
                  01015ade    00000010     ti_drivers_config.obj (.text:Board_init)
                  01015aee    00000010     dpl_cc32xx.aem4 : HwiP_tirtos.oem4 (.text:HwiP_Params_init)
                  01015afe    00000002     --HOLE-- [fill = 0]
                  01015b00    00000010     mqtt_client_app.obj (.text:LedTimerDeinitStop)
                  01015b10    00000010     mqtt_release.a : client_core.oem4 (.text:MQTTClientCore_sendUnsubMsg)
                  01015b20    00000010     slnetsock_release.a : slnetsock.oem4 (.text:SlNetSock_secAttribCreate)
                  01015b30    00000010     simplelink.a : driver.obj (.text:_SlDrvDispatchHttpServerEvents)
                  01015b40    00000010                  : driver.obj (.text:_SlDrvDispatchNetAppRequestEvents)
                  01015b50    00000010                  : driver.obj (.text:_SlDrvIsSpawnOwnGlobalLock)
                  01015b60    00000010     mqtt_release.a : client_core.oem4 (.text:clCtxFreeup)
                  01015b70    00000010     ti_drivers_config.obj (.text:dmaErrorFxn)
                  01015b80    00000010     mqtt_release.a : client_core.oem4 (.text:isConnected)
                  01015b90    00000010                    : client_core.oem4 (.text:isValidUTF8String)
                  01015ba0    00000010                    : client_core.oem4 (.text:mqpFree)
                  01015bb0    00000010     sysbios.aem4 : BIOS.obj (.text:pthread_mutexattr_init)
                  01015bc0    00000010                  : BIOS.obj (.text:pthread_mutexattr_settype)
                  01015bd0    00000010                  : BIOS.obj (.text:ti_sysbios_BIOS_getCpuFreq__E)
                  01015be0    00000010                  : BIOS.obj (.text:ti_sysbios_BIOS_setThreadType__E)
                  01015bf0    00000010                  : BIOS.obj (.text:ti_sysbios_BIOS_start__E)
                  01015c00    00000010                  : m3_TaskSupport_asm.obj (.text:ti_sysbios_family_arm_m3_TaskSupport_glue)
                  01015c10    00000010                  : m3_TaskSupport_asm.obj (.text:ti_sysbios_family_arm_m3_TaskSupport_swap__E)
                  01015c20    00000010                  : BIOS.obj (.text:ti_sysbios_gates_GateMutex_Instance_finalize__E)
                  01015c30    00000010     release_pem4.oem4 (.text:ti_sysbios_knl_Mailbox_Object__get__S)
                  01015c40    00000010     sysbios.aem4 : BIOS.obj (.text:ti_sysbios_knl_Semaphore_Instance_finalize__E)
                  01015c50    00000010                  : BIOS.obj (.text:ti_sysbios_knl_Swi_disable__E)
                  01015c60    00000010     release_pem4.oem4 (.text:ti_sysbios_knl_Task_Object__get__S)
                  01015c70    00000010     sysbios.aem4 : BIOS.obj (.text:ti_sysbios_knl_Task_disable__E)
                  01015c80    00000010                  : BIOS.obj (.text:xdc_runtime_Memory_free__E)
                  01015c90    00000010                  : BIOS.obj (.text:xdc_runtime_SysCallback_abort__E)
                  01015ca0    00000010                  : BIOS.obj (.text:xdc_runtime_SysCallback_exit__E)
                  01015cb0    0000000e     mqtt_release.a : mqttclient.oem4 (.text:MQTTClient_subscribe)
                  01015cbe    0000000e                    : mqttclient.oem4 (.text:MQTTClient_unsubscribe)
                  01015ccc    0000000e     simplelink.a : driver.obj (.text:_SlDrvResetCmdExt)
[...]
01016041  HwiP_restore                                                    
01016041  ti_sysbios_family_arm_m3_Hwi_restoreFxn__E                      
01016041  ti_sysbios_hal_Hwi_HwiProxy_restore__E                          
01016049  ti_sysbios_gates_GateHwi_leave__E                               
01016051  ti_sysbios_heaps_HeapMem_isBlocking__E                          
01016059  ti_sysbios_knl_Clock_stop__E                                    
01016061  ti_sysbios_knl_Queue_Instance_init__E                           
01016069  ti_sysbios_knl_Swi_startup__E                                   
01016071  xdc_runtime_System_Module_startup__E                            
01016079  __aeabi_errno_addr                                              
01016081  ti_sysbios_family_arm_m3_Timer_getMaxTicks__E                   
01016089  ti_sysbios_gates_GateHwi_query__E                               
01016089  xdc_runtime_Main_Module_GateProxy_query__E                      
01016089  xdc_runtime_System_Module_GateProxy_query__E                    
01016091  ti_sysbios_BIOS_RtsGateProxy_query__E                           
01016091  ti_sysbios_gates_GateMutex_query__E                             
01016091  ti_sysbios_heaps_HeapMem_Module_GateProxy_query__E              
01016099  ti_sysbios_knl_Clock_setTimeout__E                              
010160a1  ti_sysbios_knl_Task_startup__E                                  
010160a9  ti_sysbios_BIOS_linkedWithIncorrectBootLibrary__E               
010160b1  ti_sysbios_gates_GateHwi_Instance_init__E                       
010160b9  ti_sysbios_knl_Clock_logTick__E                                 
010160c1  xdc_runtime_SysCallback_defaultAbort                            
010160c9  xdc_runtime_SysCallback_defaultExit                             
010160d1  xdc_runtime_System_abortSpin__E                                 
010160d9  xdc_runtime_System_exitSpin__E                                  
010160dc  _ctypes_                                                        
01016474  spiCC32XXDMAHWAttrs                                             
010164ec  OpcodeTranslateTable                                            
0101655c  _SlActionLookupTable                                            
010165ac  PowerCC32XX_config                                              
010165ec  ti_sysbios_knl_Task_Object__PARAMS__C                           
01016628  ti_sysbios_knl_Mailbox_Object__PARAMS__C                        
0101665c  ti_sysbios_family_arm_m3_Hwi_Object__PARAMS__C                  
0101668c  UARTCC32XXDMA_fxnTable                                          
010166b4  ti_sysbios_heaps_HeapMem_Module__FXNS__C                        
010166dc  UART_defaultParams                                              
01016700  ti_sysbios_gates_GateHwi_Module__FXNS__C                        
01016724  ti_sysbios_gates_GateMutex_Module__FXNS__C                      
01016748  ti_sysbios_heaps_HeapMem_Object__PARAMS__C                      
0101676c  ti_sysbios_knl_Clock_Object__PARAMS__C                          
01016790  ti_sysbios_knl_Semaphore_Object__PARAMS__C                      
0101681c  SPI_defaultParams                                               
0101685c  ti_sysbios_family_arm_m3_Hwi_Object__DESC__C                    
0101687c  ti_sysbios_gates_GateHwi_Object__DESC__C                        
0101689c  ti_sysbios_gates_GateMutex_Object__DESC__C                      
010168bc  ti_sysbios_heaps_HeapMem_Object__DESC__C                        
010168dc  ti_sysbios_knl_Clock_Object__DESC__C                            
010168fc  ti_sysbios_knl_Mailbox_Object__DESC__C                          
0101691c  ti_sysbios_knl_Queue_Object__DESC__C                            
0101693c  ti_sysbios_knl_Semaphore_Object__DESC__C                        
0101695c  ti_sysbios_knl_Task_Object__DESC__C                             
0101697c  xdc_runtime_Startup_sfxnTab__A                                  
0101699c  SPICC32XXDMA_fxnTable                                           
010169b4  SPI_config                                                      
010169cc  ti_sysbios_gates_GateHwi_Object__PARAMS__C                      
010169e4  ti_sysbios_gates_GateMutex_Object__PARAMS__C                    
010169fc  ti_sysbios_knl_Queue_Object__PARAMS__C                          
01016a14  ti_sysbios_knl_Task_hooks__A                                    
01016afc  GPIOCC32XX_config                                               
01016bd0  xdc_runtime_Startup_sfxnRts__A                                  
01016be0  UART_config                                                     
01016c10  udmaCC3220SHWAttrs                                              
01016c1c  xdc_runtime_Startup_firstFxns__A                                
01016c30  UDMACC32XX_config                                               
01016c50  outPinTypes                                                     
01016c58  heap0                                                           
01016c5c  tiposix_mqGate                                                  
01016c68  ti_sysbios_knl_Idle_funcList__A                                 
01016c70  ti_sysbios_knl_Idle_funcList__C                                 
01016c78  ti_sysbios_knl_Task_hooks__C                                    
01016c80  xdc_runtime_Startup_firstFxns__C                                
01016c88  xdc_runtime_Startup_lastFxns__C                                 
01016c96  inPinTypes                                                      
01016c9c  outPinStrengths                                                 
01016ca2  Display_count                                                   
01016ca3  CryptoCC32XX_count                                              
01016ca4  SPI_count                                                       
01016ca5  Timer_count                                                     
01016ca6  UART_count                                                      
01016ca7  Watchdog_count                                                  
01016cad  ti_sysbios_knl_Clock_tickMode__C                                
01016ce6  _SlNetAppSendResponseCmdCtrl                                    
01016cea  _SlNetAppSendTokenValueCmdCtrl                                  
01016d1a  ti_sysbios_family_arm_m3_Hwi_Module__id__C                      
01016d1c  ti_sysbios_family_arm_m3_Hwi_E_alreadyDefined__C                
01016d20  ti_sysbios_family_arm_m3_Hwi_E_badIntNum__C                     
01016d24  ti_sysbios_family_arm_m3_Hwi_NUM_INTERRUPTS__C                  
01016d28  ti_sysbios_family_arm_m3_Hwi_Object__count__C                   
01016d2c  ti_sysbios_family_arm_m3_Hwi_ccr__C                             
01016d30  ti_sysbios_family_arm_m3_Hwi_excHandlerFunc__C                  
01016d34  ti_sysbios_family_arm_m3_Hwi_nullIsrFunc__C                     
01016d38  ti_sysbios_family_arm_m3_Hwi_priGroup__C                        
01016d3c  ti_sysbios_family_arm_m3_Hwi_swiDisable__C                      
01016d40  ti_sysbios_family_arm_m3_Hwi_swiRestore__C                      
01016d44  ti_sysbios_family_arm_m3_TaskSupport_stackAlignment__C          
01016d48  ti_sysbios_family_arm_m3_Timer_E_cannotSupport__C               
01016d4c  ti_sysbios_family_arm_m3_Timer_startupNeeded__C                 
01016d50  ti_sysbios_gates_GateMutex_Instance_State_sem__O                
01016d54  ti_sysbios_heaps_HeapMem_E_memory__C                            
01016d58  ti_sysbios_heaps_HeapMem_Module__gateObj__C                     
01016d5c  ti_sysbios_heaps_HeapMem_Object__count__C                       
01016d60  ti_sysbios_heaps_HeapMem_primaryHeapBaseAddr__C                 
01016d64  ti_sysbios_heaps_HeapMem_primaryHeapEndAddr__C                  
01016d68  ti_sysbios_heaps_HeapMem_reqAlign__C                            
01016d6c  ti_sysbios_knl_Clock_Module_State_clockQ__O                     
01016d70  ti_sysbios_knl_Clock_tickPeriod__C                              
01016d74  ti_sysbios_knl_Mailbox_Instance_State_dataQue__O                
01016d78  ti_sysbios_knl_Mailbox_Instance_State_dataSem__O                
01016d7c  ti_sysbios_knl_Mailbox_Instance_State_freeQue__O                
01016d80  ti_sysbios_knl_Mailbox_Instance_State_freeSem__O                
01016d84  ti_sysbios_knl_Mailbox_Object__count__C                         
01016d88  ti_sysbios_knl_Mailbox_maxTypeAlign__C                          
01016d8c  ti_sysbios_knl_Semaphore_Instance_State_pendQ__O                
01016d90  ti_sysbios_knl_Swi_Object__count__C                             
01016d94  ti_sysbios_knl_Task_Module_State_inactiveQ__O                   
01016d98  ti_sysbios_knl_Task_Object__count__C                            
01016d9c  ti_sysbios_knl_Task_Object__heap__C                             
01016da0  ti_sysbios_knl_Task_allBlockedFunc__C                           
01016da4  ti_sysbios_knl_Task_defaultStackHeap__C                         
01016da8  ti_sysbios_knl_Task_defaultStackSize__C                         
01016dac  ti_sysbios_knl_Task_numConstructedTasks__C                      
01016db0  xdc_runtime_Error_E_memory__C                                   
01016db4  xdc_runtime_Error_policyFxn__C                                  
01016db8  xdc_runtime_IGateProvider_Interface__BASE__C                    
01016dbc  xdc_runtime_IHeap_Interface__BASE__C                            
01016dc0  xdc_runtime_IModule_Interface__BASE__C                          
01016dc4  xdc_runtime_Memory_defaultHeapInstance__C                       
01016dc8  xdc_runtime_Startup_execImpl__C                                 
01016dcc  xdc_runtime_Startup_maxPasses__C                                
01016dd0  xdc_runtime_Startup_sfxnRts__C                                  
01016dd4  xdc_runtime_Startup_sfxnTab__C                                  
01016dd8  xdc_runtime_SysCallback_abortFxn__C                             
01016ddc  xdc_runtime_SysCallback_exitFxn__C                              
01016de0  xdc_runtime_System_Module__gateObj__C                           
01016de4  xdc_runtime_System_abortFxn__C                                  
01016de8  xdc_runtime_System_exitFxn__C                                   
01016dec  xdc_runtime_System_maxAtexitHandlers__C                         
01016df0  ti_sysbios_family_arm_m3_Timer_Module__id__C                    
01016df2  ti_sysbios_heaps_HeapMem_Module__id__C                          
01016df4  xdc_runtime_Memory_Module__id__C                                
01016df6  ti_sysbios_knl_Clock_tickSource__C                              
01016df7  xdc_runtime_Error_policy__C                                     
01016df8  __TI_static_base__                                              
01017128  __TI_Handler_Table_Base                                         
01017134  __TI_Handler_Table_Limit                                        
01017140  __TI_CINIT_Base                                                 
01017150  __TI_CINIT_Limit                                                
20000000  ti_sysbios_family_arm_m3_Hwi_ramVectors                         
20000310  __primary_heap_start__                                          
20008310  __primary_heap_end__                                            
20009000  g_CB                                                            
200093fc  ti_sysbios_family_arm_m3_Hwi_dispatchTable                      
20009708  clients                                                         
200099b8  ti_sysbios_knl_Task_Instance_State_0_stack__A                   
20009bb8  PowerCC32XX_contextSave                                         
20009db4  spiCC32XXDMAObjects                                             
20009ebc  uartCC32XXObjects0                                              
20009f70  GlobalLockObj                                                   
20009f9c  g_SlInternalSpawnCB                                             
20009fc4  g_ucConnectionSSID                                              
2000a064  MQTTClient_Lib_CB                                               
2000a074  DeviceCB                                                        
2000a080  MqttClientExmple_params                                         
2000a08c  Msg                                                             
2000a098  g_ucConnectionBSSID                                             
2000a0a0  spiCC32XXSDMAscratchBuf                                         
2000a0a8  udmaCC3220SObject                                               
2000a0bc  ClockP_tickPeriod                                               
2000a0c0  g_PBQueue                                                       
2000a0c4  g_timer                                                         
2000a0c8  ti_sysbios_knl_Task_Instance_State_0_hookEnv__A                 
2000a0cc  MQTTClient_waitSecs                                             
2000a0ce  g_usConnectIndex                                                
2000a0d0  g_usTimerInts                                                   
2000a0d2  RxIrqCnt                                                        
2000a0d4  PowerCC32XX_module                                              
2000a240  parkInfo                                                        
2000a3c0  ti_sysbios_knl_Swi_Module_State_0_readyQ__A                     
2000a440  ti_sysbios_knl_Task_Module_State_0_readyQ__A                    
2000a4c0  SlNetIfConfigWifi                                               
2000a518  ti_sysbios_gates_GateMutex_Object__table__V                     
2000a56c  ti_sysbios_knl_Task_Object__table__V                            
2000a5b8  ti_sysbios_knl_Task_Module__state__V                            
2000a631  lineBreak                                                       
2000a634  ti_sysbios_family_arm_m3_Hwi_Module__state__V                   
2000a668  gApConnectionState                                              
2000a66c  gInitState                                                      
2000a670  memPtrCounterfree                                               
2000a674  gResetApplication                                               
2000a678  g_rx_task_hndl                                                  
2000a67c  gUiConnFlag                                                     
2000a680  ClientUsername                                                  
2000a684  ClientPassword                                                  
2000a688  publish_topic                                                   
2000a68c  publish_data                                                    
2000a690  mqttThread                                                      
2000a694  appThread                                                       
2000a698  ti_sysbios_family_arm_m3_Timer_Object__table__V                 
2000a6c8  ti_sysbios_knl_Swi_Object__table__V                             
2000a6f8  ti_sysbios_knl_Clock_Module__state__V                           
2000a724  MQTTClient_net                                                  
2000a74c  g_LibsEvents                                                    
2000a770  g_UserEvents                                                    
2000a794  ti_sysbios_BIOS_Module__state__V                                
2000a7b8  gpioCallbackFunctions                                           
2000a7d8  gpioPinConfigs                                                  
2000a7f8  xdc_runtime_Error_IgnoreBlock                                   
2000a818  ti_sysbios_knl_Swi_Module__state__V                             
2000a834  Mqtt_ClientCtx                                                  
2000a84c  ti_sysbios_family_arm_m3_Hwi_Object__table__V                   
2000a864  ti_sysbios_heaps_HeapMem_Object__table__V                       
2000a87c  ti_sysbios_family_arm_cc32xx_Seconds_Module__state__V           
2000a88c  topic                                                           
2000a89c  ClientId                                                        
2000a8aa  ti_sysbios_family_arm_m3_Hwi_Module_State_0_excActive__A        
2000a8ac  SecurityParams                                                  
2000a8b8  g_ulStaIp                                                       
2000a8bc  g_ulGatewayIP                                                   
2000a8c0  g_ulStatus                                                      
2000a8c4  gGlobalLockCntRequested                                         
2000a8c5  gGlobalLockCntReleased                                          
2000a8c6  g_SlDeviceStatus                                                
2000a8c8  g_pCB                                                           
2000a8cc  pPingCallBackFunc                                               
2000a8d0  ti_sysbios_family_arm_m3_Timer_Module__state__V                 
2000a8dc  will_param                                                      
2000a900  MQTTClient_closeContext                                         
2000a904  MQTTClient_clientContext                                        
2000a908  MQTTClient_multiSrvConn                                         
2000a90c  _lock                                                           
2000a910  _unlock                                                         
2000a914  MQTTClient_clientCfg                                            
2000a924  ti_sysbios_family_arm_m3_Hwi_Module__root__V                    
2000a92c  ti_sysbios_gates_GateHwi_Module__root__V                        
2000a934  ti_sysbios_gates_GateMutex_Module__root__V                      
2000a93c  ti_sysbios_heaps_HeapMem_Module__root__V                        
2000a944  ti_sysbios_knl_Clock_Module__root__V                            
2000a94c  ti_sysbios_knl_Mailbox_Module__root__V                          
2000a954  ti_sysbios_knl_Queue_Module__root__V                            
2000a95c  ti_sysbios_knl_Semaphore_Module__root__V                        
2000a964  ti_sysbios_knl_Task_Module__root__V                             
2000a96c  xdc_runtime_Startup_Module__state__V                            
2000a974  xdc_runtime_System_Module_State_0_atexitHandlers__A             
2000a97c  xdc_runtime_System_Module__state__V                             
2000a98c  MQTTClient_connectCfg                                           
2000a990  qos                                                             
2000a994  main_func_sp                                                    
2000a998  g_intHandle                                                     
2000a9a0  ti_sysbios_family_arm_m3_Hwi_Module_State_0_excContext__A       
2000a9a4  ti_sysbios_family_arm_m3_Hwi_Module_State_0_excStack__A         
2000a9a8  ti_sysbios_gates_GateHwi_Object__table__V                       
2000a9ac  ti_sysbios_knl_Task_Module_State_0_idleTask__A                  
2000a9b0  ti_sysbios_rts_ti_ReentSupport_Module__state__V                 
2000a9b4  xdc_runtime_Memory_Module__state__V                             
2003fc00  __stack                                                         
20040000  __STACK_END                                                     
e000e000  ti_sysbios_family_arm_m3_Hwi_nvic                               
ffffffff  __TI_pprof_out_hndl                                             
ffffffff  __TI_prof_data_size                                             
ffffffff  __TI_prof_data_start                                            
ffffffff  __binit__                                                       
ffffffff  __c_args__                                                      
ffffffff  binit                                                           
UNDEFED   SHT$$INIT_ARRAY$$Base                                           
UNDEFED   SHT$$INIT_ARRAY$$Limit                                          

[978 symbols]
