******************************************************************************
                  TI ARM Linker PC v18.12.4                    
******************************************************************************
>> Linked Fri Apr 24 12:57:13 2020

OUTPUT FILE NAME:   <mqtt_client_CC3235SF_LAUNCHXL_tirtos_ccs.out>
ENTRY POINT SYMBOL: "_c_int00"  address: 01012aa1


MEMORY CONFIGURATION

         name            origin    length      used     unused   attr    fill
----------------------  --------  ---------  --------  --------  ----  --------
  FLASH_HDR             01000000   000007ff  00000000  000007ff  R  X
  FLASH                 01000800   000ff800  0001695a  000e8ea6  R  X
  SRAM                  20000000   00040000  0000acc3  0003533d  RW X


SEGMENT ALLOCATION MAP

run origin  load origin   length   init length attrs members
----------  ----------- ---------- ----------- ----- -------
01000800    01000800    00016960   00016960    r-x
  01000800    01000800    0000003c   0000003c    r-- .resetVecs
  01000840    01000840    000158aa   000158aa    r-x .text
  010160ec    010160ec    00000d1c   00000d1c    r-- .const
  01016e08    01016e08    00000358   00000358    r-- .cinit
20000310    20000310    00008000   00000000    r--
  20000310    20000310    00008000   00000000    r-- .priheap
20008400    20008400    000025b8   00000000    rw-
  20008400    20008400    00001cd3   00000000    rw- .bss
  2000a0d4    2000a0d4    000008e4   00000000    rw- .data
2003fc00    2003fc00    00000400   00000000    rw-
  2003fc00    2003fc00    00000400   00000000    rw- .stack


SECTION ALLOCATION MAP

 output                                  attributes/
section   page    origin      length       input sections
--------  ----  ----------  ----------   ----------------
.text      0    01000840    000158aa     
                  01000840    00000a4e     rtsv7M4_T_le_eabi.lib : _printfi.c.obj (.text:__TI_printfi)
                  0100128e    00000002     ti_drivers_config.obj (.text:Board_initHook)
                  01001290    000008cc     simplelink.a : driver.obj (.text:_SlDrvMsgRead)
                  01001b5c    000004bc                  : sl_socket.obj (.text:_SlSocketHandleAsync_Select)
                  01002018    00000430     driverlib.a : prcm.obj (.text:PRCMCC3200MCUInit)
                  01002448    00000384     simplelink.a : driver.obj (.text:_SlDrvMsgWrite)
                  010027cc    0000033c     client_cbs.obj (.text:MqttClientCallback)
                  01002b08    00000320     network_if.obj (.text:Network_IF_ConnectAP)
                  01002e28    000002e8     mqtt_client_app.obj (.text:mainThread)
                  01003110    000002e0     simplelink.a : driver.obj (.text:_SlDrvWaitForPoolObj)
                  010033f0    000002d8                  : driver.obj (.text:_SlDrvRxHdrRead)
                  010036c8    000002b4                  : sl_socket.obj (.text:sl_Select)
                  0100397c    00000294                  : driver.obj (.text:_SlDrvReleasePoolObj)
                  01003c10    0000028d     network_if.obj (.text:SimpleLinkSockEventHandler)
                  01003e9d    00000001     --HOLE-- [fill = 0]
                  01003e9e    00000002     drivers_cc32xx.aem4 : UARTCC32XXDMA.oem4 (.text:UARTCC32XXDMA_init)
                  01003ea0    0000027c     mqtt_client_app.obj (.text:MqttClient_start)
                  0100411c    0000027c     simplelink.a : wlan.obj (.text:sl_WlanConnect)
                  01004398    00000268     rtsv7M4_T_le_eabi.lib : _printfi.c.obj (.text:_pconv_a)
                  01004600    00000264     network_if.obj (.text:Network_IF_InitDriver)
                  01004864    0000025c     simplelink.a : driver.obj (.text:_SlDrvDataReadOp)
                  01004ac0    00000234     mqtt_client_app.obj (.text:DisplayAppBanner)
                  01004cf4    00000230     mqtt_client_app.obj (.text:MqttClient)
                  01004f24    00000224     simplelink.a : driver.obj (.text:_SlDrvDriverCBInit)
                  01005148    00000218                  : driver.obj (.text:_SlDrvDataWriteOp)
                  01005360    0000020c     drivers_cc32xx.aem4 : UARTCC32XXDMA.oem4 (.text:UARTCC32XXDMA_open)
                  0100556c    000001f4     simplelink.a : driver.obj (.text:_SlDrvMsgReadCmdCtx)
                  01005760    000001f2                  : netapp.obj (.text:_SlNetAppEventHandler)
                  01005952    00000002     rtsv7M4_T_le_eabi.lib : _lock.c.obj (.text:_nop)
                  01005954    000001e1     network_if.obj (.text:SimpleLinkFatalErrorEventHandler)
                  01005b35    00000001     --HOLE-- [fill = 0]
                  01005b36    00000002     rtsv7M4_T_le_eabi.lib : div0.asm.obj (.text)
                  01005b38    000001d8     network_if.obj (.text:SimpleLinkWlanEventHandler)
                  01005d10    000001d4     drivers_cc32xx.aem4 : GPIOCC32XX.oem4 (.text:GPIO_setConfig)
                  01005ee4    000001d0                         : SPICC32XXDMA.oem4 (.text:SPICC32XXDMA_transfer)
                  010060b4    000001cc     rtsv7M4_T_le_eabi.lib : _printfi.c.obj (.text:_pconv_g)
                  01006280    000001c8     simplelink.a : device.obj (.text:sl_Stop)
                  01006448    000001b8     drivers_cc32xx.aem4 : SPICC32XXDMA.oem4 (.text:configDMA)
                  01006600    000001b6     rtsv7M4_T_le_eabi.lib : fd_add_t2.asm.obj (.text)
                  010067b6    00000002     release_pem4.oem4 (.text:ti_sysbios_BIOS_nullFunc__I)
                  010067b8    000001b4     simplelink.a : driver.obj (.text:_SlDrvReleaseAllActivePendingPoolObj)
                  0100696c    00000004     dpl_cc32xx.aem4 : ClockP_tirtos.oem4 (.text:ClockP_getCpuFreq)
                  01006970    000001b0     sysbios.aem4 : BIOS.obj (.text:mq_open)
                  01006b20    000001ac     simplelink.a : sl_socket.obj (.text:sl_Accept)
                  01006ccc    00000198     slnetsock_release.a : slnetsock.oem4 (.text:SlNetSock_select)
                  01006e64    0000018c     simplelink.a : sl_socket.obj (.text:_SlDrvRegisterForSelectAsync)
                  01006ff0    00000184                  : driver.obj (.text:_SlDrvFindAndSetActiveObj)
                  01007174    00000180     network_if.obj (.text:SimpleLinkNetAppEventHandler)
                  010072f4    00000178     simplelink.a : sl_socket.obj (.text:sl_Connect)
                  0100746c    00000170                  : netapp.obj (.text:sl_NetAppDnsGetHostByName)
                  010075dc    0000015c     mqtt_client_app.obj (.text:Mqtt_IF_Connect)
                  01007738    0000015a     mqtt_release.a : mqtt_net_func.oem4 (.text:createSocket)
                  01007892    00000002     release_pem4.oem4 (.text:xdc_runtime_Startup_reset__I)
                  01007894    00000158     drivers_cc32xx.aem4 : SPICC32XXDMA.oem4 (.text:SPICC32XXDMA_open)
                  010079ec    00000154     mqtt_release.a : mqttclient.oem4 (.text:MQTTClient_connect)
                  01007b40    00000154     simplelink.a : sl_socket.obj (.text:sl_RecvFrom)
                  01007c94    0000014c     dpl_cc32xx.aem4 : PowerCC32XX_tirtos.oem4 (.text:PowerCC32XX_sleepPolicy)
                  01007de0    0000014c     simplelink.a : sl_socket.obj (.text:sl_StartTLS)
                  01007f2c    00000148     drivers_cc32xx.aem4 : PowerCC32XX.oem4 (.text:parkPins)
                  01008074    00000140     mqtt_client_app.obj (.text:Mqtt_start)
                  010081b4    00000140     simplelink.a : driver.obj (.text:_SlDrvMsgReadSpawnCtx)
                  010082f4    0000013c                  : driver.obj (.text:_SlDrvDriverCBDeinit)
                  01008430    0000013c                  : sl_socket.obj (.text:_SlDrvGetNextTimeoutValue)
                  0100856c    0000013c     rtsv7M4_T_le_eabi.lib : _printfi.c.obj (.text:_pconv_e)
                  010086a8    00000138     drivers_cc32xx.aem4 : PowerCC32XX.oem4 (.text:Power_sleep)
                  010087e0    00000138     simplelink.a : driver.obj (.text:_SlSpawnMsgListInsert)
                  01008918    00000136     rtsv7M4_T_le_eabi.lib : fd_div_t2.asm.obj (.text)
                  01008a4e    00000002     --HOLE-- [fill = 0]
                  01008a50    00000134     simplelink.a : sl_socket.obj (.text:_SlSocketHandleAsync_StartTLS)
                  01008b84    00000004     dpl_cc32xx.aem4 : ClockP_tirtos.oem4 (.text:ClockP_setTimeout)
                  01008b88    00000130     sysbios.aem4 : BIOS.obj (.text:ti_sysbios_knl_Semaphore_pend__E)
                  01008cb8    00000128     simplelink.a : driver.obj (.text:_SlDrvClassifyRxMsg)
                  01008de0    00000124                  : fs.obj (.text:sl_FsOpen)
                  01008f04    00000120                  : driver.obj (.text:_SlDrvAsyncEventGenericHandler)
                  01009024    00000120     rtsv7M4_T_le_eabi.lib : _printfi.c.obj (.text:fcvt)
                  01009144    00000120     simplelink.a : device.obj (.text:sl_Start)
                  01009264    00000004     dpl_cc32xx.aem4 : ClockP_tirtos.oem4 (.text:ClockP_start)
                  01009268    00000120     sysbios.aem4 : BIOS.obj (.text:xdc_runtime_Startup_startMods__I)
                  01009388    00000118     simplelink.a : netapp.obj (.text:_SlNetAppHandleAsync_DnsGetHostByService)
                  010094a0    00000112     mqtt_release.a : mqtt_common.oem4 (.text:MQTT_PacketRecv)
                  010095b2    00000002     --HOLE-- [fill = 0]
                  010095b4    00000110     rtsv7M4_T_le_eabi.lib : strtoul.c.obj (.text:strtoul)
                  010096c4    00000004     dpl_cc32xx.aem4 : ClockP_tirtos.oem4 (.text:ClockP_stop)
                  010096c8    00000110     sysbios.aem4 : BIOS.obj (.text:ti_sysbios_knl_Task_postInit__I)
                  010097d8    00000108     slnetsock_release.a : slnetutils.oem4 (.text:SlNetUtil_str2BinIpV6)
                  010098e0    00000104     simplelink.a : device.obj (.text:_SlDeviceEventHandler)
                  010099e4    00000104                  : driver.obj (.text:_SlDrvCmdOp)
                  01009ae8    00000104     sysbios.aem4 : BIOS.obj (.text:ti_sysbios_knl_Task_Instance_finalize__E)
                  01009bec    00000100     simplelink.a : driver.obj (.text:_SlDrvObjGlobalLockWaitForever)
                  01009cec    00000100                  : fs.obj (.text:sl_FsWrite)
                  01009dec    000000fc     rtsv7M4_T_le_eabi.lib : fd_mul_t2.asm.obj (.text)
                  01009ee8    000000fc     simplelink.a : sl_socket.obj (.text:sl_Close)
                  01009fe4    000000f8     slnetifwifi.a : slnetifwifi.obj (.text:SlNetIfWifi_loadSecObj)
                  0100a0dc    000000f8     drivers_cc32xx.aem4 : UARTCC32XXDMA.oem4 (.text:UARTCC32XXDMA_close)
                  0100a1d4    00000004     dpl_cc32xx.aem4 : HwiP_tirtos.oem4 (.text:HwiP_clearInterrupt)
                  0100a1d8    000000f8     sysbios.aem4 : BIOS.obj (.text:timer_create)
                  0100a2d0    000000f8     mqtt_release.a : client_core.oem4 (.text:utf8ArraySend)
                  0100a3c8    000000f6                    : mqtt_net_func.oem4 (.text:MQTTNet_commOpen)
                  0100a4be    00000002     --HOLE-- [fill = 0]
                  0100a4c0    000000f4     simplelink.a : sl_socket.obj (.text:sl_SendTo)
                  0100a5b4    000000f2     drivers_cc32xx.aem4 : SPICC32XXDMA.oem4 (.text:SPICC32XXDMA_transferCancel)
                  0100a6a6    00000002     --HOLE-- [fill = 0]
                  0100a6a8    000000f0     sysbios.aem4 : BIOS.obj (.text:pthread_create)
                  0100a798    000000f0                  : BIOS.obj (.text:ti_sysbios_knl_Task_Instance_init__E)
                  0100a888    000000ec                  : BIOS.obj (.text:clock_gettime)
                  0100a974    000000e8     slnetsock_release.a : slnetif.oem4 (.text:SlNetIf_add)
                  0100aa5c    000000e8     drivers_cc32xx.aem4 : UARTCC32XXDMA.oem4 (.text:initHw)
                  0100ab44    00000004     dpl_cc32xx.aem4 : HwiP_tirtos.oem4 (.text:HwiP_disable)
                  0100ab48    000000e8     sysbios.aem4 : BIOS.obj (.text:timer_settime)
                  0100ac30    000000e0     mqtt_release.a : mqttclient.oem4 (.text:MqttClientCtxCreate)
                  0100ad10    000000de                    : client_core.oem4 (.text:connectMsgSend)
                  0100adee    00000002     --HOLE-- [fill = 0]
                  0100adf0    000000d8     uart_term.obj (.text:GetCmd)
                  0100aec8    000000d8     drivers_cc32xx.aem4 : SPICC32XXDMA.oem4 (.text:SPICC32XXDMA_close)
                  0100afa0    000000d8     simplelink.a : device.obj (.text:_SlDeviceHandleAsync_InitComplete)
                  0100b078    000000d8                  : driver.obj (.text:_SlDrvWaitForInternalAsyncEvent)
                  0100b150    000000d8                  : netapp.obj (.text:_SlNetAppHandleAsync_NetAppReceive)
                  0100b228    000000d8     sysbios.aem4 : BIOS.obj (.text:ti_sysbios_knl_Mailbox_Instance_init__E)
                  0100b300    000000d0     mqtt_client_app.obj (.text:Mqtt_Stop)
                  0100b3d0    000000d0     mqtt_client_app.obj (.text:SetClientIdNamefromMacAddress)
                  0100b4a0    000000d0     simplelink.a : driver.obj (.text:_SlDrvRemoveFromList)
                  0100b570    000000d0     rtsv7M4_T_le_eabi.lib : s_scalbn.c.obj (.text:scalbn)
                  0100b640    000000d0     sysbios.aem4 : BIOS.obj (.text:ti_sysbios_heaps_HeapMem_alloc__E)
                  0100b710    000000cc     mqtt_release.a : mqttclient.oem4 (.text:processNotifyAckCB)
                  0100b7dc    000000cc     sysbios.aem4 : m3_Hwi_asm.obj (.text:ti_sysbios_family_arm_m3_Hwi_dispatch__I)
                  0100b8a8    000000c8     drivers_cc32xx.aem4 : SPICC32XXDMA.oem4 (.text:spiHwiFxn)
                  0100b970    000000c4                         : GPIOCC32XX.oem4 (.text:GPIO_init)
                  0100ba34    00000004     dpl_cc32xx.aem4 : HwiP_tirtos.oem4 (.text:HwiP_disableInterrupt)
                  0100ba38    000000c4     sysbios.aem4 : BIOS.obj (.text:ti_sysbios_knl_Task_sleep__E)
                  0100bafc    000000c0     mqtt_release.a : mqttclient.oem4 (.text:MqttClientSub)
                  0100bbbc    000000c0     simplelink.a : cc_pal.obj (.text:NwpPowerOff)
                  0100bc7c    000000c0     drivers_cc32xx.aem4 : PowerCC32XX.oem4 (.text:restoreParkedPins)
                  0100bd3c    000000c0     simplelink.a : netcfg.obj (.text:sl_NetCfgGet)
                  0100bdfc    000000bc                  : netapp.obj (.text:_SlNetAppSendResponse)
                  0100beb8    000000bc     mqtt_release.a : client_core.oem4 (.text:clCtxConnStateTryLocked)
                  0100bf74    000000bc     simplelink.a : sl_socket.obj (.text:sl_Send)
                  0100c030    000000bc     sysbios.aem4 : BIOS.obj (.text:xdc_runtime_Core_createObject__I)
                  0100c0ec    000000b8     drivers_cc32xx.aem4 : UARTCC32XXDMA.oem4 (.text:UARTCC32XXDMA_configDMA)
                  0100c1a4    000000b8     simplelink.a : netapp.obj (.text:_SlNetAppHandleAsync_DnsGetHostByName)
                  0100c25c    000000b8                  : netapp.obj (.text:_SlNetAppHandleAsync_PingResponse)
                  0100c314    000000b8                  : device.obj (.text:sl_DeviceGet)
                  0100c3cc    000000b8                  : wlan.obj (.text:sl_WlanGet)
                  0100c484    00000004     dpl_cc32xx.aem4 : HwiP_tirtos.oem4 (.text:HwiP_enableInterrupt)
                  0100c488    000000b8     sysbios.aem4 : BIOS.obj (.text:ti_sysbios_family_arm_m3_Hwi_Instance_init__E)
                  0100c540    000000b4     mqtt_release.a : mqttclient.oem4 (.text:MqttClient_send)
                  0100c5f4    000000b4     drivers_cc32xx.aem4 : UARTCC32XXDMA.oem4 (.text:UARTCC32XXDMA_hwiIntFxn)
                  0100c6a8    000000b4     simplelink.a : driver.obj (.text:_SlDrvHandleFatalError)
                  0100c75c    000000b4                  : netutil.obj (.text:_SlNetUtilHandleAsync_Cmd)
                  0100c810    000000b4                  : sl_socket.obj (.text:sl_GetSockOpt)
                  0100c8c4    000000b1     rtsv7M4_T_le_eabi.lib : _printfi.c.obj (.text:_ltostr)
                  0100c975    00000003     --HOLE-- [fill = 0]
                  0100c978    000000b0     slnetifwifi.a : slnetifwifi.obj (.text:SlNetIfWifi_getSockOpt)
                  0100ca28    000000ae                   : slnetifwifi.obj (.text:matchModeByRole)
                  0100cad6    00000002     --HOLE-- [fill = 0]
                  0100cad8    000000ac     simplelink.a : sl_socket.obj (.text:_SlSocketHandleAsync_Close)
                  0100cb84    000000ac                  : sl_socket.obj (.text:_SlSocketHandleAsync_Connect)
                  0100cc30    000000aa     uart_term.obj (.text:Report)
                  0100ccda    00000002     --HOLE-- [fill = 0]
                  0100ccdc    000000a8     network_if.obj (.text:Network_IF_IpConfigGet)
                  0100cd84    000000a8     driverlib.a : prcm.obj (.text:PRCMPeripheralClockGet)
                  0100ce2c    000000a8     drivers_cc32xx.aem4 : PowerCC32XX.oem4 (.text:PowerCC32XX_configureWakeup)
                  0100ced4    000000a8     simplelink.a : fs.obj (.text:sl_FsClose)
                  0100cf7c    000000a6                  : driver.obj (.text:_SlDrvIsTimeoutExpired)
                  0100d022    00000002     --HOLE-- [fill = 0]
                  0100d024    000000a4     mqtt_release.a : mqttclient.oem4 (.text:MQTTClient_create)
                  0100d0c8    000000a4                    : mqttclient.oem4 (.text:MqttClientConfig)
                  0100d16c    000000a4     simplelink.a : sl_socket.obj (.text:sl_Bind)
                  0100d210    000000a4     sysbios.aem4 : BIOS.obj (.text:ti_sysbios_knl_Task_setPri__E)
                  0100d2b4    000000a0     simplelink.a : fs.obj (.text:FsGetCreateFsMode)
                  0100d354    000000a0     mqtt_release.a : mqttclient.oem4 (.text:MQTTClient_delete)
                  0100d3f4    000000a0     mqtt_client_app.obj (.text:Mqtt_ClientStop)
                  0100d494    000000a0     simplelink.a : sl_socket.obj (.text:_SlDrvUnRegisterForSelectAsync)
                  0100d534    000000a0                  : driver.obj (.text:_SlSpawnMsgListProcess)
                  0100d5d4    000000a0     auto_init.aem4 : auto_init.oem4 (.text)
                  0100d674    0000009e     simplelink.a : cc_pal.obj (.text:spi_Read)
                  0100d712    0000009e                  : cc_pal.obj (.text:spi_Write)
                  0100d7b0    0000009c     mqtt_release.a : client_core.oem4 (.text:MQTTClientCore_initLib)
                  0100d84c    0000009c                    : client_core.oem4 (.text:MQTTClientCore_sendPubMsg)
                  0100d8e8    0000009c                    : mqttclient.oem4 (.text:MqttClientUnsub)
                  0100d984    0000009c                    : client_core.oem4 (.text:_msgDispatch)
                  0100da20    0000009c     sysbios.aem4 : BIOS.obj (.text:_pthread_removeThreadKeys)
                  0100dabc    0000009c     rtsv7M4_T_le_eabi.lib : memcpy_t2.asm.obj (.text)
                  0100db58    0000009a     mqtt_release.a : client_core.oem4 (.text:procPubMsgRx)
                  0100dbf2    00000098     uart_term.obj (.text:TrimSpace)
                  0100dc8a    00000002     --HOLE-- [fill = 0]
                  0100dc8c    00000098     drivers_cc32xx.aem4 : GPIOCC32XX.oem4 (.text:powerNotifyFxn)
                  0100dd24    00000096     mqtt_release.a : mqtt_net_func.oem4 (.text:MQTTNet_tcpSelect)
                  0100ddba    00000096     rtsv7M4_T_le_eabi.lib : ull_div_t2.asm.obj (.text)
                  0100de50    00000094     simplelink.a : cc_pal.obj (.text:Semaphore_pend_handle)
                  0100dee4    00000094     drivers_cc32xx.aem4 : SPICC32XXDMA.oem4 (.text:initHw)
                  0100df78    00000094     sysbios.aem4 : BIOS.obj (.text:ti_sysbios_knl_Task_exit__E)
                  0100e00c    00000092     slnetsock_release.a : slnetsock.oem4 (.text:SlNetSock_create)
                  0100e09e    00000002     --HOLE-- [fill = 0]
                  0100e0a0    00000090                         : slnetsock.oem4 (.text:SlNetSock_getVirtualSdConf)
                  0100e130    00000090     simplelink.a : device.obj (.text:_SlDeviceHandleAsync_Stop)
                  0100e1c0    00000090                  : sl_socket.obj (.text:_SlSocketHandleAsync_Accept)
                  0100e250    00000090     mqtt_release.a : mqttclient.oem4 (.text:processPublishRxCB)
                  0100e2e0    00000090     drivers_cc32xx.aem4 : PowerCC32XX.oem4 (.text:restoreNVICRegs)
                  0100e370    00000090     sysbios.aem4 : BIOS.obj (.text:ti_sysbios_knl_Task_Module_startup__E)
                  0100e400    0000008d     mqtt_client_app.obj (.text:DisplayBanner)
                  0100e48d    00000003     --HOLE-- [fill = 0]
                  0100e490    0000008c     mqtt_release.a : client_core.oem4 (.text:MQTTClientCore_createCtx)
                  0100e51c    0000008c     slnetsock_release.a : slnetsock.oem4 (.text:SlNetSock_accept)
                  0100e5a8    0000008c     drivers_cc32xx.aem4 : UARTCC32XXDMA.oem4 (.text:UARTCC32XXDMA_write)
                  0100e634    0000008c     simplelink.a : driver.obj (.text:_SlDrvDriverIsApiAllowed)
                  0100e6c0    0000008c                  : sl_socket.obj (.text:sl_Recv)
                  0100e74c    00000004     drivers_cc32xx.aem4 : SPICC32XXDMA.oem4 (.text:SPICC32XXDMA_init)
                  0100e750    0000008c     sysbios.aem4 : BIOS.obj (.text:xdc_runtime_Memory_alloc__E)
                  0100e7dc    00000088     driverlib.a : pin.obj (.text:PinConfigSet)
                  0100e864    00000088     simplelink.a : driver.obj (.text:_SlDrvProtectAsyncRespSetting)
                  0100e8ec    00000088     mqtt_release.a : client_core.oem4 (.text:procConnackRx)
                  0100e974    00000088     simplelink.a : eventreg.obj (.text:sl_UnregisterLibsEventHandler)
                  0100e9fc    00000004     dpl_cc32xx.aem4 : SemaphoreP_tirtos.oem4 (.text:SemaphoreP_post)
                  0100ea00    00000088     sysbios.aem4 : BIOS.obj (.text:ti_sysbios_family_arm_m3_Hwi_initNVIC__E)
                  0100ea88    00000088                  : BIOS.obj (.text:ti_sysbios_knl_Mailbox_post__E)
                  0100eb10    00000088     mqtt_release.a : client_core.oem4 (.text:wrConnectPayload)
                  0100eb98    00000086     rtsv7M4_T_le_eabi.lib : fd_cmp_t2.asm.obj (.text:__aeabi_cdcmple)
                  0100ec1e    00000086                           : fd_cmp_t2.asm.obj (.text:__aeabi_cdrcmple)
                  0100eca4    00000004     slnetsock_release.a : slnetif.oem4 (.text:SlNetIf_init)
                  0100eca8    00000086     sysbios.aem4 : BIOS.obj (.text:xdc_runtime_Core_constructObject__I)
                  0100ed2e    00000002     --HOLE-- [fill = 0]
                  0100ed30    00000084     mqtt_client_app.obj (.text:MqttClientThread)
                  0100edb4    00000084     drivers_cc32xx.aem4 : PowerCC32XX.oem4 (.text:Power_init)
                  0100ee38    00000084     slnetifwifi.a : slnetifwifi.obj (.text:SlNetIfWifi_sockstartSec)
                  0100eebc    00000084     slnetsock_release.a : slnetutils.oem4 (.text:SlNetUtil_getHostByName)
                  0100ef40    00000084     mqtt_release.a : client_core.oem4 (.text:mqpSetupProcCtxDataRecv)
                  0100efc4    00000084     drivers_cc32xx.aem4 : PowerCC32XX.oem4 (.text:saveNVICRegs)
                  0100f048    00000084     simplelink.a : sl_socket.obj (.text:sl_SetSockOpt)
                  0100f0cc    00000004     slnetsock_release.a : slnetutils.oem4 (.text:SlNetUtil_init)
                  0100f0d0    00000084     sysbios.aem4 : BIOS.obj (.text:ti_sysbios_family_arm_m3_Hwi_postInit__I)
                  0100f154    00000004     mqtt_release.a : mqttclient.oem4 (.text:mutexLockup)
                  0100f158    00000084     sysbios.aem4 : BIOS.obj (.text:ti_sysbios_heaps_HeapMem_free__E)
                  0100f1dc    00000080     drivers_cc32xx.aem4 : PowerCC32XX.oem4 (.text:Power_setDependency)
                  0100f25c    00000080                         : UARTCC32XXDMA.oem4 (.text:UARTCC32XXDMA_read)
                  0100f2dc    00000080     mqtt_release.a : client_core.oem4 (.text:clCtxPartSend)
                  0100f35c    00000004                    : mqttclient.oem4 (.text:mutexUnlock)
                  0100f360    00000080     sysbios.aem4 : BIOS.obj (.text:ti_sysbios_knl_Clock_workFunc__E)
                  0100f3e0    0000007c     drivers_cc32xx.aem4 : UDMACC32XX.oem4 (.text:UDMACC32XX_open)
                  0100f45c    00000004     release_pem4.oem4 (.text:ti_sysbios_BIOS_RtsGateProxy_enter__E)
                  0100f460    0000007c     sysbios.aem4 : BIOS.obj (.text:_pthread_abstime2ticks)
                  0100f4dc    0000007c     mqtt_release.a : client_core.oem4 (.text:procCtxDataRecv)
                  0100f558    0000007a     drivers_cc32xx.aem4 : UARTCC32XXDMA.oem4 (.text:UARTCC32XXDMA_readPolling)
                  0100f5d2    0000007a     rtsv7M4_T_le_eabi.lib : memset_t2.asm.obj (.text)
                  0100f64c    00000078     drivers_cc32xx.aem4 : GPIOCC32XX.oem4 (.text:GPIO_hwiIntFxn)
                  0100f6c4    00000078     mqtt_release.a : mqtt_net_func.oem4 (.text:MQTTNet_recvFrom)
                  0100f73c    00000078     mqtt_client_app.obj (.text:pushButtonInterruptHandler3)
                  0100f7b4    00000078     simplelink.a : sl_socket.obj (.text:sl_Socket)
                  0100f82c    00000074     mqtt_release.a : mqtt_net_func.oem4 (.text:MQTTNet_tcpAccept)
                  0100f8a0    00000074     slnetsock_release.a : slnetsock.oem4 (.text:SlNetSock_AllocVirtualSocket)
                  0100f914    00000074     mqtt_release.a : client_core.oem4 (.text:groupCtxsRxPrep)
                  0100f988    00000074     sysbios.aem4 : BIOS.obj (.text:ti_sysbios_knl_Mailbox_pend__E)
                  0100f9fc    00000004     release_pem4.oem4 (.text:ti_sysbios_BIOS_RtsGateProxy_leave__E)
                  0100fa00    00000074     sysbios.aem4 : BIOS.obj (.text:xdc_runtime_Core_deleteObject__I)
                  0100fa74    00000072     mqtt_release.a : mqtt_common.oem4 (.text:MQTT_packetProcPubRx)
                  0100fae6    00000002     --HOLE-- [fill = 0]
                  0100fae8    00000070     simplelink.a : driver.obj (.text:_SlDrvCmdSend_noLock)
                  0100fb58    00000070     sysbios.aem4 : BIOS.obj (.text:acquireMutexNone$45)
                  0100fbc8    00000070                  : BIOS.obj (.text:ti_sysbios_heaps_HeapMem_initPrimary__I)
                  0100fc38    00000070                  : BIOS.obj (.text:ti_sysbios_knl_Mailbox_Instance_finalize__E)
                  0100fca8    0000006e     rtsv7M4_T_le_eabi.lib : _printfi.c.obj (.text:_mcpy)
                  0100fd16    00000002     --HOLE-- [fill = 0]
                  0100fd18    0000006c     mqtt_release.a : mqttclient.oem4 (.text:MQTTClient_run)
                  0100fd84    0000006c     slnetsock_release.a : slnetutils.oem4 (.text:SlNetUtil_str2BinIpV4)
                  0100fdf0    0000006c     simplelink.a : device.obj (.text:_SlDeviceHandleResetRequestInternally)
                  0100fe5c    0000006c                  : sl_socket.obj (.text:_SlDrvOpenCtrlSocket)
                  0100fec8    0000006c                  : netapp.obj (.text:_SlNetAppSendTokenValue)
                  0100ff34    00000004     release_pem4.oem4 (.text:ti_sysbios_family_arm_m3_Hwi_delete)
                  0100ff38    0000006c     sysbios.aem4 : BIOS.obj (.text:pthread_cancel)
                  0100ffa4    00000004     release_pem4.oem4 (.text:ti_sysbios_family_arm_m3_TaskSupport_Module__startupDone__S)
                  0100ffa8    0000006c     sysbios.aem4 : BIOS.obj (.text:ti_sysbios_knl_Swi_restoreHwi__E)
                  01010014    0000006a     mqtt_release.a : mqtt_net_func.oem4 (.text:MQTTNet_sendTo)
                  0101007e    00000068                    : mqtt_common.oem4 (.text:MQTT_qos2PubCqUnlog)
                  010100e6    00000002     --HOLE-- [fill = 0]
                  010100e8    00000068     simplelink.a : driver.obj (.text:_SlSpawnMsgListGetCount)
                  01010150    00000068     rtsv7M4_T_le_eabi.lib : copy_decompress_lzss.c.obj (.text:decompress:lzss:__TI_decompress_lzss)
                  010101b8    00000068     main_tirtos.obj (.text:main)
                  01010220    00000068     sysbios.aem4 : BIOS.obj (.text:pthread_exit)
                  01010288    00000068     simplelink.a : cc_pal.obj (.text:spi_Open)
                  010102f0    00000064     drivers_cc32xx.aem4 : GPIOCC32XX.oem4 (.text:GPIO_toggle)
                  01010354    00000064     mqtt_release.a : mqtt_common.oem4 (.text:MQTT_packetPubAppendTopic)
                  010103b8    00000064     drivers_cc32xx.aem4 : PowerCC32XX.oem4 (.text:PowerCC32XX_setParkState)
                  0101041c    00000064     mqtt_release.a : client_core.oem4 (.text:clientReset)
                  01010480    00000064                    : client_core.oem4 (.text:doNetClose)
                  010104e4    00000004     release_pem4.oem4 (.text:ti_sysbios_heaps_HeapMem_Module_GateProxy_enter__E)
                  010104e8    00000064     sysbios.aem4 : BIOS.obj (.text:ti_sysbios_family_arm_m3_Hwi_dispatchC__I)
                  0101054c    00000060     driverlib.a : prcm.obj (.text:PRCMSysResetCauseGet)
                  010105ac    00000060     slnetsock_release.a : slnetsock.oem4 (.text:SlNetSock_recvFrom)
                  0101060c    00000060                         : slnetsock.oem4 (.text:SlNetSock_sendTo)
                  0101066c    00000060     drivers_cc32xx.aem4 : UARTCC32XXDMA.oem4 (.text:UARTCC32XXDMA_control)
                  010106cc    00000004     release_pem4.oem4 (.text:ti_sysbios_heaps_HeapMem_Module_GateProxy_leave__E)
                  010106d0    00000060     sysbios.aem4 : BIOS.obj (.text:ti_sysbios_knl_Semaphore_post__E)
                  01010730    00000060                  : BIOS.obj (.text:ti_sysbios_knl_Swi_run__I)
                  01010790    0000005e     slnetifwifi.a : slnetifwifi.obj (.text:SlNetIfWifi_setSockOpt)
                  010107ee    00000002     --HOLE-- [fill = 0]
                  010107f0    0000005c     drivers_cc32xx.aem4 : GPIOCC32XX.oem4 (.text:GPIO_setCallback)
                  0101084c    0000005c     mqtt_release.a : client_core.oem4 (.text:MQTTClientCore_exitLib)
                  010108a8    0000005c                    : mqtt_net_func.oem4 (.text:MQTTNet_tcpListen)
                  01010904    0000005c     simplelink.a : spawn.obj (.text:_SlInternalSpawn)
                  01010960    0000005c     rtsv7M4_T_le_eabi.lib : s_frexp.c.obj (.text:frexp)
                  010109bc    00000004     release_pem4.oem4 (.text:ti_sysbios_knl_Clock_TimerProxy_getMaxTicks__E)
                  010109c0    0000005c     sysbios.aem4 : BIOS.obj (.text:ti_sysbios_family_arm_m3_Timer_start__E)
                  01010a1c    00000004     release_pem4.oem4 (.text:ti_sysbios_knl_Clock_TimerProxy_setPeriodMicroSecs__E)
                  01010a20    0000005c     sysbios.aem4 : BIOS.obj (.text:ti_sysbios_knl_Swi_schedule__I)
                  01010a7c    00000004     release_pem4.oem4 (.text:ti_sysbios_knl_Clock_TimerProxy_start__E)
                  01010a80    0000005c     sysbios.aem4 : BIOS.obj (.text:ti_sysbios_knl_Task_startCore__E)
                  01010adc    00000004     release_pem4.oem4 (.text:ti_sysbios_knl_Clock_TimerProxy_stop__E)
                  01010ae0    0000005c     sysbios.aem4 : BIOS.obj (.text:xdc_runtime_Startup_exec__E)
                  01010b3c    00000004     release_pem4.oem4 (.text:ti_sysbios_knl_Clock_delete)
                  01010b40    0000005a     sysbios.aem4 : BIOS.obj (.text:mq_timedsend)
                  01010b9a    00000002     --HOLE-- [fill = 0]
                  01010b9c    00000058     drivers_cc32xx.aem4 : GPIOCC32XX.oem4 (.text:GPIO_write)
                  01010bf4    00000058     driverlib.a : prcm.obj (.text:PRCMPeripheralReset)
                  01010c4c    00000058     drivers_cc32xx.aem4 : PowerCC32XX.oem4 (.text:Power_releaseDependency)
                  01010ca4    00000058     slnetsock_release.a : slnetsock.oem4 (.text:SlNetSock_recv)
                  01010cfc    00000058                         : slnetsock.oem4 (.text:SlNetSock_send)
                  01010d54    00000058     simplelink.a : sl_socket.obj (.text:_SlDrvClearCtrlSocket)
                  01010dac    00000058     mqtt_release.a : client_core.oem4 (.text:clRecv)
                  01010e04    00000004     release_pem4.oem4 (.text:ti_sysbios_knl_Semaphore_delete)
                  01010e08    00000058     sysbios.aem4 : BIOS.obj (.text:pthread_mutex_init)
                  01010e60    00000058     mqtt_release.a : client_core.oem4 (.text:singleCtxKaSequence)
                  01010eb8    00000058     simplelink.a : sl_socket.obj (.text:sl_Listen)
                  01010f10    00000058                  : eventreg.obj (.text:sl_RegisterLibsEventHandler)
                  01010f68    00000058     sysbios.aem4 : BIOS.obj (.text:ti_sysbios_family_arm_cc32xx_Seconds_getCount__I)
                  01010fc0    00000056     mqtt_release.a : mqtt_common.oem4 (.text:MQTT_packetPubAppendData)
                  01011016    00000056     rtsv7M4_T_le_eabi.lib : _printfi.c.obj (.text:_pconv_f)
                  0101106c    00000056     mqtt_release.a : client_core.oem4 (.text:procAckMsgRx)
                  010110c2    00000002     --HOLE-- [fill = 0]
                  010110c4    00000054     uart_term.obj (.text:InitTerm)
                  01011118    00000054     mqtt_release.a : client_core.oem4 (.text:MQTTClientCore_deleteCtx)
                  0101116c    00000054                    : client_core.oem4 (.text:MQTTClientCore_sendDisconn)
                  010111c0    00000054     simplelink.a : driver.obj (.text:_SlDrvRxIrqHandler)
                  01011214    00000054     mqtt_release.a : client_core.oem4 (.text:grpNetSetupCreate)
                  01011268    00000054     rtsv7M4_T_le_eabi.lib : ltoa.c.obj (.text:ltoa)
                  010112bc    00000004     release_pem4.oem4 (.text:ti_sysbios_knl_Task_delete)
                  010112c0    00000054     sysbios.aem4 : BIOS.obj (.text:mq_close)
                  01011314    00000004     release_pem4.oem4 (.text:xdc_runtime_System_Module_GateProxy_enter__E)
                  01011318    00000054     sysbios.aem4 : BIOS.obj (.text:ti_sysbios_family_arm_cc32xx_Seconds_getTime__E)
                  0101136c    00000054     release_pem4.oem4 (.text:ti_sysbios_family_arm_m3_Hwi_create)
                  010113c0    00000054     sysbios.aem4 : BIOS.obj (.text:ti_sysbios_family_arm_m3_Timer_setPeriod__E)
                  01011414    00000054     release_pem4.oem4 (.text:ti_sysbios_knl_Mailbox_create)
                  01011468    00000054     sysbios.aem4 : BIOS.obj (.text:timer_gettime)
                  010114bc    00000052     drivers_cc32xx.aem4 : PowerCC32XX_asm.oem4 (.text:PowerCC32XX_resumeLPDS)
                  0101150e    00000052     rtsv7M4_T_le_eabi.lib : _printfi.c.obj (.text:_ecpy)
                  01011560    00000050     dpl_cc32xx.aem4 : ClockP_tirtos.oem4 (.text:ClockP_create)
                  010115b0    00000050     simplelink.a : cc_pal.obj (.text:NwpRegisterInterruptHandler)
                  01011600    00000050     slnetsock_release.a : slnetif.oem4 (.text:SlNetIf_queryIf)
                  01011650    00000050     drivers_cc32xx.aem4 : UARTCC32XXDMA.oem4 (.text:UARTCC32XXDMA_writePolling)
                  010116a0    00000050     simplelink.a : sl_socket.obj (.text:_SlDrvCloseCtrlSocket)
                  010116f0    00000050                  : driver.obj (.text:_SlDrvCmdSend_noWait)
                  01011740    00000050                  : driver.obj (.text:_SlDrvUpdateApiInProgress)
                  01011790    00000050                  : spawn.obj (.text:_SlInternalSpawnTaskEntry)
                  010117e0    00000050                  : eventreg.obj (.text:_SlNetAppHttpServerHdlr)
                  01011830    00000050                  : eventreg.obj (.text:_SlNetAppRequestHdlr)
                  01011880    00000050     mqtt_release.a : client_core.oem4 (.text:_procAckMsgRx)
                  010118d0    00000050     sysbios.aem4 : BIOS.obj (.text:ti_sysbios_family_arm_m3_Hwi_Module_startup__E)
                  01011920    00000050                  : BIOS.obj (.text:ti_sysbios_knl_Clock_Instance_init__E)
                  01011970    00000050     release_pem4.oem4 (.text:ti_sysbios_knl_Task_create)
                  010119c0    0000004e     mqtt_release.a : client_core.oem4 (.text:MQTTClientCore_registerWillInfo)
                  01011a0e    0000004e     drivers_cc32xx.aem4 : UARTCC32XXDMA.oem4 (.text:writeCancel)
                  01011a5c    0000004c                         : GPIOCC32XX.oem4 (.text:GPIO_disableInt)
                  01011aa8    0000004c                         : GPIOCC32XX.oem4 (.text:GPIO_enableInt)
                  01011af4    0000004c     simplelink.a : cc_pal.obj (.text:NwpWaitForShutDownInd)
                  01011b40    0000004c     drivers_cc32xx.aem4 : PowerCC32XX.oem4 (.text:PowerCC32XX_parkPin)
                  01011b8c    0000004c     slnetifwifi.a : slnetifwifi.obj (.text:SlNetIfWifi_getConnectionStatus)
                  01011bd8    0000004c     slnetsock_release.a : slnetsock.oem4 (.text:SlNetSock_freeVirtualSocket)
                  01011c24    0000004c                         : slnetsock.oem4 (.text:SlNetSock_startSec)
                  01011c70    0000004c     mqtt_release.a : client_core.oem4 (.text:ack1WlMqpDispatch)
                  01011cbc    0000004c     rtsv7M4_T_le_eabi.lib : atoi.c.obj (.text:atoi)
                  01011d08    0000004c                           : cpy_tbl.c.obj (.text:copy_in)
                  01011d54    0000004c     mqtt_release.a : client_core.oem4 (.text:loopbTrigger)
                  01011da0    0000004c     drivers_cc32xx.aem4 : PowerCC32XX.oem4 (.text:restorePeriphClocks)
                  01011dec    0000004c     mqtt_release.a : client_core.oem4 (.text:singleCtxRxPrep)
                  01011e38    0000004c     simplelink.a : wlan.obj (.text:sl_WlanSetMode)
                  01011e84    0000004c     sysbios.aem4 : m3_TaskSupport_asm.obj (.text:ti_sysbios_family_arm_m3_TaskSupport_buildTaskStack)
                  01011ed0    0000004c                  : BIOS.obj (.text:ti_sysbios_heaps_HeapMem_getStats__E)
                  01011f1c    00000004     release_pem4.oem4 (.text:xdc_runtime_System_Module_GateProxy_leave__E)
                  01011f20    0000004c     sysbios.aem4 : BIOS.obj (.text:ti_sysbios_knl_Swi_runLoop__I)
                  01011f6c    00000004     --HOLE-- [fill = 0]
                  01011f70    0000004c                  : BIOS.obj (.text:ti_sysbios_knl_Task_allBlockedFunction__I)
                  01011fbc    00000004     --HOLE-- [fill = 0]
                  01011fc0    0000004c                  : BIOS.obj (.text:ti_sysbios_knl_Task_schedule__I)
                  0101200c    0000004a     mqtt_release.a : client_core.oem4 (.text:clCtxRecv)
                  01012056    0000004a     drivers_cc32xx.aem4 : UARTCC32XXDMA.oem4 (.text:readCancel)
                  010120a0    00000048     driverlib.a : flash.obj (.text:FlashDisable)
                  010120e8    00000048     mqtt_client_app.obj (.text:LedTimerConfigNStart)
                  01012130    00000048     mqtt_release.a : mqttclient.oem4 (.text:MQTTClient_set)
                  01012178    00000048     mqtt_client_app.obj (.text:MQTT_SendMsgToQueue)
                  010121c0    00000048     driverlib.a : prcm.obj (.text:PRCMLPDSEnter)
                  01012208    00000048                 : prcm.obj (.text:PRCMPeripheralClkEnable)
                  01012250    00000048     drivers_cc32xx.aem4 : PowerCC32XX.oem4 (.text:Power_releaseConstraint)
                  01012298    00000048     slnetsock_release.a : slnetsock.oem4 (.text:SlNetSock_connect)
                  010122e0    00000048                         : slnetsock.oem4 (.text:SlNetSock_init)
                  01012328    00000048                         : slnetsock.oem4 (.text:SlNetSock_setOpt)
                  01012370    00000048     simplelink.a : eventreg.obj (.text:_SlDeviceFatalErrorEvtHdlr)
                  010123b8    00000048                  : eventreg.obj (.text:_SlDeviceGeneralEvtHdlr)
                  01012400    00000048                  : driver.obj (.text:_SlDrvBasicCmd)
                  01012448    00000048                  : driver.obj (.text:_SlDrvSyncObjWaitTimeout)
                  01012490    00000048                  : eventreg.obj (.text:_SlNetAppEvtHdlr)
                  010124d8    00000048                  : eventreg.obj (.text:_SlNetAppRequestMemFree)
                  01012520    00000048                  : eventreg.obj (.text:_SlSockEvtHdlr)
                  01012568    00000048                  : eventreg.obj (.text:_SlWlanEvtHdlr)
                  010125b0    00000048     mqtt_release.a : client_core.oem4 (.text:bufUTF8WrTry)
                  010125f8    00000048                    : client_core.oem4 (.text:clCtxSetup)
                  01012640    00000048     rtsv7M4_T_le_eabi.lib : fd_toi_t2.asm.obj (.text)
                  01012688    00000048     sysbios.aem4 : BIOS.obj (.text:ti_sysbios_family_arm_m3_Hwi_disableInterrupt__E)
                  010126d0    00000048                  : BIOS.obj (.text:ti_sysbios_family_arm_m3_Hwi_enableInterrupt__E)
                  01012718    00000048                  : m3_Hwi_asm_switch.obj (.text:ti_sysbios_family_arm_m3_Hwi_initStacks__E)
                  01012760    00000048                  : BIOS.obj (.text:ti_sysbios_family_arm_m3_Timer_initDevice__I)
                  010127a8    00000048                  : BIOS.obj (.text:ti_sysbios_knl_Mailbox_Module_startup__E)
                  010127f0    00000048     mqtt_release.a : client_core.oem4 (.text:wrConnectVh)
                  01012838    00000048     sysbios.aem4 : BIOS.obj (.text:xdc_runtime_Core_assignParams__I)
                  01012880    00000044     mqtt_release.a : client_core.oem4 (.text:MQTTClientCore_run)
                  010128c4    00000044                    : mqtt_net_func.oem4 (.text:MQTTNet_tcpRecv)
                  01012908    00000044                    : mqttclient.oem4 (.text:MqttClientCtxDelete)
                  0101294c    00000044     driverlib.a : prcm.obj (.text:PRCMLPDSRestoreInfoSet)
                  01012990    00000044     drivers_cc32xx.aem4 : PowerCC32XX_asm.oem4 (.text:PowerCC32XX_enterLPDS)
                  010129d4    00000044                         : SPI.oem4 (.text:SPI_init)
                  01012a18    00000044     slnetsock_release.a : slnetutils.oem4 (.text:SlNetUtil_strTok)
                  01012a5c    00000044     drivers_cc32xx.aem4 : UART.oem4 (.text:UART_init)
                  01012aa0    00000044     boot.aem4 : boot.oem4 (.text)
                  01012ae4    00000044     ti_net_config.obj (.text:ti_net_SlNet_initConfig)
                  01012b28    00000044     sysbios.aem4 : BIOS.obj (.text:ti_sysbios_family_arm_m3_Hwi_getStackInfo__E)
                  01012b6c    00000004     --HOLE-- [fill = 0]
                  01012b70    00000044                  : BIOS.obj (.text:ti_sysbios_knl_Mailbox_postInit__I)
                  01012bb4    00000004     --HOLE-- [fill = 0]
                  01012bb8    00000044                  : BIOS.obj (.text:ti_sysbios_knl_Swi_post__E)
                  01012bfc    00000044     mqtt_release.a : client_core.oem4 (.text:vhMsgSend)
                  01012c40    00000044     sysbios.aem4 : BIOS.obj (.text:xdc_runtime_System_atexit__E)
                  01012c84    00000042     mqtt_release.a : mqtt_common.oem4 (.text:MQTT_packetBufRdRemlen)
                  01012cc6    00000040     simplelink.a : sl_socket.obj (.text:CountSetBits)
                  01012d06    00000002     --HOLE-- [fill = 0]
                  01012d08    00000040     dpl_cc32xx.aem4 : HwiP_tirtos.oem4 (.text:HwiP_create)
                  01012d48    00000040     network_if.obj (.text:InitializeAppVariables)
                  01012d88    00000040     mqtt_release.a : client_core.oem4 (.text:MQTTClientCore_registerCtxInfo)
                  01012dc8    00000040     driverlib.a : pin.obj (.text:PinModeSet)
                  01012e08    00000040     drivers_cc32xx.aem4 : SPI.oem4 (.text:SPI_open)
                  01012e48    00000040     network_if.obj (.text:SimpleLinkGeneralEventHandler)
                  01012e88    00000040     slnetsock_release.a : slnetsock.oem4 (.text:SlNetSock_bind)
                  01012ec8    00000040                         : slnetsock.oem4 (.text:SlNetSock_secAttribSet)
                  01012f08    00000040     drivers_cc32xx.aem4 : UART.oem4 (.text:UART_open)
                  01012f48    00000040                         : UDMACC32XX.oem4 (.text:UDMACC32XX_init)
                  01012f88    00000040     simplelink.a : driver.obj (.text:_SlDrvGlobalObjUnLock)
                  01012fc8    00000040                  : driver.obj (.text:_SlFindAndReleasePendingCmd)
                  01013008    00000040                  : spawn.obj (.text:_SlInternalSpawnWaitForEvent)
                  01013048    00000040                  : eventreg.obj (.text:_SlIsEventRegistered)
                  01013088    00000040     mqtt_release.a : mqttclient.oem4 (.text:_sl_ExtLib_ServerAckLockedWait)
                  010130c8    00000040     sysbios.aem4 : BIOS.obj (.text:mq_receive)
                  01013108    00000040     mqtt_release.a : client_core.oem4 (.text:netConnect)
                  01013148    00000040     mqtt_client_app.obj (.text:pushButtonInterruptHandler2)
                  01013188    00000040     sysbios.aem4 : BIOS.obj (.text:ti_sysbios_heaps_HeapMem_Instance_init__E)
                  010131c8    00000040     rtsv7M4_T_le_eabi.lib : vsnprintf.c.obj (.text:vsnprintf)
                  01013208    0000003e     mqtt_release.a : mqtt_common.oem4 (.text:MQTT_packetAckWlistRemove)
                  01013246    0000003e                    : mqtt_common.oem4 (.text:MQTT_packetBufTailWrRemlen)
                  01013284    0000003e     slnetsock_release.a : slnetsock.oem4 (.text:SlNetSock_close)
                  010132c2    0000003e     simplelink.a : sl_socket.obj (.text:_SlSocketBuildAddress)
                  01013300    0000003e     rtsv7M4_T_le_eabi.lib : _printfi.c.obj (.text:_fcpy)
                  0101333e    0000003e     mqtt_release.a : client_core.oem4 (.text:clCtxSeg1Send)
                  0101337c    0000003e                    : client_core.oem4 (.text:procPingrspRx)
                  010133ba    0000003e     release_pem4.oem4 (.text:realloc)
                  010133f8    0000003e     sysbios.aem4 : BIOS.obj (.text:sem_timedwait)
                  01013436    00000002     --HOLE-- [fill = 0]
                  01013438    0000003c     mqtt_release.a : client_core.oem4 (.text:MQTTClientCore_registerBuffers)
                  01013474    0000003c                    : mqttclient.oem4 (.text:MQTTClient_disconnect)
                  010134b0    0000003c                    : mqtt_common.oem4 (.text:MQTT_qos2PubCqCheck)
                  010134ec    0000003c     network_if.obj (.text:Network_IF_DisconnectFromAP)
                  01013528    0000003c     drivers_cc32xx.aem4 : PowerCC32XX.oem4 (.text:Power_setConstraint)
                  01013564    0000003c     dpl_cc32xx.aem4 : SemaphoreP_tirtos.oem4 (.text:SemaphoreP_create)
                  010135a0    0000003c     simplelink.a : netapp.obj (.text:_SlNetAppCopyPingResultsToReport)
                  010135dc    0000003c     mqtt_release.a : mqttclient.oem4 (.text:processDisconnCB)
                  01013618    0000003c     sysbios.aem4 : BIOS.obj (.text:pthread_mutex_unlock)
                  01013654    0000003c     mqtt_release.a : client_core.oem4 (.text:singleCtxRxPrepLocked)
                  01013690    0000003c     sysbios.aem4 : BIOS.obj (.text:sleep)
                  010136cc    0000003c     mqtt_release.a : client_core.oem4 (.text:tailIncorpMsgID)
                  01013708    0000003c     sysbios.aem4 : BIOS.obj (.text:ti_sysbios_family_arm_m3_Hwi_Instance_finalize__E)
                  01013744    00000004     --HOLE-- [fill = 0]
                  01013748    0000003c                  : BIOS.obj (.text:ti_sysbios_family_arm_m3_Timer_setPeriodMicroSecs__E)
                  01013784    0000003c     release_pem4.oem4 (.text:ti_sysbios_knl_Clock_create)
                  010137c0    0000003c     sysbios.aem4 : BIOS.obj (.text:ti_sysbios_knl_Clock_walkQueuePeriodic__E)
                  010137fc    00000004     --HOLE-- [fill = 0]
                  01013800    0000003c                  : BIOS.obj (.text:ti_sysbios_knl_Swi_restore__E)
                  0101383c    00000004     --HOLE-- [fill = 0]
                  01013840    0000003c                  : BIOS.obj (.text:timer_delete)
                  0101387c    0000003c     simplelink.a : sl_socket.obj (.text:to_mSec)
                  010138b8    0000003c     sysbios.aem4 : BIOS.obj (.text:usleep)
                  010138f4    00000004     --HOLE-- [fill = 0]
                  010138f8    0000003c                  : BIOS.obj (.text:xdc_runtime_System_processAtExit__E)
                  01013934    0000003a     slnetifwifi.a : slnetifwifi.obj (.text:SlNetIfWifi_getIPAddr)
                  0101396e    0000003a     dpl_cc32xx.aem4 : PowerCC32XX_tirtos.oem4 (.text:getCountsRTC)
                  010139a8    0000003a     mqtt_release.a : mqtt_common.oem4 (.text:mqpProcVhMsgIdRx)
                  010139e2    00000002     --HOLE-- [fill = 0]
                  010139e4    00000038                    : client_core.oem4 (.text:MQTTClientCore_registerNetSvc)
                  01013a1c    00000038                    : mqtt_common.oem4 (.text:MQTT_qos2PubCqLogup)
                  01013a54    00000038     driverlib.a : prcm.obj (.text:PRCMLPDSEnterKeepDebugIf)
                  01013a8c    00000038     slnetifwifi.a : slnetifwifi.obj (.text:SlNetIfWifi_recvFrom)
                  01013ac4    00000038                   : slnetifwifi.obj (.text:SlNetIfWifi_sendTo)
                  01013afc    00000038                   : slnetifwifi.obj (.text:SlNetIfWifi_socket)
                  01013b34    00000038     slnetsock_release.a : slnetif.oem4 (.text:SlNetIf_configCheck)
                  01013b6c    00000038                         : slnetsock.oem4 (.text:SlNetSock_listen)
                  01013ba4    00000038                         : slnetutils.oem4 (.text:SlNetUtil_htonl)
                  01013bdc    00000038     mqtt_release.a : client_core.oem4 (.text:mqpAllocAtomic)
                  01013c14    00000038                    : client_core.oem4 (.text:netRecv)
                  01013c4c    00000038     drivers_cc32xx.aem4 : PowerCC32XX.oem4 (.text:notify)
                  01013c84    00000038                         : UARTCC32XXDMA.oem4 (.text:startTxFifoEmptyClk)
                  01013cbc    00000004     --HOLE-- [fill = 0]
                  01013cc0    00000038     sysbios.aem4 : BIOS.obj (.text:ti_sysbios_knl_Task_processVitalTaskFlag__I)
                  01013cf8    00000036     mqtt_release.a : mqtt_common.oem4 (.text:MQTT_packetPrepFh)
                  01013d2e    00000036     slnetifwifi.a : slnetifwifi.obj (.text:SlNetIfWifi_getHostByName)
                  01013d64    00000036                   : slnetifwifi.obj (.text:SlNetIfWifi_select)
                  01013d9a    00000036     mqtt_release.a : client_core.oem4 (.text:_procPubRecRx)
                  01013dd0    00000036     rtsv7M4_T_le_eabi.lib : strncpy.c.obj (.text:strncpy)
                  01013e06    00000002     --HOLE-- [fill = 0]
                  01013e08    00000034     driverlib.a : pin.obj (.text:PinModeGet)
                  01013e3c    00000034     drivers_cc32xx.aem4 : PowerCC32XX.oem4 (.text:PowerCC32XX_restoreParkState)
                  01013e70    00000034     slnetsock_release.a : slnetutils.oem4 (.text:SlNetUtil_htons)
                  01013ea4    00000034     drivers_cc32xx.aem4 : UDMACC32XX.oem4 (.text:UDMACC32XX_close)
                  01013ed8    00000034     sysbios.aem4 : BIOS.obj (.text:_pthread_delete$41)
                  01013f0c    00000034     mqtt_release.a : client_core.oem4 (.text:groupCtxsKaSequence)
                  01013f40    00000034                    : client_core.oem4 (.text:mqpFreeLocked)
                  01013f74    00000034                    : client_core.oem4 (.text:procLoopbackRecv)
                  01013fa8    00000034     sysbios.aem4 : BIOS.obj (.text:ti_sysbios_family_arm_m3_Timer_periodicStub__I)
                  01013fdc    00000034     release_pem4.oem4 (.text:ti_sysbios_knl_Semaphore_create)
                  01014010    00000034     drivers_cc32xx.aem4 : UARTCC32XXDMA.oem4 (.text:writeFinishedDoCallback)
                  01014044    00000032     mqtt_release.a : mqtt_common.oem4 (.text:MQTT_clCtxTimeoutInsert)
                  01014076    00000032                    : client_core.oem4 (.text:connectedStateRx)
                  010140a8    00000032     sysbios.aem4 : BIOS.obj (.text:ti_sysbios_hal_Hwi_initStack)
                  010140da    00000030     drivers_cc32xx.aem4 : PowerCC32XX.oem4 (.text:PowerCC32XX_restoreParkedPin)
                  0101410a    00000030     simplelink.a : fs.obj (.text:_SlFsStrlen)
                  0101413a    00000030     rtsv7M4_T_le_eabi.lib : vsnprintf.c.obj (.text:_outs)
                  0101416a    00000030     mqtt_release.a : client_core.oem4 (.text:ack2MsgIdUnlog)
                  0101419a    00000002     --HOLE-- [fill = 0]
                  0101419c    00000030                    : client_core.oem4 (.text:clientDescInit)
                  010141cc    00000004     --HOLE-- [fill = 0]
                  010141d0    00000030     sysbios.aem4 : BIOS.obj (.text:findInList$40)
                  01014200    00000030     mqtt_release.a : mqttclient.oem4 (.text:getAvailableClictxMem)
                  01014230    00000030     mqtt_client_app.obj (.text:printBorder)
                  01014260    00000030     release_pem4.oem4 (.text:ti_sysbios_BIOS_atExitFunc__I)
                  01014290    00000030     release_pem4.oem4 (.text:ti_sysbios_BIOS_startFunc__I)
                  010142c0    00000030     sysbios.aem4 : BIOS.obj (.text:ti_sysbios_family_arm_m3_TaskSupport_start__E)
                  010142f0    00000030     release_pem4.oem4 (.text:ti_sysbios_gates_GateHwi_Object__create__S)
                  01014320    00000030     release_pem4.oem4 (.text:ti_sysbios_gates_GateMutex_Object__create__S)
                  01014350    00000030     sysbios.aem4 : BIOS.obj (.text:ti_sysbios_gates_GateMutex_enter__E)
                  01014380    00000030     release_pem4.oem4 (.text:ti_sysbios_heaps_HeapMem_Object__create__S)
                  010143b0    00000030     release_pem4.oem4 (.text:ti_sysbios_knl_Clock_construct)
                  010143e0    00000030     release_pem4.oem4 (.text:ti_sysbios_knl_Semaphore_construct)
                  01014410    00000030     sysbios.aem4 : BIOS.obj (.text:ti_sysbios_knl_Semaphore_pendTimeout__I)
                  01014440    00000030                  : BIOS.obj (.text:ti_sysbios_knl_Task_restore__E)
                  01014470    00000030                  : BIOS.obj (.text:ti_sysbios_knl_Task_unblockI__E)
                  010144a0    0000002e     simplelink.a : cc_pal.obj (.text:Mutex_create_handle)
                  010144ce    0000002e     rtsv7M4_T_le_eabi.lib : i_tofd_t2.asm.obj (.text)
                  010144fc    0000002e     release_pem4.oem4 (.text:ti_sysbios_rts_MemAlloc_alloc)
                  0101452a    00000002     --HOLE-- [fill = 0]
                  0101452c    0000002c     drivers_cc32xx.aem4 : GPIOCC32XX.oem4 (.text:GPIO_clearInt)
                  01014558    0000002c     simplelink.a : cc_pal.obj (.text:NwpPowerOn)
                  01014584    0000002c     drivers_cc32xx.aem4 : PowerCC32XX.oem4 (.text:PowerCC32XX_getParkState)
                  010145b0    0000002c     dpl_cc32xx.aem4 : SemaphoreP_tirtos.oem4 (.text:SemaphoreP_createBinary)
                  010145dc    0000002c     slnetifwifi.a : slnetifwifi.obj (.text:SlNetIfWifi_recv)
                  01014608    0000002c                   : slnetifwifi.obj (.text:SlNetIfWifi_send)
                  01014634    0000002c     mqtt_client_app.obj (.text:TimerPeriodicIntHandler)
                  01014660    0000002c     simplelink.a : driver.obj (.text:_SlDrvSyncObjWaitForever)
                  0101468c    00000004     --HOLE-- [fill = 0]
                  01014690    0000002c     sysbios.aem4 : BIOS.obj (.text:_pthread_cleanupFxn)
                  010146bc    00000004     --HOLE-- [fill = 0]
                  010146c0    0000002c                  : BIOS.obj (.text:clockFxn$39)
                  010146ec    0000002c     mqtt_release.a : client_core.oem4 (.text:doNetCloseRx)
                  01014718    0000002c     sysbios.aem4 : BIOS.obj (.text:getTime$20)
                  01014744    0000002c     mqtt_release.a : client_core.oem4 (.text:singleCtxAdjWaitSecsGet)
                  01014770    0000002c     rtsv7M4_T_le_eabi.lib : strncmp.c.obj (.text:strncmp)
                  0101479c    0000002c     release_pem4.oem4 (.text:ti_sysbios_gates_GateHwi_Handle__label__S)
                  010147c8    0000002c     release_pem4.oem4 (.text:ti_sysbios_gates_GateMutex_Handle__label__S)
                  010147f4    0000002c     release_pem4.oem4 (.text:ti_sysbios_heaps_HeapMem_Handle__label__S)
                  01014820    0000002c     release_pem4.oem4 (.text:ti_sysbios_knl_Clock_doTick__I)
                  0101484c    00000004     --HOLE-- [fill = 0]
                  01014850    0000002c     sysbios.aem4 : BIOS.obj (.text:ti_sysbios_knl_Clock_getTimeout__E)
                  0101487c    0000002c     release_pem4.oem4 (.text:ti_sysbios_knl_Queue_construct)
                  010148a8    0000002a     slnetsock_release.a : slnetutils.oem4 (.text:SlNetUtil_inetPton)
                  010148d2    0000002a     drivers_cc32xx.aem4 : UARTCC32XXDMA.oem4 (.text:UARTCC32XXDMA_readCancel)
                  010148fc    0000002a                         : UARTCC32XXDMA.oem4 (.text:UARTCC32XXDMA_writeCancel)
                  01014926    0000002a     mqtt_release.a : client_core.oem4 (.text:ack2MsgIdDispatch)
                  01014950    0000002a     release_pem4.oem4 (.text:calloc)
                  0101497a    0000002a     mqtt_release.a : client_core.oem4 (.text:pingReqSend)
                  010149a4    00000004     --HOLE-- [fill = 0]
                  010149a8    0000002a     sysbios.aem4 : BIOS.obj (.text:sem_init)
                  010149d2    0000002a     mqtt_release.a : client_core.oem4 (.text:txPartSetup)
                  010149fc    00000028                    : mqtt_common.oem4 (.text:MQTT_packetBufWrUtf8)
                  01014a24    00000028     driverlib.a : prcm.obj (.text:PRCMPeripheralClkDisable)
                  01014a4c    00000028     dpl_cc32xx.aem4 : PowerCC32XX_tirtos.oem4 (.text:PowerCC32XX_initPolicy)
                  01014a74    00000028     drivers_cc32xx.aem4 : PowerCC32XX.oem4 (.text:Power_registerNotify)
                  01014a9c    00000028     slnetsock_release.a : slnetif.oem4 (.text:SlNetIf_getIfByID)
                  01014ac4    00000028                         : slnetsock.oem4 (.text:SlNetSock_sdsIsSet)
                  01014aec    00000028                         : slnetsock.oem4 (.text:SlNetSock_sdsSet)
                  01014b14    00000028                         : slnetsock.oem4 (.text:SlNetSock_secAttribDelete)
                  01014b3c    00000028     simplelink.a : driver.obj (.text:_SlDrvProtectionObjLockWaitForever)
                  01014b64    00000028                  : driver.obj (.text:_SlDrvProtectionObjUnLock)
                  01014b8c    00000028                  : flowcont.obj (.text:_SlFlowContSet)
                  01014bb4    00000028     mqtt_release.a : client_core.oem4 (.text:_procPubRelRx)
                  01014bdc    00000028                    : mqttclient.oem4 (.text:_sl_ExtLib_AwaitedAckLockedSet)
                  01014c04    00000028     sysbios.aem4 : m3_Hwi_asm.obj (.text:ti_sysbios_family_arm_m3_Hwi_excHandlerAsm__I)
                  01014c2c    00000004     --HOLE-- [fill = 0]
                  01014c30    00000028                  : BIOS.obj (.text:ti_sysbios_knl_Clock_addI__E)
                  01014c58    00000028                  : BIOS.obj (.text:ti_sysbios_knl_Swi_Module_startup__E)
                  01014c80    00000026     drivers_cc32xx.aem4 : List.oem4 (.text:List_put)
                  01014ca6    00000026                         : List.oem4 (.text:List_remove)
                  01014ccc    00000026     mqtt_release.a : mqtt_common.oem4 (.text:MQTT_clCtxRemove)
                  01014cf2    00000002     --HOLE-- [fill = 0]
                  01014cf4    00000024     drivers_cc32xx.aem4 : PowerCC32XX.oem4 (.text:PowerCC32XX_reset)
                  01014d18    00000024     slnetsock_release.a : slnetif.oem4 (.text:SlNetIf_getConnectionStatus)
                  01014d3c    00000024     simplelink.a : driver.obj (.text:_SlDrvIsApiInProgress)
                  01014d60    00000024                  : driver.obj (.text:_SlDrvStartMeasureTimeout)
                  01014d84    00000024     mqtt_release.a : client_core.oem4 (.text:conn2usedCtxs)
                  01014da8    00000024     rtsv7M4_T_le_eabi.lib : memmov.c.obj (.text:memmove)
                  01014dcc    00000004     --HOLE-- [fill = 0]
                  01014dd0    00000024     sysbios.aem4 : BIOS.obj (.text:pthread_attr_init)
                  01014df4    00000024     mqtt_release.a : client_core.oem4 (.text:recvHvecLoad)
                  01014e18    00000024     simplelink.a : wlan.obj (.text:sl_WlanDisconnect)
                  01014e3c    00000024     release_pem4.oem4 (.text:ti_sysbios_BIOS_registerRTSLock__I)
                  01014e60    00000024     release_pem4.oem4 (.text:ti_sysbios_BIOS_removeRTSLock__I)
                  01014e84    00000004     --HOLE-- [fill = 0]
                  01014e88    00000024     sysbios.aem4 : BIOS.obj (.text:ti_sysbios_family_arm_m3_Timer_postInit__I)
                  01014eac    00000004     --HOLE-- [fill = 0]
                  01014eb0    00000024                  : BIOS.obj (.text:ti_sysbios_family_arm_m3_Timer_startup__E)
                  01014ed4    00000024     release_pem4.oem4 (.text:ti_sysbios_gates_GateMutex_Object__delete__S)
                  01014ef8    00000024     sysbios.aem4 : BIOS.obj (.text:ti_sysbios_knl_Clock_Module_startup__E)
                  01014f1c    00000024     release_pem4.oem4 (.text:ti_sysbios_knl_Clock_Object__delete__S)
                  01014f40    00000024     sysbios.aem4 : BIOS.obj (.text:ti_sysbios_knl_Clock_start__E)
                  01014f64    00000004     --HOLE-- [fill = 0]
                  01014f68    00000024                  : BIOS.obj (.text:ti_sysbios_knl_Semaphore_Instance_init__E)
                  01014f8c    00000024     release_pem4.oem4 (.text:ti_sysbios_knl_Semaphore_Object__delete__S)
                  01014fb0    00000024     sysbios.aem4 : BIOS.obj (.text:ti_sysbios_knl_Task_restoreHwi__E)
                  01014fd4    00000004     --HOLE-- [fill = 0]
                  01014fd8    00000024                  : BIOS.obj (.text:xdc_runtime_Error_policyMin__E)
                  01014ffc    00000022     mqtt_release.a : mqtt_common.oem4 (.text:MQTT_packetProcMsgIdAckRx)
                  0101501e    00000020                    : mqtt_common.oem4 (.text:MQTT_qos2PubCqReset)
                  0101503e    00000002     --HOLE-- [fill = 0]
                  01015040    00000020     drivers_cc32xx.aem4 : PowerCC32XX.oem4 (.text:Power_unregisterNotify)
                  01015060    00000020     slnetifwifi.a : slnetifwifi.obj (.text:SlNetIfWifi_accept)
                  01015080    00000020     drivers_cc32xx.aem4 : SPICC32XXDMA.oem4 (.text:getPowerMgrId)
                  010150a0    00000020                         : UARTCC32XXDMA.oem4 (.text:getPowerMgrId)
                  010150c0    00000020     sysbios.aem4 : BIOS.obj (.text:sem_trywait)
                  010150e0    00000020     mqtt_release.a : client_core.oem4 (.text:session311fix)
                  01015100    00000020     release_pem4.oem4 (.text:ti_sysbios_BIOS_rtsLock__I)
                  01015120    00000020     release_pem4.oem4 (.text:ti_sysbios_family_arm_m3_Hwi_Object__delete__S)
                  01015140    00000020     sysbios.aem4 : BIOS.obj (.text:ti_sysbios_family_arm_m3_Hwi_clearInterrupt__E)
                  01015160    00000020     release_pem4.oem4 (.text:ti_sysbios_gates_GateHwi_Object__delete__S)
                  01015180    00000020     release_pem4.oem4 (.text:ti_sysbios_heaps_HeapMem_Object__delete__S)
                  010151a0    00000020     release_pem4.oem4 (.text:ti_sysbios_knl_Clock_destruct)
                  010151c0    00000020     sysbios.aem4 : BIOS.obj (.text:ti_sysbios_knl_Idle_run__E)
                  010151e0    00000020     release_pem4.oem4 (.text:ti_sysbios_knl_Semaphore_destruct)
                  01015200    00000020     release_pem4.oem4 (.text:ti_sysbios_knl_Task_Object__delete__S)
                  01015220    0000001e     mqtt_release.a : client_core.oem4 (.text:MQTTClientCore_alloc)
                  0101523e    0000001e                    : client_core.oem4 (.text:MQTTClientCore_ctxRun)
                  0101525c    0000001e     slnetifwifi.a : slnetifwifi.obj (.text:SlNetIfWifi_bind)
                  0101527a    0000001e                   : slnetifwifi.obj (.text:SlNetIfWifi_connect)
                  01015298    0000001e     simplelink.a : driver.obj (.text:_SlDrvObjLockWaitForever)
                  010152b6    0000001e                  : driver.obj (.text:_SlDrvObjUnLock)
                  010152d4    0000001e                  : driver.obj (.text:_SlDrvSyncObjSignal)
                  010152f2    0000001e     drivers_cc32xx.aem4 : UDMACC32XX.oem4 (.text:postNotifyFxn)
                  01015310    0000001e     mqtt_release.a : client_core.oem4 (.text:procNetDataRecv)
                  0101532e    0000001e                    : client_core.oem4 (.text:sessionDelete)
                  0101534c    0000001e     sysbios.aem4 : m3_Hwi_asm_switch.obj (.text:ti_sysbios_family_xxx_Hwi_switchAndRunFunc)
                  0101536a    00000002     --HOLE-- [fill = 0]
                  0101536c    0000001c     uart_term.obj (.text:Message)
                  01015388    0000001c     driverlib.a : pin.obj (.text:PinToPadGet)
                  010153a4    0000001c     simplelink.a : device.obj (.text:_SlDeviceGetStartResponseConvert)
                  010153c0    0000001c                  : spawn.obj (.text:_SlInternalIsItSpawnThread)
                  010153dc    0000001c     mqtt_release.a : client_core.oem4 (.text:awaitsPkts)
                  010153f8    0000001c                    : client_core.oem4 (.text:doNetCloseTx)
                  01015414    0000001c     rtsv7M4_T_le_eabi.lib : memccpy.c.obj (.text:memccpy)
                  01015430    0000001c     mqtt_release.a : client_core.oem4 (.text:processRecv)
                  0101544c    00000004     --HOLE-- [fill = 0]
                  01015450    0000001c     sysbios.aem4 : BIOS.obj (.text:ti_sysbios_family_arm_m3_Hwi_excHandler__I)
                  0101546c    00000004     --HOLE-- [fill = 0]
                  01015470    0000001c                  : BIOS.obj (.text:ti_sysbios_family_arm_m3_Timer_Module_startup__E)
                  0101548c    00000004     --HOLE-- [fill = 0]
                  01015490    0000001c                  : BIOS.obj (.text:ti_sysbios_family_arm_m3_Timer_stop__E)
                  010154ac    00000004     --HOLE-- [fill = 0]
                  010154b0    0000001c                  : BIOS.obj (.text:ti_sysbios_gates_GateMutex_Instance_init__E)
                  010154cc    00000004     --HOLE-- [fill = 0]
                  010154d0    0000001c                  : BIOS.obj (.text:ti_sysbios_knl_Clock_Instance_finalize__E)
                  010154ec    0000001c     release_pem4.oem4 (.text:ti_sysbios_knl_Queue_destruct)
                  01015508    0000001c     sysbios.aem4 : BIOS.obj (.text:ti_sysbios_knl_Queue_get__E)
                  01015524    00000004     --HOLE-- [fill = 0]
                  01015528    0000001c                  : BIOS.obj (.text:ti_sysbios_knl_Queue_put__E)
                  01015544    00000004     --HOLE-- [fill = 0]
                  01015548    0000001c                  : BIOS.obj (.text:ti_sysbios_knl_Task_enter__I)
                  01015564    00000004     --HOLE-- [fill = 0]
                  01015568    0000001c                  : BIOS.obj (.text:ti_sysbios_rts_ti_ReentSupport_getReent__F)
                  01015584    00000004     --HOLE-- [fill = 0]
                  01015588    0000001c                  : BIOS.obj (.text:timerThreadFxn$51)
                  010155a4    0000001c     mqtt_release.a : client_core.oem4 (.text:usedCtxsTOSort)
                  010155c0    0000001a                    : mqtt_common.oem4 (.text:MQTT_packetAckWlistPurge)
                  010155da    0000001a     slnetifwifi.a : slnetifwifi.obj (.text:SlNetIfWifi_listen)
                  010155f4    0000001a     release_pem4.oem4 (.text:free)
                  0101560e    0000001a     sysbios.aem4 : m3_Hwi_asm.obj (.text:ti_sysbios_family_arm_m3_Hwi_pendSV__I)
                  01015628    00000018     mqtt_release.a : mqtt_common.oem4 (.text:MQTT_clCtxTimeoutUpdate)
                  01015640    00000018     drivers_cc32xx.aem4 : PowerCC32XX.oem4 (.text:Power_idleFunc)
                  01015658    00000018     driverlib.a : uart.obj (.text:UARTBusy)
                  01015670    00000018     drivers_cc32xx.aem4 : UART.oem4 (.text:UART_Params_init)
                  01015688    00000018     rtsv7M4_T_le_eabi.lib : args_main.c.obj (.text:_args_main)
                  010156a0    00000018                           : vsnprintf.c.obj (.text:_outc)
                  010156b8    00000018     mqtt_release.a : client_core.oem4 (.text:groupCtxsAdjWaitSecsGet)
                  010156d0    00000018                    : client_core.oem4 (.text:netClCtxFind)
                  010156e8    00000018     uart_term.obj (.text:putch)
                  01015700    00000018     rtsv7M4_T_le_eabi.lib : ll_mul_t2.asm.obj (.text)
                  01015718    00000018                           : strcmp.c.obj (.text:strcmp)
                  01015730    00000018     release_pem4.oem4 (.text:ti_sysbios_BIOS_rtsUnlock__I)
                  01015748    00000018     release_pem4.oem4 (.text:ti_sysbios_family_arm_m3_Hwi_Module__startupDone__F)
                  01015760    00000018     release_pem4.oem4 (.text:ti_sysbios_family_arm_m3_Timer_Module__startupDone__F)
                  01015778    00000018     sysbios.aem4 : BIOS.obj (.text:ti_sysbios_gates_GateMutex_leave__E)
                  01015790    00000018                  : BIOS.obj (.text:ti_sysbios_knl_Task_sleepTimeout__I)
                  010157a8    00000018     release_pem4.oem4 (.text:ti_sysbios_rts_ti_ReentSupport_getTlsAddr__I)
                  010157c0    00000018     sysbios.aem4 : BIOS.obj (.text:xdc_runtime_Error_init__E)
                  010157d8    00000018                  : BIOS.obj (.text:xdc_runtime_System_exit__E)
                  010157f0    00000016     mqtt_release.a : mqtt_net_func.oem4 (.text:MQTTNet_commClose)
                  01015806    00000016                    : mqtt_common.oem4 (.text:MQTT_clCtxReset)
                  0101581c    00000016                    : mqtt_common.oem4 (.text:MQTT_packetFree)
                  01015832    00000016                    : mqtt_common.oem4 (.text:MQTT_packetInit)
                  01015848    00000016     driverlib.a : prcm.obj (.text:PRCMHIBRegRead)
                  0101585e    00000016                 : prcm.obj (.text:PRCMHIBRegWrite)
                  01015874    00000016     simplelink.a : driver.obj (.text:_SlDrvMemZero)
                  0101588a    00000006     drivers_cc32xx.aem4 : SPICC32XXDMA.oem4 (.text:SPICC32XXDMA_control)
                  01015890    00000016     sysbios.aem4 : BIOS.obj (.text:pthread_mutex_destroy)
                  010158a6    00000016     rtsv7M4_T_le_eabi.lib : strchr.c.obj (.text:strchr)
                  010158bc    00000016     release_pem4.oem4 (.text:ti_sysbios_BIOS_exitFunc__I)
                  010158d2    00000006     driverlib.a : utils.obj (.text:UtilsDelay)
                  010158d8    00000016     sysbios.aem4 : BIOS.obj (.text:timerFxn$51)
                  010158ee    00000014     mqtt_release.a : mqttclient.oem4 (.text:MQTTClient_publish)
                  01015902    00000014                    : mqtt_net_func.oem4 (.text:MQTTNet_rtcSecs)
                  01015916    00000014                    : mqtt_common.oem4 (.text:MQTT_packetAckWlistAppend)
                  0101592a    00000014                    : mqtt_common.oem4 (.text:MQTT_packetReset)
                  0101593e    00000002     --HOLE-- [fill = 0]
                  01015940    00000014     drivers_cc32xx.aem4 : PowerCC32XX.oem4 (.text:Power_getDependencyCount)
                  01015954    00000014                         : SPI.oem4 (.text:SPI_Params_init)
                  01015968    00000014     slnetsock_release.a : slnetsock.oem4 (.text:SlNetSock_sdsClrAll)
                  0101597c    00000014     mqtt_release.a : client_core.oem4 (.text:ack1WlRmfree)
                  01015990    00000014     sysbios.aem4 : BIOS.obj (.text:pthread_attr_setschedparam)
                  010159a4    00000014     rtsv7M4_T_le_eabi.lib : strcpy.c.obj (.text:strcpy)
                  010159b8    00000014                           : strlen.c.obj (.text:strlen)
                  010159cc    00000014     release_pem4.oem4 (.text:ti_sysbios_family_arm_m3_Hwi_Object__get__S)
                  010159e0    00000014     sysbios.aem4 : BIOS.obj (.text:ti_sysbios_family_arm_m3_Hwi_switchFromBootStack__E)
                  010159f4    00000014     release_pem4.oem4 (.text:ti_sysbios_heaps_HeapMem_Object__get__S)
                  01015a08    00000014     sysbios.aem4 : BIOS.obj (.text:ti_sysbios_knl_Clock_tickReconfig__E)
                  01015a1c    00000014     release_pem4.oem4 (.text:ti_sysbios_knl_Swi_Object__get__S)
                  01015a30    00000014     mqtt_release.a : client_core.oem4 (.text:txPartBufP)
                  01015a44    00000014                    : client_core.oem4 (.text:txPartReset)
                  01015a58    00000012     dpl_cc32xx.aem4 : SemaphoreP_tirtos.oem4 (.text:SemaphoreP_pend)
                  01015a6a    00000012     slnetifwifi.a : slnetifwifi.obj (.text:SlNetIfWifi_close)
                  01015a7c    00000004     --HOLE-- [fill = 0]
                  01015a80    00000012     sysbios.aem4 : BIOS.obj (.text:_pthread_runStub$41)
                  01015a92    00000012     mqtt_release.a : client_core.oem4 (.text:mqpDoNotReportCor)
                  01015aa4    00000012                    : client_core.oem4 (.text:sessionResume)
                  01015ab6    00000002     --HOLE-- [fill = 0]
                  01015ab8    00000012     sysbios.aem4 : BIOS.obj (.text:ti_sysbios_hal_Hwi_Module_startup__E)
                  01015aca    00000012     rtsv7M4_T_le_eabi.lib : wcslen.c.obj (.text:wcslen)
                  01015adc    00000012     release_pem4.oem4 (.text:xdc_runtime_Startup_exec__I)
                  01015aee    00000010     ti_drivers_config.obj (.text:Board_init)
                  01015afe    00000010     dpl_cc32xx.aem4 : HwiP_tirtos.oem4 (.text:HwiP_Params_init)
                  01015b0e    00000002     --HOLE-- [fill = 0]
                  01015b10    00000010     mqtt_client_app.obj (.text:LedTimerDeinitStop)
                  01015b20    00000010     mqtt_release.a : client_core.oem4 (.text:MQTTClientCore_sendUnsubMsg)
                  01015b30    00000010     slnetsock_release.a : slnetsock.oem4 (.text:SlNetSock_secAttribCreate)
                  01015b40    00000010     simplelink.a : driver.obj (.text:_SlDrvDispatchHttpServerEvents)
                  01015b50    00000010                  : driver.obj (.text:_SlDrvDispatchNetAppRequestEvents)
                  01015b60    00000010                  : driver.obj (.text:_SlDrvIsSpawnOwnGlobalLock)
                  01015b70    00000010     mqtt_release.a : client_core.oem4 (.text:clCtxFreeup)
                  01015b80    00000010     ti_drivers_config.obj (.text:dmaErrorFxn)
                  01015b90    00000010     mqtt_release.a : client_core.oem4 (.text:isConnected)
                  01015ba0    00000010                    : client_core.oem4 (.text:isValidUTF8String)
                  01015bb0    00000010                    : client_core.oem4 (.text:mqpFree)
                  01015bc0    00000010     sysbios.aem4 : BIOS.obj (.text:pthread_mutexattr_init)
                  01015bd0    00000010                  : BIOS.obj (.text:pthread_mutexattr_settype)
                  01015be0    00000010                  : BIOS.obj (.text:ti_sysbios_BIOS_getCpuFreq__E)
                  01015bf0    00000010                  : BIOS.obj (.text:ti_sysbios_BIOS_setThreadType__E)
                  01015c00    00000010                  : BIOS.obj (.text:ti_sysbios_BIOS_start__E)
                  01015c10    00000010                  : m3_TaskSupport_asm.obj (.text:ti_sysbios_family_arm_m3_TaskSupport_glue)
                  01015c20    00000010                  : m3_TaskSupport_asm.obj (.text:ti_sysbios_family_arm_m3_TaskSupport_swap__E)
                  01015c30    00000010                  : BIOS.obj (.text:ti_sysbios_gates_GateMutex_Instance_finalize__E)
                  01015c40    00000010     release_pem4.oem4 (.text:ti_sysbios_knl_Mailbox_Object__get__S)
                  01015c50    00000010     sysbios.aem4 : BIOS.obj (.text:ti_sysbios_knl_Semaphore_Instance_finalize__E)
                  01015c60    00000010                  : BIOS.obj (.text:ti_sysbios_knl_Swi_disable__E)
                  01015c70    00000010     release_pem4.oem4 (.text:ti_sysbios_knl_Task_Object__get__S)
                  01015c80    00000010     sysbios.aem4 : BIOS.obj (.text:ti_sysbios_knl_Task_disable__E)
                  01015c90    00000010                  : BIOS.obj (.text:xdc_runtime_Memory_free__E)
                  01015ca0    00000010                  : BIOS.obj (.text:xdc_runtime_SysCallback_abort__E)
                  01015cb0    00000010                  : BIOS.obj (.text:xdc_runtime_SysCallback_exit__E)
                  01015cc0    0000000e     mqtt_release.a : mqttclient.oem4 (.text:MQTTClient_subscribe)
                  01015cce    0000000e                    : mqttclient.oem4 (.text:MQTTClient_unsubscribe)
                  01015cdc    0000000e     simplelink.a : driver.obj (.text:_SlDrvResetCmdExt)
[...]
01016051  HwiP_restore                                                    
01016051  ti_sysbios_family_arm_m3_Hwi_restoreFxn__E                      
01016051  ti_sysbios_hal_Hwi_HwiProxy_restore__E                          
01016059  ti_sysbios_gates_GateHwi_leave__E                               
01016061  ti_sysbios_heaps_HeapMem_isBlocking__E                          
01016069  ti_sysbios_knl_Clock_stop__E                                    
01016071  ti_sysbios_knl_Queue_Instance_init__E                           
01016079  ti_sysbios_knl_Swi_startup__E                                   
01016081  xdc_runtime_System_Module_startup__E                            
01016089  __aeabi_errno_addr                                              
01016091  ti_sysbios_family_arm_m3_Timer_getMaxTicks__E                   
01016099  ti_sysbios_gates_GateHwi_query__E                               
01016099  xdc_runtime_Main_Module_GateProxy_query__E                      
01016099  xdc_runtime_System_Module_GateProxy_query__E                    
010160a1  ti_sysbios_BIOS_RtsGateProxy_query__E                           
010160a1  ti_sysbios_gates_GateMutex_query__E                             
010160a1  ti_sysbios_heaps_HeapMem_Module_GateProxy_query__E              
010160a9  ti_sysbios_knl_Clock_setTimeout__E                              
010160b1  ti_sysbios_knl_Task_startup__E                                  
010160b9  ti_sysbios_BIOS_linkedWithIncorrectBootLibrary__E               
010160c1  ti_sysbios_gates_GateHwi_Instance_init__E                       
010160c9  ti_sysbios_knl_Clock_logTick__E                                 
010160d1  xdc_runtime_SysCallback_defaultAbort                            
010160d9  xdc_runtime_SysCallback_defaultExit                             
010160e1  xdc_runtime_System_abortSpin__E                                 
010160e9  xdc_runtime_System_exitSpin__E                                  
010160ec  _ctypes_                                                        
01016484  spiCC32XXDMAHWAttrs                                             
010164fc  OpcodeTranslateTable                                            
0101656c  _SlActionLookupTable                                            
010165bc  PowerCC32XX_config                                              
010165fc  ti_sysbios_knl_Task_Object__PARAMS__C                           
01016638  ti_sysbios_knl_Mailbox_Object__PARAMS__C                        
0101666c  ti_sysbios_family_arm_m3_Hwi_Object__PARAMS__C                  
0101669c  UARTCC32XXDMA_fxnTable                                          
010166c4  ti_sysbios_heaps_HeapMem_Module__FXNS__C                        
010166ec  UART_defaultParams                                              
01016710  ti_sysbios_gates_GateHwi_Module__FXNS__C                        
01016734  ti_sysbios_gates_GateMutex_Module__FXNS__C                      
01016758  ti_sysbios_heaps_HeapMem_Object__PARAMS__C                      
0101677c  ti_sysbios_knl_Clock_Object__PARAMS__C                          
010167a0  ti_sysbios_knl_Semaphore_Object__PARAMS__C                      
0101682c  SPI_defaultParams                                               
0101686c  ti_sysbios_family_arm_m3_Hwi_Object__DESC__C                    
0101688c  ti_sysbios_gates_GateHwi_Object__DESC__C                        
010168ac  ti_sysbios_gates_GateMutex_Object__DESC__C                      
010168cc  ti_sysbios_heaps_HeapMem_Object__DESC__C                        
010168ec  ti_sysbios_knl_Clock_Object__DESC__C                            
0101690c  ti_sysbios_knl_Mailbox_Object__DESC__C                          
0101692c  ti_sysbios_knl_Queue_Object__DESC__C                            
0101694c  ti_sysbios_knl_Semaphore_Object__DESC__C                        
0101696c  ti_sysbios_knl_Task_Object__DESC__C                             
0101698c  xdc_runtime_Startup_sfxnTab__A                                  
010169ac  SPICC32XXDMA_fxnTable                                           
010169c4  SPI_config                                                      
010169dc  ti_sysbios_gates_GateHwi_Object__PARAMS__C                      
010169f4  ti_sysbios_gates_GateMutex_Object__PARAMS__C                    
01016a0c  ti_sysbios_knl_Queue_Object__PARAMS__C                          
01016a24  ti_sysbios_knl_Task_hooks__A                                    
01016b0c  GPIOCC32XX_config                                               
01016be0  xdc_runtime_Startup_sfxnRts__A                                  
01016bf0  UART_config                                                     
01016c20  udmaCC3220SHWAttrs                                              
01016c2c  xdc_runtime_Startup_firstFxns__A                                
01016c40  UDMACC32XX_config                                               
01016c60  outPinTypes                                                     
01016c68  heap0                                                           
01016c6c  tiposix_mqGate                                                  
01016c78  ti_sysbios_knl_Idle_funcList__A                                 
01016c80  ti_sysbios_knl_Idle_funcList__C                                 
01016c88  ti_sysbios_knl_Task_hooks__C                                    
01016c90  xdc_runtime_Startup_firstFxns__C                                
01016c98  xdc_runtime_Startup_lastFxns__C                                 
01016ca6  inPinTypes                                                      
01016cac  outPinStrengths                                                 
01016cb2  Display_count                                                   
01016cb3  CryptoCC32XX_count                                              
01016cb4  SPI_count                                                       
01016cb5  Timer_count                                                     
01016cb6  UART_count                                                      
01016cb7  Watchdog_count                                                  
01016cbd  ti_sysbios_knl_Clock_tickMode__C                                
01016cf6  _SlNetAppSendResponseCmdCtrl                                    
01016cfa  _SlNetAppSendTokenValueCmdCtrl                                  
01016d2a  ti_sysbios_family_arm_m3_Hwi_Module__id__C                      
01016d2c  ti_sysbios_family_arm_m3_Hwi_E_alreadyDefined__C                
01016d30  ti_sysbios_family_arm_m3_Hwi_E_badIntNum__C                     
01016d34  ti_sysbios_family_arm_m3_Hwi_NUM_INTERRUPTS__C                  
01016d38  ti_sysbios_family_arm_m3_Hwi_Object__count__C                   
01016d3c  ti_sysbios_family_arm_m3_Hwi_ccr__C                             
01016d40  ti_sysbios_family_arm_m3_Hwi_excHandlerFunc__C                  
01016d44  ti_sysbios_family_arm_m3_Hwi_nullIsrFunc__C                     
01016d48  ti_sysbios_family_arm_m3_Hwi_priGroup__C                        
01016d4c  ti_sysbios_family_arm_m3_Hwi_swiDisable__C                      
01016d50  ti_sysbios_family_arm_m3_Hwi_swiRestore__C                      
01016d54  ti_sysbios_family_arm_m3_TaskSupport_stackAlignment__C          
01016d58  ti_sysbios_family_arm_m3_Timer_E_cannotSupport__C               
01016d5c  ti_sysbios_family_arm_m3_Timer_startupNeeded__C                 
01016d60  ti_sysbios_gates_GateMutex_Instance_State_sem__O                
01016d64  ti_sysbios_heaps_HeapMem_E_memory__C                            
01016d68  ti_sysbios_heaps_HeapMem_Module__gateObj__C                     
01016d6c  ti_sysbios_heaps_HeapMem_Object__count__C                       
01016d70  ti_sysbios_heaps_HeapMem_primaryHeapBaseAddr__C                 
01016d74  ti_sysbios_heaps_HeapMem_primaryHeapEndAddr__C                  
01016d78  ti_sysbios_heaps_HeapMem_reqAlign__C                            
01016d7c  ti_sysbios_knl_Clock_Module_State_clockQ__O                     
01016d80  ti_sysbios_knl_Clock_tickPeriod__C                              
01016d84  ti_sysbios_knl_Mailbox_Instance_State_dataQue__O                
01016d88  ti_sysbios_knl_Mailbox_Instance_State_dataSem__O                
01016d8c  ti_sysbios_knl_Mailbox_Instance_State_freeQue__O                
01016d90  ti_sysbios_knl_Mailbox_Instance_State_freeSem__O                
01016d94  ti_sysbios_knl_Mailbox_Object__count__C                         
01016d98  ti_sysbios_knl_Mailbox_maxTypeAlign__C                          
01016d9c  ti_sysbios_knl_Semaphore_Instance_State_pendQ__O                
01016da0  ti_sysbios_knl_Swi_Object__count__C                             
01016da4  ti_sysbios_knl_Task_Module_State_inactiveQ__O                   
01016da8  ti_sysbios_knl_Task_Object__count__C                            
01016dac  ti_sysbios_knl_Task_Object__heap__C                             
01016db0  ti_sysbios_knl_Task_allBlockedFunc__C                           
01016db4  ti_sysbios_knl_Task_defaultStackHeap__C                         
01016db8  ti_sysbios_knl_Task_defaultStackSize__C                         
01016dbc  ti_sysbios_knl_Task_numConstructedTasks__C                      
01016dc0  xdc_runtime_Error_E_memory__C                                   
01016dc4  xdc_runtime_Error_policyFxn__C                                  
01016dc8  xdc_runtime_IGateProvider_Interface__BASE__C                    
01016dcc  xdc_runtime_IHeap_Interface__BASE__C                            
01016dd0  xdc_runtime_IModule_Interface__BASE__C                          
01016dd4  xdc_runtime_Memory_defaultHeapInstance__C                       
01016dd8  xdc_runtime_Startup_execImpl__C                                 
01016ddc  xdc_runtime_Startup_maxPasses__C                                
01016de0  xdc_runtime_Startup_sfxnRts__C                                  
01016de4  xdc_runtime_Startup_sfxnTab__C                                  
01016de8  xdc_runtime_SysCallback_abortFxn__C                             
01016dec  xdc_runtime_SysCallback_exitFxn__C                              
01016df0  xdc_runtime_System_Module__gateObj__C                           
01016df4  xdc_runtime_System_abortFxn__C                                  
01016df8  xdc_runtime_System_exitFxn__C                                   
01016dfc  xdc_runtime_System_maxAtexitHandlers__C                         
01016e00  ti_sysbios_family_arm_m3_Timer_Module__id__C                    
01016e02  ti_sysbios_heaps_HeapMem_Module__id__C                          
01016e04  xdc_runtime_Memory_Module__id__C                                
01016e06  ti_sysbios_knl_Clock_tickSource__C                              
01016e07  xdc_runtime_Error_policy__C                                     
01016e08  __TI_static_base__                                              
0101713c  __TI_Handler_Table_Base                                         
01017148  __TI_Handler_Table_Limit                                        
01017150  __TI_CINIT_Base                                                 
01017160  __TI_CINIT_Limit                                                
20000000  ti_sysbios_family_arm_m3_Hwi_ramVectors                         
20000310  __primary_heap_start__                                          
20008310  __primary_heap_end__                                            
20009000  g_CB                                                            
200093fc  ti_sysbios_family_arm_m3_Hwi_dispatchTable                      
20009708  clients                                                         
200099b8  ti_sysbios_knl_Task_Instance_State_0_stack__A                   
20009bb8  PowerCC32XX_contextSave                                         
20009db4  spiCC32XXDMAObjects                                             
20009ebc  uartCC32XXObjects0                                              
20009f70  GlobalLockObj                                                   
20009f9c  g_SlInternalSpawnCB                                             
20009fc4  g_ucConnectionSSID                                              
2000a064  MQTTClient_Lib_CB                                               
2000a074  DeviceCB                                                        
2000a080  MqttClientExmple_params                                         
2000a08c  Msg                                                             
2000a098  g_ucConnectionBSSID                                             
2000a0a0  spiCC32XXSDMAscratchBuf                                         
2000a0a8  udmaCC3220SObject                                               
2000a0bc  ClockP_tickPeriod                                               
2000a0c0  g_PBQueue                                                       
2000a0c4  g_timer                                                         
2000a0c8  ti_sysbios_knl_Task_Instance_State_0_hookEnv__A                 
2000a0cc  MQTTClient_waitSecs                                             
2000a0ce  g_usConnectIndex                                                
2000a0d0  g_usTimerInts                                                   
2000a0d2  RxIrqCnt                                                        
2000a0d4  PowerCC32XX_module                                              
2000a240  parkInfo                                                        
2000a3c0  ti_sysbios_knl_Swi_Module_State_0_readyQ__A                     
2000a440  ti_sysbios_knl_Task_Module_State_0_readyQ__A                    
2000a4c0  SlNetIfConfigWifi                                               
2000a518  ti_sysbios_gates_GateMutex_Object__table__V                     
2000a56c  ti_sysbios_knl_Task_Object__table__V                            
2000a5b8  ti_sysbios_knl_Task_Module__state__V                            
2000a631  lineBreak                                                       
2000a634  ti_sysbios_family_arm_m3_Hwi_Module__state__V                   
2000a668  gApConnectionState                                              
2000a66c  gInitState                                                      
2000a670  memPtrCounterfree                                               
2000a674  gResetApplication                                               
2000a678  g_rx_task_hndl                                                  
2000a67c  gUiConnFlag                                                     
2000a680  ClientUsername                                                  
2000a684  ClientPassword                                                  
2000a688  publish_topic                                                   
2000a68c  publish_data                                                    
2000a690  mqttThread                                                      
2000a694  appThread                                                       
2000a698  ti_sysbios_family_arm_m3_Timer_Object__table__V                 
2000a6c8  ti_sysbios_knl_Swi_Object__table__V                             
2000a6f8  ti_sysbios_knl_Clock_Module__state__V                           
2000a724  MQTTClient_net                                                  
2000a74c  g_LibsEvents                                                    
2000a770  g_UserEvents                                                    
2000a794  ti_sysbios_BIOS_Module__state__V                                
2000a7b8  gpioCallbackFunctions                                           
2000a7d8  gpioPinConfigs                                                  
2000a7f8  xdc_runtime_Error_IgnoreBlock                                   
2000a818  ti_sysbios_knl_Swi_Module__state__V                             
2000a834  Mqtt_ClientCtx                                                  
2000a84c  ti_sysbios_family_arm_m3_Hwi_Object__table__V                   
2000a864  ti_sysbios_heaps_HeapMem_Object__table__V                       
2000a87c  ti_sysbios_family_arm_cc32xx_Seconds_Module__state__V           
2000a88c  topic                                                           
2000a89c  ClientId                                                        
2000a8aa  ti_sysbios_family_arm_m3_Hwi_Module_State_0_excActive__A        
2000a8ac  SecurityParams                                                  
2000a8b8  g_ulStaIp                                                       
2000a8bc  g_ulGatewayIP                                                   
2000a8c0  g_ulStatus                                                      
2000a8c4  gGlobalLockCntRequested                                         
2000a8c5  gGlobalLockCntReleased                                          
2000a8c6  g_SlDeviceStatus                                                
2000a8c8  g_pCB                                                           
2000a8cc  pPingCallBackFunc                                               
2000a8d0  ti_sysbios_family_arm_m3_Timer_Module__state__V                 
2000a8dc  will_param                                                      
2000a900  MQTTClient_closeContext                                         
2000a904  MQTTClient_clientContext                                        
2000a908  MQTTClient_multiSrvConn                                         
2000a90c  _lock                                                           
2000a910  _unlock                                                         
2000a914  MQTTClient_clientCfg                                            
2000a924  ti_sysbios_family_arm_m3_Hwi_Module__root__V                    
2000a92c  ti_sysbios_gates_GateHwi_Module__root__V                        
2000a934  ti_sysbios_gates_GateMutex_Module__root__V                      
2000a93c  ti_sysbios_heaps_HeapMem_Module__root__V                        
2000a944  ti_sysbios_knl_Clock_Module__root__V                            
2000a94c  ti_sysbios_knl_Mailbox_Module__root__V                          
2000a954  ti_sysbios_knl_Queue_Module__root__V                            
2000a95c  ti_sysbios_knl_Semaphore_Module__root__V                        
2000a964  ti_sysbios_knl_Task_Module__root__V                             
2000a96c  xdc_runtime_Startup_Module__state__V                            
2000a974  xdc_runtime_System_Module_State_0_atexitHandlers__A             
2000a97c  xdc_runtime_System_Module__state__V                             
2000a98c  MQTTClient_connectCfg                                           
2000a990  qos                                                             
2000a994  main_func_sp                                                    
2000a998  g_intHandle                                                     
2000a9a0  ti_sysbios_family_arm_m3_Hwi_Module_State_0_excContext__A       
2000a9a4  ti_sysbios_family_arm_m3_Hwi_Module_State_0_excStack__A         
2000a9a8  ti_sysbios_gates_GateHwi_Object__table__V                       
2000a9ac  ti_sysbios_knl_Task_Module_State_0_idleTask__A                  
2000a9b0  ti_sysbios_rts_ti_ReentSupport_Module__state__V                 
2000a9b4  xdc_runtime_Memory_Module__state__V                             
2003fc00  __stack                                                         
20040000  __STACK_END                                                     
e000e000  ti_sysbios_family_arm_m3_Hwi_nvic                               
ffffffff  __TI_pprof_out_hndl                                             
ffffffff  __TI_prof_data_size                                             
ffffffff  __TI_prof_data_start                                            
ffffffff  __binit__                                                       
ffffffff  __c_args__                                                      
ffffffff  binit                                                           
UNDEFED   SHT$$INIT_ARRAY$$Base                                           
UNDEFED   SHT$$INIT_ARRAY$$Limit                                          

[978 symbols]
