******************************************************************************
                  TI ARM Linker PC v18.12.4                    
******************************************************************************
>> Linked Wed Mar 11 13:21:16 2020

OUTPUT FILE NAME:   <buttonled_CC3235SF_LAUNCHXL_tirtos_ccs.out>
ENTRY POINT SYMBOL: "_c_int00"  address: 01006381


MEMORY CONFIGURATION

         name            origin    length      used     unused   attr    fill
----------------------  --------  ---------  --------  --------  ----  --------
  FLASH_HDR             01000000   000007ff  00000000  000007ff  R  X
  FLASH                 01000800   000ff800  0000841f  000f73e1  R  X
  SRAM                  20000000   00040000  00009ade  00036522  RW X


SEGMENT ALLOCATION MAP

run origin  load origin   length   init length attrs members
----------  ----------- ---------- ----------- ----- -------
01000800    01000800    00008428   00008428    r-x
  01000800    01000800    0000003c   0000003c    r-- .resetVecs
  01000840    01000840    000078fa   000078fa    r-x .text
  0100813c    0100813c    00000881   00000881    r-- .const
  010089c0    010089c0    00000268   00000268    r-- .cinit
20000310    20000310    00008000   00000000    r--
  20000310    20000310    00008000   00000000    r-- .priheap
20008310    20008310    000013d2   00000000    rw-
  20008310    20008310    00000ce4   00000000    rw- .bss
  20008ff4    20008ff4    000006ee   00000000    rw- .data
2003fc00    2003fc00    00000400   00000000    rw-
  2003fc00    2003fc00    00000400   00000000    rw- .stack


SECTION ALLOCATION MAP

 output                                  attributes/
section   page    origin      length       input sections
--------  ----  ----------  ----------   ----------------
.text      0    01000840    000078fa     
                  01000840    0000048b     sysbios.aem4 : BIOS.obj (.text:xdc_runtime_System_doPrint__I)
                  01000ccb    00000001     --HOLE-- [fill = 0]
                  01000ccc    00000430     driverlib.a : prcm.obj (.text:PRCMCC3200MCUInit)
                  010010fc    00000280     drivers_cc32xx.aem4 : UARTCC32XX.oem4 (.text:UARTCC32XX_open)
                  0100137c    00000240     buttonled.obj (.text:mainThread)
                  010015bc    000001d4     drivers_cc32xx.aem4 : GPIOCC32XX.oem4 (.text:GPIO_setConfig)
                  01001790    000001b6     rtsv7M4_T_le_eabi.lib : fd_add_t2.asm.obj (.text)
                  01001946    00000186     drivers_cc32xx.aem4 : Button.oem4 (.text:Button_clockTimeoutHandler)
                  01001acc    00000180     release_pem4.oem4 (.text:xdc_runtime_System_printfExtend__I)
                  01001c4c    0000014c     dpl_cc32xx.aem4 : PowerCC32XX_tirtos.oem4 (.text:PowerCC32XX_sleepPolicy)
                  01001d98    00000148     drivers_cc32xx.aem4 : PowerCC32XX.oem4 (.text:parkPins)
                  01001ee0    00000140                         : PWMTimerCC32XX.oem4 (.text:PWMTimerCC32XX_setDutyAndPeriod)
                  01002020    00000138                         : PowerCC32XX.oem4 (.text:Power_sleep)
                  01002158    00000130     sysbios.aem4 : BIOS.obj (.text:ti_sysbios_knl_Semaphore_pend__E)
                  01002288    00000128     drivers_cc32xx.aem4 : TimerCC32XX.oem4 (.text:TimerCC32XX_open)
                  010023b0    00000120                         : UARTCC32XX.oem4 (.text:UARTCC32XX_close)
                  010024d0    00000120     sysbios.aem4 : BIOS.obj (.text:xdc_runtime_Startup_startMods__I)
                  010025f0    00000110     drivers_cc32xx.aem4 : LED.oem4 (.text:LED_open)
                  01002700    00000110     sysbios.aem4 : BIOS.obj (.text:ti_sysbios_knl_Task_postInit__I)
                  01002810    00000104                  : BIOS.obj (.text:ti_sysbios_knl_Task_Instance_finalize__E)
                  01002914    000000fc     rtsv7M4_T_le_eabi.lib : fd_mul_t2.asm.obj (.text)
                  01002a10    000000f2     drivers_cc32xx.aem4 : UARTCC32XX.oem4 (.text:UARTCC32XX_control)
                  01002b02    00000002     ti_drivers_config.obj (.text:Board_initHook)
                  01002b04    000000f0     drivers_cc32xx.aem4 : PWMTimerCC32XX.oem4 (.text:PWMTimerCC32XX_open)
                  01002bf4    00000004     dpl_cc32xx.aem4 : ClockP_tirtos.oem4 (.text:ClockP_getCpuFreq)
                  01002bf8    000000f0     sysbios.aem4 : BIOS.obj (.text:pthread_create)
                  01002ce8    000000f0                  : BIOS.obj (.text:ti_sysbios_knl_Task_Instance_init__E)
                  01002dd8    000000e8     drivers_cc32xx.aem4 : Button.oem4 (.text:Button_open)
                  01002ec0    000000d0     sysbios.aem4 : BIOS.obj (.text:ti_sysbios_heaps_HeapMem_alloc__E)
                  01002f90    000000cc                  : m3_Hwi_asm.obj (.text:ti_sysbios_family_arm_m3_Hwi_dispatch__I)
                  0100305c    000000ca     drivers_cc32xx.aem4 : UARTCC32XX.oem4 (.text:UARTCC32XX_write)
                  01003126    00000002     display.aem4 : DisplayUart.oem4 (.text:DisplayUartMin_clear)
                  01003128    000000c4     drivers_cc32xx.aem4 : GPIOCC32XX.oem4 (.text:GPIO_init)
                  010031ec    000000c4                         : PWMTimerCC32XX.oem4 (.text:PWMTimerCC32XX_stop)
                  010032b0    000000c0                         : PowerCC32XX.oem4 (.text:restoreParkedPins)
                  01003370    000000bc     sysbios.aem4 : BIOS.obj (.text:xdc_runtime_Core_createObject__I)
                  0100342c    000000ba     drivers_cc32xx.aem4 : UARTCC32XX.oem4 (.text:UARTCC32XX_readPolling)
                  010034e6    00000002     display.aem4 : DisplayUart.oem4 (.text:DisplayUartMin_clearLines)
                  010034e8    000000b8     drivers_cc32xx.aem4 : PWMTimerCC32XX.oem4 (.text:PWMTimerCC32XX_setDuty)
                  010035a0    000000b8                         : UARTCC32XX.oem4 (.text:initHw)
                  01003658    000000b8     sysbios.aem4 : BIOS.obj (.text:ti_sysbios_family_arm_m3_Hwi_Instance_init__E)
                  01003710    000000b6     drivers_cc32xx.aem4 : UARTCC32XX.oem4 (.text:readTaskCallback)
                  010037c6    000000ae                         : UARTCC32XX.oem4 (.text:readIsrTextBlocking)
                  01003874    000000a8                         : PowerCC32XX.oem4 (.text:PowerCC32XX_configureWakeup)
                  0100391c    000000a8                         : UARTCC32XX.oem4 (.text:readTaskBlocking)
                  010039c4    000000a4                         : PWMTimerCC32XX.oem4 (.text:initHw)
                  01003a68    000000a4     sysbios.aem4 : BIOS.obj (.text:ti_sysbios_knl_Task_setPri__E)
                  01003b0c    000000a2     drivers_cc32xx.aem4 : UARTCC32XX.oem4 (.text:readIsrTextCallback)
                  01003bae    000000a2                         : UARTCC32XX.oem4 (.text:writeData)
                  01003c50    000000a0     auto_init.aem4 : auto_init.oem4 (.text)
                  01003cf0    0000009c     sysbios.aem4 : BIOS.obj (.text:_pthread_removeThreadKeys)
                  01003d8c    0000009c     rtsv7M4_T_le_eabi.lib : memcpy_t2.asm.obj (.text)
                  01003e28    00000098     drivers_cc32xx.aem4 : PWMTimerCC32XX.oem4 (.text:PWMTimerCC32XX_setPeriod)
                  01003ec0    00000098                         : GPIOCC32XX.oem4 (.text:powerNotifyFxn)
                  01003f58    00000096     rtsv7M4_T_le_eabi.lib : ull_div_t2.asm.obj (.text)
                  01003fee    00000002     display.aem4 : DisplayUart.oem4 (.text:DisplayUartMin_init)
                  01003ff0    00000094     sysbios.aem4 : BIOS.obj (.text:ti_sysbios_knl_Task_exit__E)
                  01004084    00000090     drivers_cc32xx.aem4 : PowerCC32XX.oem4 (.text:restoreNVICRegs)
                  01004114    00000004     dpl_cc32xx.aem4 : ClockP_tirtos.oem4 (.text:ClockP_setTimeout)
                  01004118    00000090     sysbios.aem4 : BIOS.obj (.text:ti_sysbios_knl_Task_Module_startup__E)
                  010041a8    0000008c                  : BIOS.obj (.text:xdc_runtime_Memory_alloc__E)
                  01004234    00000088     drivers_cc32xx.aem4 : PWMTimerCC32XX.oem4 (.text:PWMTimerCC32XX_close)
                  010042bc    00000088     driverlib.a : pin.obj (.text:PinConfigSet)
                  01004344    00000088     drivers_cc32xx.aem4 : TimerCC32XX.oem4 (.text:TimerCC32XX_setPeriod)
                  010043cc    00000004     dpl_cc32xx.aem4 : ClockP_tirtos.oem4 (.text:ClockP_start)
                  010043d0    00000088     sysbios.aem4 : BIOS.obj (.text:ti_sysbios_family_arm_m3_Hwi_initNVIC__E)
                  01004458    00000086     rtsv7M4_T_le_eabi.lib : fd_cmp_t2.asm.obj (.text:__aeabi_cdcmple)
                  010044de    00000086                           : fd_cmp_t2.asm.obj (.text:__aeabi_cdrcmple)
                  01004564    00000004     dpl_cc32xx.aem4 : ClockP_tirtos.oem4 (.text:ClockP_stop)
                  01004568    00000086     sysbios.aem4 : BIOS.obj (.text:xdc_runtime_Core_constructObject__I)
                  010045ee    00000002     drivers_cc32xx.aem4 : LED.oem4 (.text:LED_init)
                  010045f0    00000084                         : PowerCC32XX.oem4 (.text:Power_init)
                  01004674    00000084                         : PowerCC32XX.oem4 (.text:saveNVICRegs)
                  010046f8    00000084     sysbios.aem4 : BIOS.obj (.text:ti_sysbios_family_arm_m3_Hwi_postInit__I)
                  0100477c    00000004     dpl_cc32xx.aem4 : HwiP_tirtos.oem4 (.text:HwiP_clearInterrupt)
                  01004780    00000084     sysbios.aem4 : BIOS.obj (.text:ti_sysbios_heaps_HeapMem_free__E)
                  01004804    00000080     drivers_cc32xx.aem4 : PowerCC32XX.oem4 (.text:Power_setDependency)
                  01004884    00000004     dpl_cc32xx.aem4 : HwiP_tirtos.oem4 (.text:HwiP_disable)
                  01004888    00000080     sysbios.aem4 : BIOS.obj (.text:ti_sysbios_knl_Clock_workFunc__E)
                  01004908    0000007c     drivers_cc32xx.aem4 : UARTCC32XX.oem4 (.text:readIsrBinaryBlocking)
                  01004984    0000007a     rtsv7M4_T_le_eabi.lib : memset_t2.asm.obj (.text)
                  010049fe    00000002     drivers_cc32xx.aem4 : PWMTimerCC32XX.oem4 (.text:PWMTimerCC32XX_init)
                  01004a00    00000078                         : GPIOCC32XX.oem4 (.text:GPIO_hwiIntFxn)
                  01004a78    00000078                         : TimerCC32XX.oem4 (.text:TimerCC32XX_start)
                  01004af0    00000078     buttonled.obj (.text:handleButtonCallback)
                  01004b68    00000078     drivers_cc32xx.aem4 : UARTCC32XX.oem4 (.text:readIsrBinaryCallback)
                  01004be0    00000075     sysbios.aem4 : BIOS.obj (.text:xdc_runtime_System_formatNum__I)
                  01004c55    00000001     --HOLE-- [fill = 0]
                  01004c56    00000074     drivers_cc32xx.aem4 : UARTCC32XX.oem4 (.text:UARTCC32XX_hwiIntFxn)
                  01004cca    00000006     display.aem4 : DisplayUart.oem4 (.text:DisplayUartMin_control)
                  01004cd0    00000074     sysbios.aem4 : BIOS.obj (.text:xdc_runtime_Core_deleteObject__I)
                  01004d44    00000004     dpl_cc32xx.aem4 : SemaphoreP_tirtos.oem4 (.text:SemaphoreP_post)
                  01004d48    00000070     sysbios.aem4 : BIOS.obj (.text:ti_sysbios_heaps_HeapMem_initPrimary__I)
                  01004db8    0000006c                  : BIOS.obj (.text:ti_sysbios_knl_Swi_restoreHwi__E)
                  01004e24    00000068     drivers_cc32xx.aem4 : PWMTimerCC32XX.oem4 (.text:PWMTimerCC32XX_start)
                  01004e8c    00000068     rtsv7M4_T_le_eabi.lib : copy_decompress_lzss.c.obj (.text:decompress:lzss:__TI_decompress_lzss)
                  01004ef4    00000004     dpl_cc32xx.aem4 : SystemP_tirtos.oem4 (.text:SystemP_vsnprintf)
                  01004ef8    00000068     sysbios.aem4 : BIOS.obj (.text:pthread_exit)
                  01004f60    00000066     drivers_cc32xx.aem4 : UARTCC32XX.oem4 (.text:UARTCC32XX_writeCancel)
                  01004fc6    00000002                         : TimerCC32XX.oem4 (.text:TimerCC32XX_init)
                  01004fc8    00000064                         : Button.oem4 (.text:Button_gpioCallbackFxn)
                  0100502c    00000064                         : GPIOCC32XX.oem4 (.text:GPIO_toggle)
                  01005090    00000064                         : PowerCC32XX.oem4 (.text:PowerCC32XX_setParkState)
                  010050f4    00000064     main_tirtos.obj (.text:main)
                  01005158    00000064     sysbios.aem4 : BIOS.obj (.text:ti_sysbios_family_arm_m3_Hwi_dispatchC__I)
                  010051bc    00000062     drivers_cc32xx.aem4 : UARTCC32XX.oem4 (.text:UARTCC32XX_writePolling)
                  0100521e    00000002                         : UARTCC32XX.oem4 (.text:UARTCC32XX_init)
                  01005220    00000060     driverlib.a : prcm.obj (.text:PRCMSysResetCauseGet)
                  01005280    00000060     sysbios.aem4 : BIOS.obj (.text:ti_sysbios_knl_Semaphore_post__E)
                  010052e0    00000060                  : BIOS.obj (.text:ti_sysbios_knl_Swi_run__I)
                  01005340    0000005c     display.aem4 : Display.oem4 (.text:Display_doOpen)
                  0100539c    0000005c     drivers_cc32xx.aem4 : GPIOCC32XX.oem4 (.text:GPIO_setCallback)
                  010053f8    0000005c     sysbios.aem4 : BIOS.obj (.text:ti_sysbios_family_arm_m3_Timer_start__E)
                  01005454    00000004     release_pem4.oem4 (.text:ti_sysbios_BIOS_RtsGateProxy_enter__E)
                  01005458    0000005c     sysbios.aem4 : BIOS.obj (.text:ti_sysbios_knl_Swi_schedule__I)
                  010054b4    00000004     release_pem4.oem4 (.text:ti_sysbios_BIOS_RtsGateProxy_leave__E)
                  010054b8    0000005c     sysbios.aem4 : BIOS.obj (.text:ti_sysbios_knl_Task_startCore__E)
                  01005514    00000004     release_pem4.oem4 (.text:ti_sysbios_family_arm_m3_Hwi_delete)
                  01005518    0000005c     sysbios.aem4 : BIOS.obj (.text:xdc_runtime_Startup_exec__E)
                  01005574    00000058     drivers_cc32xx.aem4 : GPIOCC32XX.oem4 (.text:GPIO_write)
                  010055cc    00000058     driverlib.a : prcm.obj (.text:PRCMPeripheralReset)
                  01005624    00000058     drivers_cc32xx.aem4 : PowerCC32XX.oem4 (.text:Power_releaseDependency)
                  0100567c    00000056                         : TimerCC32XX.oem4 (.text:TimerCC32XX_stop)
                  010056d2    00000054                         : UARTCC32XX.oem4 (.text:ringBufGet)
                  01005726    00000002     rtsv7M4_T_le_eabi.lib : _lock.c.obj (.text:_nop)
                  01005728    00000054     release_pem4.oem4 (.text:ti_sysbios_family_arm_m3_Hwi_create)
                  0100577c    00000004     release_pem4.oem4 (.text:ti_sysbios_family_arm_m3_TaskSupport_Module__startupDone__S)
                  01005780    00000054     sysbios.aem4 : BIOS.obj (.text:ti_sysbios_family_arm_m3_Timer_setPeriod__E)
                  010057d4    00000052     drivers_cc32xx.aem4 : PowerCC32XX_asm.oem4 (.text:PowerCC32XX_resumeLPDS)
                  01005826    00000052                         : TimerCC32XX.oem4 (.text:initHw)
                  01005878    00000050     dpl_cc32xx.aem4 : ClockP_tirtos.oem4 (.text:ClockP_create)
                  010058c8    00000050     drivers_cc32xx.aem4 : LED.oem4 (.text:LED_startBlinking)
                  01005918    00000050                         : TimerCC32XX.oem4 (.text:TimerCC32XX_allocateTimerResource)
                  01005968    00000050     sysbios.aem4 : BIOS.obj (.text:ti_sysbios_family_arm_m3_Hwi_Module_startup__E)
                  010059b8    00000050                  : BIOS.obj (.text:ti_sysbios_knl_Clock_Instance_init__E)
                  01005a08    00000050     release_pem4.oem4 (.text:ti_sysbios_knl_Task_create)
                  01005a58    0000004c     drivers_cc32xx.aem4 : GPIOCC32XX.oem4 (.text:GPIO_disableInt)
                  01005aa4    0000004c                         : GPIOCC32XX.oem4 (.text:GPIO_enableInt)
                  01005af0    0000004c                         : PowerCC32XX.oem4 (.text:PowerCC32XX_parkPin)
                  01005b3c    0000004c     rtsv7M4_T_le_eabi.lib : cpy_tbl.c.obj (.text:copy_in)
                  01005b88    0000004c     drivers_cc32xx.aem4 : PWMTimerCC32XX.oem4 (.text:getDutyCounts)
                  01005bd4    0000004c                         : PWMTimerCC32XX.oem4 (.text:getPeriodCounts)
                  01005c20    0000004c                         : PowerCC32XX.oem4 (.text:restorePeriphClocks)
                  01005c6c    0000004c     sysbios.aem4 : m3_TaskSupport_asm.obj (.text:ti_sysbios_family_arm_m3_TaskSupport_buildTaskStack)
                  01005cb8    0000004c                  : BIOS.obj (.text:ti_sysbios_heaps_HeapMem_getStats__E)
                  01005d04    00000004     release_pem4.oem4 (.text:ti_sysbios_heaps_HeapMem_Module_GateProxy_enter__E)
                  01005d08    0000004c     sysbios.aem4 : BIOS.obj (.text:ti_sysbios_knl_Swi_runLoop__I)
                  01005d54    00000004     release_pem4.oem4 (.text:ti_sysbios_heaps_HeapMem_Module_GateProxy_leave__E)
                  01005d58    0000004c     sysbios.aem4 : BIOS.obj (.text:ti_sysbios_knl_Task_allBlockedFunction__I)
                  01005da4    00000004     release_pem4.oem4 (.text:ti_sysbios_knl_Clock_TimerProxy_getMaxTicks__E)
                  01005da8    0000004c     sysbios.aem4 : BIOS.obj (.text:ti_sysbios_knl_Task_schedule__I)
                  01005df4    0000004a     display.aem4 : DisplayUart.oem4 (.text:DisplayUartMin_open)
                  01005e3e    00000002     rtsv7M4_T_le_eabi.lib : div0.asm.obj (.text)
                  01005e40    00000048     driverlib.a : flash.obj (.text:FlashDisable)
                  01005e88    00000048                 : prcm.obj (.text:PRCMLPDSEnter)
                  01005ed0    00000048                 : prcm.obj (.text:PRCMPeripheralClkEnable)
                  01005f18    00000048     drivers_cc32xx.aem4 : PowerCC32XX.oem4 (.text:Power_releaseConstraint)
                  01005f60    00000048     rtsv7M4_T_le_eabi.lib : fd_toi_t2.asm.obj (.text)
                  01005fa8    00000048     sysbios.aem4 : BIOS.obj (.text:ti_sysbios_family_arm_m3_Hwi_disableInterrupt__E)
                  01005ff0    00000048                  : BIOS.obj (.text:ti_sysbios_family_arm_m3_Hwi_enableInterrupt__E)
                  01006038    00000048                  : m3_Hwi_asm_switch.obj (.text:ti_sysbios_family_arm_m3_Hwi_initStacks__E)
                  01006080    00000048                  : BIOS.obj (.text:ti_sysbios_family_arm_m3_Timer_initDevice__I)
                  010060c8    00000048                  : BIOS.obj (.text:ti_sysbios_knl_Mailbox_Module_startup__E)
                  01006110    00000048                  : BIOS.obj (.text:xdc_runtime_Core_assignParams__I)
                  01006158    00000046     display.aem4 : DisplayUart.oem4 (.text:DisplayUartMin_vprintf)
                  0100619e    00000046     drivers_cc32xx.aem4 : RingBuf.oem4 (.text:RingBuf_put)
                  010061e4    00000046                         : TimerCC32XX.oem4 (.text:getPrescaler)
                  0100622a    00000002     release_pem4.oem4 (.text:ti_sysbios_BIOS_nullFunc__I)
                  0100622c    00000044     driverlib.a : prcm.obj (.text:PRCMLPDSRestoreInfoSet)
                  01006270    00000044     drivers_cc32xx.aem4 : PWM.oem4 (.text:PWM_init)
                  010062b4    00000044                         : PowerCC32XX_asm.oem4 (.text:PowerCC32XX_enterLPDS)
                  010062f8    00000044                         : Timer.oem4 (.text:Timer_init)
                  0100633c    00000044                         : UART.oem4 (.text:UART_init)
                  01006380    00000044     boot.aem4 : boot.oem4 (.text)
                  010063c4    00000044     rtsv7M4_T_le_eabi.lib : fd_tou_t2.asm.obj (.text)
                  01006408    00000044     sysbios.aem4 : BIOS.obj (.text:ti_sysbios_family_arm_m3_Hwi_getStackInfo__E)
                  0100644c    00000004     release_pem4.oem4 (.text:ti_sysbios_knl_Clock_TimerProxy_setPeriodMicroSecs__E)
                  01006450    00000044     sysbios.aem4 : BIOS.obj (.text:ti_sysbios_knl_Mailbox_postInit__I)
                  01006494    00000004     release_pem4.oem4 (.text:ti_sysbios_knl_Clock_TimerProxy_start__E)
                  01006498    00000044     sysbios.aem4 : BIOS.obj (.text:ti_sysbios_knl_Swi_post__E)
                  010064dc    00000004     release_pem4.oem4 (.text:ti_sysbios_knl_Clock_TimerProxy_stop__E)
                  010064e0    00000044     sysbios.aem4 : BIOS.obj (.text:xdc_runtime_System_atexit__E)
                  01006524    00000040     dpl_cc32xx.aem4 : HwiP_tirtos.oem4 (.text:HwiP_create)
                  01006564    00000040     drivers_cc32xx.aem4 : PWM.oem4 (.text:PWM_open)
                  010065a4    00000040     driverlib.a : pin.obj (.text:PinModeSet)
                  010065e4    00000040     drivers_cc32xx.aem4 : RingBuf.oem4 (.text:RingBuf_get)
                  01006624    00000040                         : Timer.oem4 (.text:Timer_open)
                  01006664    00000040                         : UARTCC32XX.oem4 (.text:UARTCC32XX_read)
                  010066a4    00000040                         : UART.oem4 (.text:UART_open)
                  010066e4    00000040     rtsv7M4_T_le_eabi.lib : u_divt2.asm.obj (.text)
                  01006724    00000004     release_pem4.oem4 (.text:ti_sysbios_knl_Clock_delete)
                  01006728    00000040     sysbios.aem4 : BIOS.obj (.text:ti_sysbios_heaps_HeapMem_Instance_init__E)
                  01006768    0000003e     drivers_cc32xx.aem4 : LED.oem4 (.text:LED_setBrightnessLevel)
                  010067a6    0000003c                         : LED.oem4 (.text:LED_setOff)
                  010067e2    00000002     release_pem4.oem4 (.text:xdc_runtime_Startup_reset__I)
                  010067e4    0000003c     drivers_cc32xx.aem4 : PowerCC32XX.oem4 (.text:Power_setConstraint)
                  01006820    0000003c     dpl_cc32xx.aem4 : SemaphoreP_tirtos.oem4 (.text:SemaphoreP_create)
                  0100685c    00000004     release_pem4.oem4 (.text:ti_sysbios_knl_Semaphore_delete)
                  01006860    0000003c     sysbios.aem4 : BIOS.obj (.text:ti_sysbios_family_arm_m3_Hwi_Instance_finalize__E)
                  0100689c    00000004     release_pem4.oem4 (.text:ti_sysbios_knl_Task_delete)
                  010068a0    0000003c     sysbios.aem4 : BIOS.obj (.text:ti_sysbios_family_arm_m3_Timer_setPeriodMicroSecs__E)
                  010068dc    0000003c     release_pem4.oem4 (.text:ti_sysbios_knl_Clock_create)
                  01006918    0000003c     sysbios.aem4 : BIOS.obj (.text:ti_sysbios_knl_Clock_walkQueuePeriodic__E)
                  01006954    00000004     release_pem4.oem4 (.text:xdc_runtime_System_Module_GateProxy_enter__E)
                  01006958    0000003c     sysbios.aem4 : BIOS.obj (.text:ti_sysbios_knl_Swi_restore__E)
                  01006994    00000004     release_pem4.oem4 (.text:xdc_runtime_System_Module_GateProxy_leave__E)
                  01006998    0000003c     sysbios.aem4 : BIOS.obj (.text:xdc_runtime_System_processAtExit__E)
                  010069d4    0000003a     drivers_cc32xx.aem4 : TimerCC32XX.oem4 (.text:TimerCC32XX_close)
                  01006a0e    0000003a     dpl_cc32xx.aem4 : PowerCC32XX_tirtos.oem4 (.text:getCountsRTC)
                  01006a48    0000003a     drivers_cc32xx.aem4 : PWMTimerCC32XX.oem4 (.text:getPowerMgrId)
                  01006a82    00000002     --HOLE-- [fill = 0]
                  01006a84    00000038                         : GPIOCC32XX.oem4 (.text:GPIO_read)
                  01006abc    00000038     driverlib.a : prcm.obj (.text:PRCMLPDSEnterKeepDebugIf)
                  01006af4    00000038     drivers_cc32xx.aem4 : PowerCC32XX.oem4 (.text:notify)
                  01006b2c    00000038     rtsv7M4_T_le_eabi.lib : fs_tod_t2.asm.obj (.text)
                  01006b64    00000004     --HOLE-- [fill = 0]
                  01006b68    00000038     sysbios.aem4 : BIOS.obj (.text:ti_sysbios_knl_Task_processVitalTaskFlag__I)
                  01006ba0    00000036     drivers_cc32xx.aem4 : LED.oem4 (.text:LED_setOn)
                  01006bd6    00000036                         : TimerCC32XX.oem4 (.text:TimerCC32XX_hwiIntFunction)
                  01006c0c    00000036     driverlib.a : timer.obj (.text:TimerControlStall)
                  01006c42    00000036     drivers_cc32xx.aem4 : UARTCC32XX.oem4 (.text:UARTCC32XX_readCancel)
                  01006c78    00000036                         : LED.oem4 (.text:clockTimeoutHandler)
                  01006cae    00000002     --HOLE-- [fill = 0]
                  01006cb0    00000034     driverlib.a : pin.obj (.text:PinModeGet)
                  01006ce4    00000034     drivers_cc32xx.aem4 : PowerCC32XX.oem4 (.text:PowerCC32XX_restoreParkState)
                  01006d18    00000034                         : TimerCC32XX.oem4 (.text:TimerCC32XX_freeTimerResource)
                  01006d4c    00000004     --HOLE-- [fill = 0]
                  01006d50    00000034     sysbios.aem4 : BIOS.obj (.text:_pthread_delete$41)
                  01006d84    00000034     drivers_cc32xx.aem4 : TimerCC32XX.oem4 (.text:getPowerMgrId)
                  01006db8    00000034     sysbios.aem4 : BIOS.obj (.text:ti_sysbios_family_arm_m3_Timer_periodicStub__I)
                  01006dec    00000034     release_pem4.oem4 (.text:ti_sysbios_knl_Semaphore_create)
                  01006e20    00000032     sysbios.aem4 : BIOS.obj (.text:ti_sysbios_hal_Hwi_initStack)
                  01006e52    00000006     display.aem4 : DisplayUart.oem4 (.text:DisplayUartMin_getType)
                  01006e58    00000032     sysbios.aem4 : BIOS.obj (.text:xdc_runtime_System_putchar__I)
                  01006e8a    00000030     drivers_cc32xx.aem4 : PowerCC32XX.oem4 (.text:PowerCC32XX_restoreParkedPin)
                  01006eba    00000002     --HOLE-- [fill = 0]
                  01006ebc    00000030     release_pem4.oem4 (.text:ti_sysbios_BIOS_atExitFunc__I)
                  01006eec    00000030     release_pem4.oem4 (.text:ti_sysbios_BIOS_startFunc__I)
                  01006f1c    00000004     --HOLE-- [fill = 0]
                  01006f20    00000030     sysbios.aem4 : BIOS.obj (.text:ti_sysbios_family_arm_m3_TaskSupport_start__E)
                  01006f50    00000030     release_pem4.oem4 (.text:ti_sysbios_gates_GateHwi_Object__create__S)
                  01006f80    00000030     release_pem4.oem4 (.text:ti_sysbios_gates_GateMutex_Object__create__S)
                  01006fb0    00000030     sysbios.aem4 : BIOS.obj (.text:ti_sysbios_gates_GateMutex_enter__E)
                  01006fe0    00000030     release_pem4.oem4 (.text:ti_sysbios_heaps_HeapMem_Object__create__S)
                  01007010    00000030     release_pem4.oem4 (.text:ti_sysbios_knl_Semaphore_construct)
                  01007040    00000030     sysbios.aem4 : BIOS.obj (.text:ti_sysbios_knl_Semaphore_pendTimeout__I)
                  01007070    00000030                  : BIOS.obj (.text:ti_sysbios_knl_Task_restore__E)
                  010070a0    00000030                  : BIOS.obj (.text:ti_sysbios_knl_Task_unblockI__E)
                  010070d0    0000002e     rtsv7M4_T_le_eabi.lib : i_tofd_t2.asm.obj (.text)
                  010070fe    00000002     --HOLE-- [fill = 0]
                  01007100    0000002c     drivers_cc32xx.aem4 : PowerCC32XX.oem4 (.text:PowerCC32XX_getParkState)
                  0100712c    0000002c     dpl_cc32xx.aem4 : SemaphoreP_tirtos.oem4 (.text:SemaphoreP_createBinary)
                  01007158    0000002c     sysbios.aem4 : BIOS.obj (.text:_pthread_cleanupFxn)
                  01007184    0000002c     release_pem4.oem4 (.text:ti_sysbios_gates_GateHwi_Handle__label__S)
                  010071b0    0000002c     release_pem4.oem4 (.text:ti_sysbios_gates_GateMutex_Handle__label__S)
                  010071dc    0000002c     release_pem4.oem4 (.text:ti_sysbios_heaps_HeapMem_Handle__label__S)
                  01007208    0000002c     release_pem4.oem4 (.text:ti_sysbios_knl_Clock_doTick__I)
                  01007234    0000002c     release_pem4.oem4 (.text:ti_sysbios_knl_Queue_construct)
                  01007260    0000002a     display.aem4 : Display.oem4 (.text:Display_doPrintf)
                  0100728a    0000002a     driverlib.a : timer.obj (.text:TimerLoadSet)
                  010072b4    0000002a                 : timer.obj (.text:TimerPrescaleSet)
                  010072de    00000002     --HOLE-- [fill = 0]
                  010072e0    00000028                 : prcm.obj (.text:PRCMPeripheralClkDisable)
                  01007308    00000028     dpl_cc32xx.aem4 : PowerCC32XX_tirtos.oem4 (.text:PowerCC32XX_initPolicy)
                  01007330    00000028     drivers_cc32xx.aem4 : PowerCC32XX.oem4 (.text:Power_registerNotify)
                  01007358    00000028     sysbios.aem4 : m3_Hwi_asm.obj (.text:ti_sysbios_family_arm_m3_Hwi_excHandlerAsm__I)
                  01007380    00000028                  : BIOS.obj (.text:ti_sysbios_knl_Clock_addI__E)
                  010073a8    00000028                  : BIOS.obj (.text:ti_sysbios_knl_Swi_Module_startup__E)
                  010073d0    00000028     buttonled.obj (.text:timerCallback)
                  010073f8    00000026     drivers_cc32xx.aem4 : List.oem4 (.text:List_put)
                  0100741e    00000026                         : List.oem4 (.text:List_remove)
                  01007444    00000024                         : PowerCC32XX.oem4 (.text:PowerCC32XX_reset)
                  01007468    00000024     sysbios.aem4 : BIOS.obj (.text:pthread_attr_init)
                  0100748c    00000024     release_pem4.oem4 (.text:ti_sysbios_BIOS_registerRTSLock__I)
                  010074b0    00000024     release_pem4.oem4 (.text:ti_sysbios_BIOS_removeRTSLock__I)
                  010074d4    00000004     --HOLE-- [fill = 0]
                  010074d8    00000024     sysbios.aem4 : BIOS.obj (.text:ti_sysbios_family_arm_m3_Timer_postInit__I)
                  010074fc    00000004     --HOLE-- [fill = 0]
                  01007500    00000024                  : BIOS.obj (.text:ti_sysbios_family_arm_m3_Timer_startup__E)
                  01007524    00000024     release_pem4.oem4 (.text:ti_sysbios_gates_GateMutex_Object__delete__S)
                  01007548    00000024     sysbios.aem4 : BIOS.obj (.text:ti_sysbios_knl_Clock_Module_startup__E)
                  0100756c    00000024     release_pem4.oem4 (.text:ti_sysbios_knl_Clock_Object__delete__S)
                  01007590    00000024     sysbios.aem4 : BIOS.obj (.text:ti_sysbios_knl_Clock_start__E)
                  010075b4    00000004     --HOLE-- [fill = 0]
                  010075b8    00000024                  : BIOS.obj (.text:ti_sysbios_knl_Semaphore_Instance_init__E)
                  010075dc    00000024     release_pem4.oem4 (.text:ti_sysbios_knl_Semaphore_Object__delete__S)
                  01007600    00000024     sysbios.aem4 : BIOS.obj (.text:ti_sysbios_knl_Task_restoreHwi__E)
                  01007624    00000004     --HOLE-- [fill = 0]
                  01007628    00000024                  : BIOS.obj (.text:xdc_runtime_Error_policyMin__E)
                  0100764c    00000022     drivers_cc32xx.aem4 : LED.oem4 (.text:LED_stopBlinking)
                  0100766e    00000002     --HOLE-- [fill = 0]
                  01007670    00000020                         : PowerCC32XX.oem4 (.text:Power_unregisterNotify)
                  01007690    00000020                         : RingBuf.oem4 (.text:RingBuf_peek)
                  010076b0    00000020                         : UARTCC32XX.oem4 (.text:getPowerMgrId)
                  010076d0    00000020     release_pem4.oem4 (.text:ti_sysbios_BIOS_rtsLock__I)
                  010076f0    00000020     release_pem4.oem4 (.text:ti_sysbios_family_arm_m3_Hwi_Object__delete__S)
                  01007710    00000020     sysbios.aem4 : BIOS.obj (.text:ti_sysbios_family_arm_m3_Hwi_clearInterrupt__E)
                  01007730    00000020     release_pem4.oem4 (.text:ti_sysbios_gates_GateHwi_Object__delete__S)
                  01007750    00000020     release_pem4.oem4 (.text:ti_sysbios_heaps_HeapMem_Object__delete__S)
                  01007770    00000020     sysbios.aem4 : BIOS.obj (.text:ti_sysbios_knl_Idle_run__E)
                  01007790    00000020     release_pem4.oem4 (.text:ti_sysbios_knl_Semaphore_destruct)
                  010077b0    00000020     release_pem4.oem4 (.text:ti_sysbios_knl_Task_Object__delete__S)
                  010077d0    0000001e     driverlib.a : timer.obj (.text:TimerDisable)
                  010077ee    0000001e                 : timer.obj (.text:TimerEnable)
                  0100780c    0000001e     drivers_cc32xx.aem4 : Button.oem4 (.text:msToTicks)
                  0100782a    0000001e                         : LED.oem4 (.text:msToTicks)
                  01007848    0000001e     sysbios.aem4 : m3_Hwi_asm_switch.obj (.text:ti_sysbios_family_xxx_Hwi_switchAndRunFunc)
                  01007866    00000002     --HOLE-- [fill = 0]
                  01007868    0000001c     driverlib.a : pin.obj (.text:PinToPadGet)
                  01007884    00000004     --HOLE-- [fill = 0]
                  01007888    0000001c     sysbios.aem4 : BIOS.obj (.text:ti_sysbios_family_arm_m3_Hwi_excHandler__I)
                  010078a4    00000004     --HOLE-- [fill = 0]
                  010078a8    0000001c                  : BIOS.obj (.text:ti_sysbios_family_arm_m3_Timer_Module_startup__E)
                  010078c4    00000004     --HOLE-- [fill = 0]
                  010078c8    0000001c                  : BIOS.obj (.text:ti_sysbios_family_arm_m3_Timer_stop__E)
                  010078e4    00000004     --HOLE-- [fill = 0]
                  010078e8    0000001c                  : BIOS.obj (.text:ti_sysbios_gates_GateMutex_Instance_init__E)
                  01007904    00000004     --HOLE-- [fill = 0]
                  01007908    0000001c                  : BIOS.obj (.text:ti_sysbios_knl_Clock_Instance_finalize__E)
                  01007924    0000001c     release_pem4.oem4 (.text:ti_sysbios_knl_Queue_destruct)
                  01007940    0000001c     sysbios.aem4 : BIOS.obj (.text:ti_sysbios_knl_Queue_put__E)
                  0100795c    00000004     --HOLE-- [fill = 0]
                  01007960    0000001c                  : BIOS.obj (.text:ti_sysbios_knl_Task_enter__I)
                  0100797c    0000001a     drivers_cc32xx.aem4 : LED.oem4 (.text:LED_toggle)
                  01007996    0000001a     sysbios.aem4 : m3_Hwi_asm.obj (.text:ti_sysbios_family_arm_m3_Hwi_pendSV__I)
                  010079b0    00000018     drivers_cc32xx.aem4 : PowerCC32XX.oem4 (.text:Power_idleFunc)
                  010079c8    00000018                         : TimerCC32XX.oem4 (.text:TimerCC32XX_getCount)
                  010079e0    00000018     driverlib.a : timer.obj (.text:TimerIntDisable)
                  010079f8    00000018                 : timer.obj (.text:TimerIntEnable)
                  01007a10    00000018                 : uart.obj (.text:UARTBusy)
                  01007a28    00000018                 : uart.obj (.text:UARTIntEnable)
                  01007a40    00000018     drivers_cc32xx.aem4 : UART.oem4 (.text:UART_Params_init)
                  01007a58    00000018     rtsv7M4_T_le_eabi.lib : args_main.c.obj (.text:_args_main)
                  01007a70    00000018                           : ll_mul_t2.asm.obj (.text)
                  01007a88    00000018     release_pem4.oem4 (.text:ti_sysbios_BIOS_rtsUnlock__I)
                  01007aa0    00000018     release_pem4.oem4 (.text:ti_sysbios_family_arm_m3_Hwi_Module__startupDone__F)
                  01007ab8    00000018     release_pem4.oem4 (.text:ti_sysbios_family_arm_m3_Timer_Module__startupDone__F)
                  01007ad0    00000018     sysbios.aem4 : BIOS.obj (.text:ti_sysbios_gates_GateMutex_leave__E)
                  01007ae8    00000018                  : BIOS.obj (.text:xdc_runtime_Error_init__E)
                  01007b00    00000018                  : BIOS.obj (.text:xdc_runtime_System_exit__E)
                  01007b18    00000016     display.aem4 : DisplayUart.oem4 (.text:DisplayUartMin_close)
                  01007b2e    00000016     driverlib.a : prcm.obj (.text:PRCMHIBRegRead)
                  01007b44    00000016                 : prcm.obj (.text:PRCMHIBRegWrite)
                  01007b5a    00000016     release_pem4.oem4 (.text:ti_sysbios_BIOS_exitFunc__I)
                  01007b70    00000014     drivers_cc32xx.aem4 : PWM.oem4 (.text:PWM_Params_init)
                  01007b84    00000014                         : PowerCC32XX.oem4 (.text:Power_getDependencyCount)
                  01007b98    00000014     sysbios.aem4 : BIOS.obj (.text:pthread_attr_setschedparam)
                  01007bac    00000014     drivers_cc32xx.aem4 : UARTCC32XX.oem4 (.text:releasePowerConstraint)
                  01007bc0    00000014     rtsv7M4_T_le_eabi.lib : strlen.c.obj (.text:strlen)
                  01007bd4    00000014     release_pem4.oem4 (.text:ti_sysbios_family_arm_m3_Hwi_Object__get__S)
                  01007be8    00000014     sysbios.aem4 : BIOS.obj (.text:ti_sysbios_family_arm_m3_Hwi_switchFromBootStack__E)
                  01007bfc    00000014     release_pem4.oem4 (.text:ti_sysbios_heaps_HeapMem_Object__get__S)
                  01007c10    00000014     sysbios.aem4 : BIOS.obj (.text:ti_sysbios_knl_Clock_tickReconfig__E)
                  01007c24    00000014     release_pem4.oem4 (.text:ti_sysbios_knl_Swi_Object__get__S)
                  01007c38    00000014     drivers_cc32xx.aem4 : Button.oem4 (.text:timediff)
                  01007c4c    00000012                         : LED.oem4 (.text:LED_Params_init)
                  01007c5e    00000012                         : RingBuf.oem4 (.text:RingBuf_construct)
                  01007c70    00000012     dpl_cc32xx.aem4 : SemaphoreP_tirtos.oem4 (.text:SemaphoreP_pend)
                  01007c82    00000012     driverlib.a : timer.obj (.text:TimerIntClear)
                  01007c94    00000004     --HOLE-- [fill = 0]
                  01007c98    00000012     sysbios.aem4 : BIOS.obj (.text:_pthread_runStub$41)
                  01007caa    00000012     drivers_cc32xx.aem4 : PWMTimerCC32XX.oem4 (.text:postNotifyFxn)
                  01007cbc    00000004     --HOLE-- [fill = 0]
                  01007cc0    00000012     sysbios.aem4 : BIOS.obj (.text:ti_sysbios_hal_Hwi_Module_startup__E)
                  01007cd2    00000012     release_pem4.oem4 (.text:xdc_runtime_Startup_exec__I)
                  01007ce4    00000010     ti_drivers_config.obj (.text:Board_init)
                  01007cf4    00000010     drivers_cc32xx.aem4 : Button.oem4 (.text:Button_Params_init)
                  01007d04    00000010                         : GPIOCC32XX.oem4 (.text:GPIO_getConfig)
                  01007d14    00000010     dpl_cc32xx.aem4 : HwiP_tirtos.oem4 (.text:HwiP_Params_init)
                  01007d24    00000010     drivers_cc32xx.aem4 : Timer.oem4 (.text:Timer_Params_init)
                  01007d34    00000010                         : UARTCC32XX.oem4 (.text:readBlockingTimeout)
                  01007d44    00000004     --HOLE-- [fill = 0]
                  01007d48    00000010     sysbios.aem4 : BIOS.obj (.text:ti_sysbios_BIOS_getCpuFreq__E)
                  01007d58    00000010                  : BIOS.obj (.text:ti_sysbios_BIOS_setThreadType__E)
                  01007d68    00000010                  : BIOS.obj (.text:ti_sysbios_BIOS_start__E)
                  01007d78    00000010                  : m3_TaskSupport_asm.obj (.text:ti_sysbios_family_arm_m3_TaskSupport_glue)
                  01007d88    00000010                  : m3_TaskSupport_asm.obj (.text:ti_sysbios_family_arm_m3_TaskSupport_swap__E)
                  01007d98    00000010                  : BIOS.obj (.text:ti_sysbios_gates_GateMutex_Instance_finalize__E)
                  01007da8    00000010     release_pem4.oem4 (.text:ti_sysbios_knl_Mailbox_Object__get__S)
                  01007db8    00000010     sysbios.aem4 : BIOS.obj (.text:ti_sysbios_knl_Semaphore_Instance_finalize__E)
                  01007dc8    00000010                  : BIOS.obj (.text:ti_sysbios_knl_Swi_disable__E)
                  01007dd8    00000010     release_pem4.oem4 (.text:ti_sysbios_knl_Task_Object__get__S)
                  01007de8    00000010     sysbios.aem4 : BIOS.obj (.text:ti_sysbios_knl_Task_disable__E)
                  01007df8    00000010                  : BIOS.obj (.text:xdc_runtime_Memory_free__E)
                  01007e08    00000010                  : BIOS.obj (.text:xdc_runtime_SysCallback_abort__E)
                  01007e18    00000010                  : BIOS.obj (.text:xdc_runtime_SysCallback_exit__E)
                  01007e28    00000010                  : BIOS.obj (.text:xdc_runtime_SysCallback_putch__E)
                  01007e38    00000010                  : BIOS.obj (.text:xdc_runtime_SysCallback_ready__E)
                  01007e48    00000010                  : BIOS.obj (.text:xdc_runtime_System_vsnprintf__E)
                  01007e58    0000000e     drivers_cc32xx.aem4 : RingBuf.oem4 (.text:RingBuf_isFull)
                  01007e66    0000000e     rtsv7M4_T_le_eabi.lib : copy_decompress_none.c.obj (.text:decompress:none:__TI_decompress_none)
                  01007e74    00000004     --HOLE-- [fill = 0]
                  01007e78    0000000e     sysbios.aem4 : BIOS.obj (.text:pthread_attr_setdetachstate)
                  01007e86    00000002     --HOLE-- [fill = 0]
                  01007e88    0000000e                  : BIOS.obj (.text:ti_sysbios_knl_Idle_loop__E)
                  01007e96    00000002     --HOLE-- [fill = 0]
                  01007e98    0000000e                  : BIOS.obj (.text:ti_sysbios_knl_Queue_empty__E)
                  01007ea6    0000000c     dpl_cc32xx.aem4 : ClockP_tirtos.oem4 (.text:ClockP_delete)
                  01007eb2    00000002     --HOLE-- [fill = 0]
                  01007eb4    0000000c                     : ClockP_tirtos.oem4 (.text:ClockP_getSystemTickPeriod)
                  01007ec0    0000000c                     : HwiP_tirtos.oem4 (.text:HwiP_delete)
                  01007ecc    0000000c     drivers_cc32xx.aem4 : PowerCC32XX.oem4 (.text:Power_getConstraintMask)
                  01007ed8    0000000c     dpl_cc32xx.aem4 : SemaphoreP_tirtos.oem4 (.text:SemaphoreP_delete)
                  01007ee4    0000000c     rtsv7M4_T_le_eabi.lib : _lock.c.obj (.text:_register_lock)
                  01007ef0    0000000c                           : _lock.c.obj (.text:_register_unlock)
                  01007efc    0000000c                           : copy_zero_init.c.obj (.text:decompress:ZI:__TI_zero_init)
                  01007f08    0000000c     drivers_cc32xx.aem4 : TimerCC32XX.oem4 (.text:postNotifyFxn)
                  01007f14    0000000c                         : UARTCC32XX.oem4 (.text:postNotifyFxn)
                  01007f20    0000000c     release_pem4.oem4 (.text:ti_sysbios_family_arm_m3_Hwi_Params__init__S)
                  01007f2c    00000004     --HOLE-- [fill = 0]
                  01007f30    0000000c     sysbios.aem4 : BIOS.obj (.text:ti_sysbios_family_arm_m3_Hwi_disableFxn__E)
                  01007f3c    00000004     --HOLE-- [fill = 0]
                  01007f40    0000000c                  : BIOS.obj (.text:ti_sysbios_family_arm_m3_TaskSupport_getStackAlignment__E)
                  01007f4c    00000004     --HOLE-- [fill = 0]
                  01007f50    0000000c                  : BIOS.obj (.text:ti_sysbios_gates_GateHwi_enter__E)
                  01007f5c    0000000c     release_pem4.oem4 (.text:ti_sysbios_knl_Clock_Params__init__S)
                  01007f68    0000000c     sysbios.aem4 : BIOS.obj (.text:ti_sysbios_knl_Clock_getTicks__E)
                  01007f74    00000004     --HOLE-- [fill = 0]
                  01007f78    0000000c                  : BIOS.obj (.text:ti_sysbios_knl_Clock_setTicks__E)
                  01007f84    00000004     --HOLE-- [fill = 0]
                  01007f88    0000000c                  : BIOS.obj (.text:ti_sysbios_knl_Clock_tickStart__E)
                  01007f94    00000004     --HOLE-- [fill = 0]
                  01007f98    0000000c                  : BIOS.obj (.text:ti_sysbios_knl_Clock_tickStop__E)
                  01007fa4    0000000c     release_pem4.oem4 (.text:ti_sysbios_knl_Queue_Object__get__S)
                  01007fb0    0000000c     release_pem4.oem4 (.text:ti_sysbios_knl_Semaphore_Params__init__S)
                  01007fbc    0000000c     release_pem4.oem4 (.text:ti_sysbios_knl_Task_Params__init__S)
                  01007fc8    0000000c     sysbios.aem4 : BIOS.obj (.text:ti_sysbios_rts_ti_ReentSupport_taskRegHook__I)
                  01007fd4    00000004     --HOLE-- [fill = 0]
                  01007fd8    0000000c                  : BIOS.obj (.text:xdc_runtime_Startup_rtsDone__E)
                  01007fe4    0000000a     dpl_cc32xx.aem4 : ClockP_tirtos.oem4 (.text:ClockP_Params_init)
                  01007fee    0000000a     drivers_cc32xx.aem4 : PWM.oem4 (.text:PWM_close)
                  01007ff8    0000000a                         : PWM.oem4 (.text:PWM_setDuty)
                  01008002    0000000a                         : PWM.oem4 (.text:PWM_start)
                  0100800c    0000000a                         : Timer.oem4 (.text:Timer_start)
                  01008016    0000000a                         : UART.oem4 (.text:UART_close)
                  01008020    0000000a                         : UART.oem4 (.text:UART_control)
                  0100802a    0000000a                         : UART.oem4 (.text:UART_write)
                  01008034    0000000a     release_pem4.oem4 (.text:xdc_runtime_IHeap_alloc)
                  0100803e    0000000a     release_pem4.oem4 (.text:xdc_runtime_IHeap_free)
                  01008048    00000008     dpl_cc32xx.aem4 : SemaphoreP_tirtos.oem4 (.text:SemaphoreP_Params_init)
                  01008050    00000008     sysbios.aem4 : BIOS.obj (.text:pthread_attr_setstacksize)
                  01008058    00000008     drivers_cc32xx.aem4 : UARTCC32XX.oem4 (.text:readSemCallback)
                  01008060    00000008     sysbios.aem4 : BIOS.obj (.text:ti_sysbios_family_arm_m3_Hwi_doSwiRestore__I)
                  01008068    00000008                  : BIOS.obj (.text:ti_sysbios_family_arm_m3_Hwi_startup__E)
                  01008070    00000008     drivers_cc32xx.aem4 : UARTCC32XX.oem4 (.text:writeSemCallback)
                  01008078    00000006                         : PWMTimerCC32XX.oem4 (.text:PWMTimerCC32XX_control)
                  0100807e    00000006                         : TimerCC32XX.oem4 (.text:TimerCC32XX_control)
                  01008084    00000006     driverlib.a : utils.obj (.text:UtilsDelay)
                  0100808a    00000006     --HOLE-- [fill = 0]
                  01008090    00000006     sysbios.aem4 : BIOS.obj (.text:ti_sysbios_family_arm_m3_Hwi_doTaskRestore__I)
                  01008096    00000002     --HOLE-- [fill = 0]
                  01008098    00000006                  : BIOS.obj (.text:ti_sysbios_family_arm_m3_Hwi_restoreFxn__E)
                  0100809e    00000002     --HOLE-- [fill = 0]
                  010080a0    00000006                  : BIOS.obj (.text:ti_sysbios_gates_GateHwi_leave__E)
                  010080a6    00000002     --HOLE-- [fill = 0]
                  010080a8    00000006                  : BIOS.obj (.text:ti_sysbios_heaps_HeapMem_isBlocking__E)
                  010080ae    00000002     --HOLE-- [fill = 0]
                  010080b0    00000006                  : BIOS.obj (.text:ti_sysbios_knl_Clock_stop__E)
                  010080b6    00000002     --HOLE-- [fill = 0]
                  010080b8    00000006                  : BIOS.obj (.text:ti_sysbios_knl_Queue_Instance_init__E)
                  010080be    00000002     --HOLE-- [fill = 0]
                  010080c0    00000006                  : BIOS.obj (.text:ti_sysbios_knl_Swi_startup__E)
                  010080c6    00000002     --HOLE-- [fill = 0]
                  010080c8    00000006                  : BIOS.obj (.text:xdc_runtime_System_Module_startup__E)
                  010080ce    00000002     --HOLE-- [fill = 0]
                  010080d0    00000004                  : BIOS.obj (.text:ti_sysbios_family_arm_m3_Timer_getMaxTicks__E)
                  010080d4    00000004     --HOLE-- [fill = 0]
                  010080d8    00000004                  : BIOS.obj (.text:ti_sysbios_gates_GateHwi_query__E)
                  010080dc    00000004     --HOLE-- [fill = 0]
                  010080e0    00000004                  : BIOS.obj (.text:ti_sysbios_gates_GateMutex_query__E)
                  010080e4    00000004     --HOLE-- [fill = 0]
                  010080e8    00000004                  : BIOS.obj (.text:ti_sysbios_knl_Clock_setTimeout__E)
                  010080ec    00000004     --HOLE-- [fill = 0]
                  010080f0    00000004                  : BIOS.obj (.text:ti_sysbios_knl_Task_startup__E)
                  010080f4    00000004     --HOLE-- [fill = 0]
                  010080f8    00000004                  : BIOS.obj (.text:xdc_runtime_SysCallback_defaultReady)
                  010080fc    00000004     --HOLE-- [fill = 0]
                  01008100    00000002                  : BIOS.obj (.text:ti_sysbios_BIOS_linkedWithIncorrectBootLibrary__E)
                  01008102    00000006     --HOLE-- [fill = 0]
                  01008108    00000002                  : BIOS.obj (.text:ti_sysbios_gates_GateHwi_Instance_init__E)
                  0100810a    00000006     --HOLE-- [fill = 0]
                  01008110    00000002                  : BIOS.obj (.text:ti_sysbios_knl_Clock_logTick__E)
                  01008112    00000006     --HOLE-- [fill = 0]
                  01008118    00000002                  : BIOS.obj (.text:xdc_runtime_SysCallback_defaultAbort)
                  0100811a    00000006     --HOLE-- [fill = 0]
                  01008120    00000002                  : BIOS.obj (.text:xdc_runtime_SysCallback_defaultExit)
                  01008122    00000006     --HOLE-- [fill = 0]
                  01008128    00000002                  : BIOS.obj (.text:xdc_runtime_SysCallback_defaultPutch)
                  0100812a    00000006     --HOLE-- [fill = 0]
                  01008130    00000002                  : BIOS.obj (.text:xdc_runtime_System_abortSpin__E)
                  01008132    00000006     --HOLE-- [fill = 0]
                  01008138    00000002                  : BIOS.obj (.text:xdc_runtime_System_exitSpin__E)

.const     0    0100813c    00000881     
                  0100813c    00000100     driverlib.a : pin.obj (.const:g_ulPinToPadMap)
                  0100823c    000000a8                 : prcm.obj (.const:PRCM_PeriphRegsList)
                  010082e4    00000040     ti_drivers_config.obj (.const:PowerCC32XX_config)
                  01008324    0000003c     release_pem4.oem4 (.const:ti_sysbios_knl_Task_Object__PARAMS__C)
                  01008360    00000030     release_pem4.oem4 (.const:ti_sysbios_family_arm_m3_Hwi_Object__PARAMS__C)
                  01008390    00000028     drivers_cc32xx.aem4 : UARTCC32XX.oem4 (.const:UARTCC32XX_fxnTable)
                  010083b8    00000028     release_pem4.oem4 (.const:ti_sysbios_heaps_HeapMem_Module__FXNS__C)
                  010083e0    00000024     drivers_cc32xx.aem4 : PWMTimerCC32XX.oem4 (.const:PWMTimerCC32XX_fxnTable)
                  01008404    00000024                         : UART.oem4 (.const:UART_defaultParams)
                  01008428    00000024     release_pem4.oem4 (.const:ti_sysbios_gates_GateHwi_Module__FXNS__C)
                  0100844c    00000024     release_pem4.oem4 (.const:ti_sysbios_gates_GateMutex_Module__FXNS__C)
                  01008470    00000024     release_pem4.oem4 (.const:ti_sysbios_heaps_HeapMem_Object__PARAMS__C)
                  01008494    00000024     release_pem4.oem4 (.const:ti_sysbios_knl_Clock_Object__PARAMS__C)
                  010084b8    00000024     release_pem4.oem4 (.const:ti_sysbios_knl_Semaphore_Object__PARAMS__C)
                  010084dc    00000024     ti_drivers_config.obj (.const:uartCC32XXHWAttrs0)
                  01008500    00000021     drivers_cc32xx.aem4 : GPIOCC32XX.oem4 (.const:.string:pinTable)
                  01008521    00000002     ti_drivers_config.obj (.const:ButtonHWAttrs)
                  01008523    00000001     display.aem4 : Display.oem4 (.const:Display_defaultParams)
                  01008524    00000020                  : DisplayUart.oem4 (.const:DisplayUartMin_fxnTable)
                  01008544    00000020     drivers_cc32xx.aem4 : TimerCC32XX.oem4 (.const:TimerCC32XX_fxnTable)
                  01008564    00000020                         : PWMTimerCC32XX.oem4 (.const:gpioPinIndexes)
                  01008584    00000020                         : UARTCC32XX.oem4 (.const:staticFxnTable)
                  010085a4    00000020     release_pem4.oem4 (.const:ti_sysbios_family_arm_m3_Hwi_Object__DESC__C)
                  010085c4    00000020     release_pem4.oem4 (.const:ti_sysbios_gates_GateHwi_Object__DESC__C)
                  010085e4    00000020     release_pem4.oem4 (.const:ti_sysbios_gates_GateMutex_Object__DESC__C)
                  01008604    00000020     release_pem4.oem4 (.const:ti_sysbios_heaps_HeapMem_Object__DESC__C)
                  01008624    00000020     release_pem4.oem4 (.const:ti_sysbios_knl_Clock_Object__DESC__C)
                  01008644    00000020     release_pem4.oem4 (.const:ti_sysbios_knl_Queue_Object__DESC__C)
                  01008664    00000020     release_pem4.oem4 (.const:ti_sysbios_knl_Semaphore_Object__DESC__C)
                  01008684    00000020     release_pem4.oem4 (.const:ti_sysbios_knl_Task_Object__DESC__C)
                  010086a4    00000020     release_pem4.oem4 (.const:xdc_runtime_Startup_sfxnTab__A)
                  010086c4    00000018     ti_drivers_config.obj (.const:LED_config)
                  010086dc    00000018     drivers_cc32xx.aem4 : PWM.oem4 (.const:PWM_defaultParams)
                  010086f4    00000018     release_pem4.oem4 (.const:ti_sysbios_gates_GateHwi_Object__PARAMS__C)
                  0100870c    00000018     release_pem4.oem4 (.const:ti_sysbios_gates_GateMutex_Object__PARAMS__C)
                  01008724    00000018     release_pem4.oem4 (.const:ti_sysbios_knl_Queue_Object__PARAMS__C)
                  0100873c    00000018     release_pem4.oem4 (.const:ti_sysbios_knl_Task_hooks__A)
                  01008754    00000014     ti_drivers_config.obj (.const:GPIOCC32XX_config)
                  01008768    00000014     ti_drivers_config.obj (.const:displayUartHWAttrs)
                  0100877c    00000014     drivers_cc32xx.aem4 : GPIOCC32XX.oem4 (.const:gpioBaseAddresses)
                  01008790    00000014                         : UARTCC32XX.oem4 (.const:parityType)
                  010087a4    00000014                         : GPIOCC32XX.oem4 (.const:powerResources)
                  010087b8    00000010     ti_drivers_config.obj (.const:Button_config)
                  010087c8    00000010     drivers_cc32xx.aem4 : Button.oem4 (.const:Button_defaultParams)
                  010087d8    00000010                         : UARTCC32XX.oem4 (.const:dataLength)
                  010087e8    00000010                         : PWMTimerCC32XX.oem4 (.const:gpioBaseAddresses)
                  010087f8    00000010                         : PWMTimerCC32XX.oem4 (.const:timerBaseAddresses)
                  01008808    00000010     ti_drivers_config.obj (.const:timerCC32XXHWAttrs)
                  01008818    00000010     release_pem4.oem4 (.const:xdc_runtime_Startup_sfxnRts__A)
                  01008828    0000000c     ti_drivers_config.obj (.const:Display_config)
                  01008834    0000000c     ti_drivers_config.obj (.const:PWM_config)
                  01008840    0000000c     ti_drivers_config.obj (.const:Timer_config)
                  0100884c    0000000c     ti_drivers_config.obj (.const:UART_config)
                  01008858    0000000c     drivers_cc32xx.aem4 : Timer.oem4 (.const:defaultParams)
                  01008864    0000000c     release_pem4.oem4 (.const:xdc_runtime_Startup_firstFxns__A)
                  01008870    00000008     drivers_cc32xx.aem4 : LED.oem4 (.const:LED_defaultParams)
                  01008878    00000008                         : GPIOCC32XX.oem4 (.const:outPinTypes)
                  01008880    00000008                         : UARTCC32XX.oem4 (.const:stopBits)
                  01008888    00000008     release_pem4.oem4 (.const:ti_sysbios_knl_Idle_funcList__A)
                  01008890    00000008     release_pem4.oem4 (.const:ti_sysbios_knl_Idle_funcList__C)
                  01008898    00000008     release_pem4.oem4 (.const:ti_sysbios_knl_Task_hooks__C)
                  010088a0    00000008     drivers_cc32xx.aem4 : PWMTimerCC32XX.oem4 (.const:timerHalves)
                  010088a8    00000008     release_pem4.oem4 (.const:xdc_runtime_Startup_firstFxns__C)
                  010088b0    00000008     release_pem4.oem4 (.const:xdc_runtime_Startup_lastFxns__C)
                  010088b8    00000006     drivers_cc32xx.aem4 : GPIOCC32XX.oem4 (.const:.string:interruptType)
                  010088be    00000006     ti_drivers_config.obj (.const:LEDHWAttrs)
                  010088c4    00000006     drivers_cc32xx.aem4 : GPIOCC32XX.oem4 (.const:inPinTypes)
                  010088ca    00000006                         : GPIOCC32XX.oem4 (.const:outPinStrengths)
                  010088d0    00000006     ti_drivers_config.obj (.const)
                  010088d6    00000004     drivers_cc32xx.aem4 : GPIOCC32XX.oem4 (.const:.string:portInterruptIds)
                  010088da    00000002     release_pem4.oem4 (.const:ti_sysbios_family_arm_m3_Hwi_Module__id__C)
                  010088dc    00000004     ti_drivers_config.obj (.const:pwmTimerCC32XXHWAttrs)
                  010088e0    00000004     release_pem4.oem4 (.const:ti_sysbios_family_arm_m3_Hwi_E_alreadyDefined__C)
                  010088e4    00000004     release_pem4.oem4 (.const:ti_sysbios_family_arm_m3_Hwi_E_badIntNum__C)
                  010088e8    00000004     release_pem4.oem4 (.const:ti_sysbios_family_arm_m3_Hwi_NUM_INTERRUPTS__C)
                  010088ec    00000004     release_pem4.oem4 (.const:ti_sysbios_family_arm_m3_Hwi_Object__count__C)
                  010088f0    00000004     release_pem4.oem4 (.const:ti_sysbios_family_arm_m3_Hwi_ccr__C)
                  010088f4    00000004     release_pem4.oem4 (.const:ti_sysbios_family_arm_m3_Hwi_excHandlerFunc__C)
                  010088f8    00000004     release_pem4.oem4 (.const:ti_sysbios_family_arm_m3_Hwi_nullIsrFunc__C)
                  010088fc    00000004     release_pem4.oem4 (.const:ti_sysbios_family_arm_m3_Hwi_priGroup__C)
                  01008900    00000004     release_pem4.oem4 (.const:ti_sysbios_family_arm_m3_Hwi_swiDisable__C)
                  01008904    00000004     release_pem4.oem4 (.const:ti_sysbios_family_arm_m3_Hwi_swiRestore__C)
                  01008908    00000004     release_pem4.oem4 (.const:ti_sysbios_family_arm_m3_TaskSupport_stackAlignment__C)
                  0100890c    00000004     release_pem4.oem4 (.const:ti_sysbios_family_arm_m3_Timer_E_cannotSupport__C)
                  01008910    00000004     release_pem4.oem4 (.const:ti_sysbios_family_arm_m3_Timer_startupNeeded__C)
                  01008914    00000004     release_pem4.oem4 (.const:ti_sysbios_gates_GateMutex_Instance_State_sem__O)
                  01008918    00000004     release_pem4.oem4 (.const:ti_sysbios_heaps_HeapMem_E_memory__C)
                  0100891c    00000004     release_pem4.oem4 (.const:ti_sysbios_heaps_HeapMem_Module__gateObj__C)
                  01008920    00000004     release_pem4.oem4 (.const:ti_sysbios_heaps_HeapMem_Object__count__C)
                  01008924    00000004     release_pem4.oem4 (.const:ti_sysbios_heaps_HeapMem_primaryHeapBaseAddr__C)
                  01008928    00000004     release_pem4.oem4 (.const:ti_sysbios_heaps_HeapMem_primaryHeapEndAddr__C)
                  0100892c    00000004     release_pem4.oem4 (.const:ti_sysbios_heaps_HeapMem_reqAlign__C)
                  01008930    00000004     release_pem4.oem4 (.const:ti_sysbios_knl_Clock_Module_State_clockQ__O)
                  01008934    00000004     release_pem4.oem4 (.const:ti_sysbios_knl_Clock_tickPeriod__C)
                  01008938    00000004     release_pem4.oem4 (.const:ti_sysbios_knl_Mailbox_Instance_State_freeQue__O)
                  0100893c    00000004     release_pem4.oem4 (.const:ti_sysbios_knl_Mailbox_Object__count__C)
                  01008940    00000004     release_pem4.oem4 (.const:ti_sysbios_knl_Mailbox_maxTypeAlign__C)
                  01008944    00000004     release_pem4.oem4 (.const:ti_sysbios_knl_Semaphore_Instance_State_pendQ__O)
                  01008948    00000004     release_pem4.oem4 (.const:ti_sysbios_knl_Swi_Object__count__C)
                  0100894c    00000004     release_pem4.oem4 (.const:ti_sysbios_knl_Task_Module_State_inactiveQ__O)
                  01008950    00000004     release_pem4.oem4 (.const:ti_sysbios_knl_Task_Object__count__C)
                  01008954    00000004     release_pem4.oem4 (.const:ti_sysbios_knl_Task_Object__heap__C)
                  01008958    00000004     release_pem4.oem4 (.const:ti_sysbios_knl_Task_allBlockedFunc__C)
                  0100895c    00000004     release_pem4.oem4 (.const:ti_sysbios_knl_Task_defaultStackHeap__C)
                  01008960    00000004     release_pem4.oem4 (.const:ti_sysbios_knl_Task_defaultStackSize__C)
                  01008964    00000004     release_pem4.oem4 (.const:ti_sysbios_knl_Task_numConstructedTasks__C)
                  01008968    00000004     release_pem4.oem4 (.const:xdc_runtime_Error_E_memory__C)
                  0100896c    00000004     release_pem4.oem4 (.const:xdc_runtime_Error_policyFxn__C)
                  01008970    00000004     release_pem4.oem4 (.const:xdc_runtime_IGateProvider_Interface__BASE__C)
                  01008974    00000004     release_pem4.oem4 (.const:xdc_runtime_IHeap_Interface__BASE__C)
                  01008978    00000004     release_pem4.oem4 (.const:xdc_runtime_IModule_Interface__BASE__C)
                  0100897c    00000004     release_pem4.oem4 (.const:xdc_runtime_Memory_defaultHeapInstance__C)
                  01008980    00000004     release_pem4.oem4 (.const:xdc_runtime_Startup_execImpl__C)
                  01008984    00000004     release_pem4.oem4 (.const:xdc_runtime_Startup_maxPasses__C)
                  01008988    00000004     release_pem4.oem4 (.const:xdc_runtime_Startup_sfxnRts__C)
                  0100898c    00000004     release_pem4.oem4 (.const:xdc_runtime_Startup_sfxnTab__C)
                  01008990    00000004     release_pem4.oem4 (.const:xdc_runtime_SysCallback_abortFxn__C)
                  01008994    00000004     release_pem4.oem4 (.const:xdc_runtime_SysCallback_exitFxn__C)
                  01008998    00000004     release_pem4.oem4 (.const:xdc_runtime_SysCallback_putchFxn__C)
                  0100899c    00000004     release_pem4.oem4 (.const:xdc_runtime_SysCallback_readyFxn__C)
                  010089a0    00000004     release_pem4.oem4 (.const:xdc_runtime_System_Module__gateObj__C)
                  010089a4    00000004     release_pem4.oem4 (.const:xdc_runtime_System_abortFxn__C)
                  010089a8    00000004     release_pem4.oem4 (.const:xdc_runtime_System_exitFxn__C)
                  010089ac    00000004     release_pem4.oem4 (.const:xdc_runtime_System_extendFxn__C)
                  010089b0    00000004     release_pem4.oem4 (.const:xdc_runtime_System_maxAtexitHandlers__C)
                  010089b4    00000002     release_pem4.oem4 (.const:ti_sysbios_family_arm_m3_Timer_Module__id__C)
                  010089b6    00000002     release_pem4.oem4 (.const:ti_sysbios_heaps_HeapMem_Module__id__C)
                  010089b8    00000002     release_pem4.oem4 (.const:xdc_runtime_Memory_Module__id__C)
                  010089ba    00000001     release_pem4.oem4 (.const:ti_sysbios_knl_Clock_tickMode__C)
                  010089bb    00000001     release_pem4.oem4 (.const:ti_sysbios_knl_Clock_tickSource__C)
                  010089bc    00000001     release_pem4.oem4 (.const:xdc_runtime_Error_policy__C)

.cinit     0    010089c0    00000268     
                  010089c0    00000244     (.cinit..data.load) [load image, compression = lzss]
                  01008c04    0000000c     (__TI_handler_table)
                  01008c10    00000008     (.cinit..bss.load) [load image, compression = zero_init]
                  01008c18    00000010     (__TI_cinit_table)

.init_array 
*          0    01000800    00000000     UNINITIALIZED

.bss       0    20008310    00000ce4     UNINITIALIZED
                  20008310    00000400     ti_drivers_config.obj (.bss:displayUARTBuffer)
                  20008710    0000030c     (.common:ti_sysbios_family_arm_m3_Hwi_dispatchTable)
                  20008a1c    00000004     drivers_cc32xx.aem4 : GPIOCC32XX.oem4 (.bss)
                  20008a20    00000200     release_pem4.oem4 (.bss:taskStackSection)
                  20008c20    0000012c     (.common:PowerCC32XX_contextSave)
                  20008d4c    000000b4     (.common:LEDObjects)
                  20008e00    00000084     (.common:uartCC32XXObjects0)
                  20008e84    00000050     (.common:ButtonObjects)
                  20008ed4    00000034     (.common:timerCC32XXObjects)
                  20008f08    00000024     (.common:pwmTimerCC32XXObjects)
                  20008f2c    00000020     drivers_cc32xx.aem4 : GPIOCC32XX.oem4 (.bss:gpioCallbackInfo)
                  20008f4c    00000020     ti_drivers_config.obj (.bss:uartCC32XXRingBuffer0)
                  20008f6c    0000001c     (.common:bStats)
                  20008f88    00000018     (.common:ringObj)
                  20008fa0    00000014     drivers_cc32xx.aem4 : GPIOCC32XX.oem4 (.bss:powerNotifyObj)
                  20008fb4    0000000c     (.common:displayUartObject)
                  20008fc0    0000000c     (.common:eventBuf)
                  20008fcc    0000000c     (.common:ledHandle)
                  20008fd8    00000008     (.common:buttonHandle)
                  20008fe0    00000004                         : TimerCC32XX.oem4 (.bss:timerState)
                  20008fe4    00000004     (.common:ClockP_tickPeriod)
                  20008fe8    00000004     (.common:display)
                  20008fec    00000004     (.common:ti_sysbios_knl_Task_Instance_State_0_hookEnv__A)
                  20008ff0    00000002     (.common:ticks)
                  20008ff2    00000002     (.common:ticksinsec)

.data      0    20008ff4    000006ee     UNINITIALIZED
                  20008ff4    0000016c     drivers_cc32xx.aem4 : PowerCC32XX.oem4 (.data:PowerCC32XX_module)
                  20009160    000000f8     ti_drivers_config.obj (.data:parkInfo)
                  20009258    00000088     sysbios.aem4 : BIOS.obj (.data:$O1$$)
                  200092e0    00000080     release_pem4.oem4 (.data:ti_sysbios_knl_Swi_Module_State_0_readyQ__A)
                  20009360    00000080     release_pem4.oem4 (.data:ti_sysbios_knl_Task_Module_State_0_readyQ__A)
                  200093e0    00000054     release_pem4.oem4 (.data:ti_sysbios_gates_GateMutex_Object__table__V)
                  20009434    0000004c     release_pem4.oem4 (.data:ti_sysbios_knl_Task_Object__table__V)
                  20009480    00000044     release_pem4.oem4 (.data:ti_sysbios_knl_Task_Module__state__V)
                  200094c4    00000034     release_pem4.oem4 (.data:ti_sysbios_family_arm_m3_Hwi_Module__state__V)
                  200094f8    00000030     release_pem4.oem4 (.data:ti_sysbios_family_arm_m3_Timer_Object__table__V)
                  20009528    00000030     release_pem4.oem4 (.data:ti_sysbios_knl_Swi_Object__table__V)
                  20009558    0000002c     release_pem4.oem4 (.data:ti_sysbios_knl_Clock_Module__state__V)
                  20009584    00000024     release_pem4.oem4 (.data:ti_sysbios_BIOS_Module__state__V)
                  200095a8    00000020     release_pem4.oem4 (.data:xdc_runtime_Error_IgnoreBlock)
                  200095c8    0000001c     ti_drivers_config.obj (.data:gpioCallbackFunctions)
                  200095e4    0000001c     ti_drivers_config.obj (.data:gpioPinConfigs)
                  20009600    0000001c     release_pem4.oem4 (.data:ti_sysbios_knl_Swi_Module__state__V)
                  2000961c    00000018     release_pem4.oem4 (.data:ti_sysbios_family_arm_m3_Hwi_Object__table__V)
                  20009634    00000018     release_pem4.oem4 (.data:ti_sysbios_heaps_HeapMem_Object__table__V)
                  2000964c    0000000c     release_pem4.oem4 (.data:ti_sysbios_family_arm_m3_Timer_Module__state__V)
                  20009658    00000009     drivers_cc32xx.aem4 : GPIOCC32XX.oem4 (.data)
                  20009661    00000001                         : PWM.oem4 (.data)
                  20009662    00000002     release_pem4.oem4 (.data:ti_sysbios_family_arm_m3_Hwi_Module_State_0_excActive__A)
                  20009664    00000008     rtsv7M4_T_le_eabi.lib : _lock.c.obj (.data:$O1$$)
                  2000966c    00000008     release_pem4.oem4 (.data:ti_sysbios_family_arm_m3_Hwi_Module__root__V)
                  20009674    00000008     release_pem4.oem4 (.data:ti_sysbios_gates_GateHwi_Module__root__V)
                  2000967c    00000008     release_pem4.oem4 (.data:ti_sysbios_gates_GateMutex_Module__root__V)
                  20009684    00000008     release_pem4.oem4 (.data:ti_sysbios_heaps_HeapMem_Module__root__V)
                  2000968c    00000008     release_pem4.oem4 (.data:ti_sysbios_knl_Clock_Module__root__V)
                  20009694    00000008     release_pem4.oem4 (.data:ti_sysbios_knl_Queue_Module__root__V)
                  2000969c    00000008     release_pem4.oem4 (.data:ti_sysbios_knl_Semaphore_Module__root__V)
                  200096a4    00000008     release_pem4.oem4 (.data:ti_sysbios_knl_Task_Module__root__V)
                  200096ac    00000008     release_pem4.oem4 (.data:xdc_runtime_Startup_Module__state__V)
                  200096b4    00000008     release_pem4.oem4 (.data:xdc_runtime_System_Module_State_0_atexitHandlers__A)
                  200096bc    00000008     release_pem4.oem4 (.data:xdc_runtime_System_Module__state__V)
                  200096c4    00000004     rtsv7M4_T_le_eabi.lib : stkdepth_vars.c.obj (.data)
                  200096c8    00000004     release_pem4.oem4 (.data:ti_sysbios_family_arm_m3_Hwi_Module_State_0_excContext__A)
                  200096cc    00000004     release_pem4.oem4 (.data:ti_sysbios_family_arm_m3_Hwi_Module_State_0_excStack__A)
                  200096d0    00000004     release_pem4.oem4 (.data:ti_sysbios_gates_GateHwi_Object__table__V)
                  200096d4    00000004     release_pem4.oem4 (.data:ti_sysbios_knl_Task_Module_State_0_idleTask__A)
                  200096d8    00000004     release_pem4.oem4 (.data:ti_sysbios_rts_ti_ReentSupport_Module__state__V)
                  200096dc    00000004     release_pem4.oem4 (.data:xdc_runtime_Memory_Module__state__V)
                  200096e0    00000001     drivers_cc32xx.aem4 : Timer.oem4 (.data)
                  200096e1    00000001                         : UART.oem4 (.data)

.priheap   0    20000310    00008000     UNINITIALIZED
                  20000310    00008000     --HOLE--

.stack     0    2003fc00    00000400     UNINITIALIZED
                  2003fc00    00000400     --HOLE--

.bootVecs 
*          0    00000000    00000008     DSECT
                  00000000    00000008     boot.aem4 : boot.oem4 (.bootVecs)

.resetVecs 
*          0    01000800    0000003c     
                  01000800    0000003c     release_pem4.oem4 (.resetVecs)

.vecs      0    20000000    0000030c     NOLOAD SECTION
                  20000000    0000030c     release_pem4.oem4 (.vecs)

xdc.meta   0    00000000    00000107     COPY SECTION
                  00000000    00000107     release_pem4.oem4 (xdc.meta)

xdc.noload 
*          0    00000000    00000000     COPY SECTION

.binit     0    01000000    00000000     

MODULE SUMMARY

       Module                       code    ro data   rw data
       ------                       ----    -------   -------
    .\
       buttonled.obj                736     0         92     
       main_tirtos.obj              100     0         0      
    +--+----------------------------+-------+---------+---------+
       Total:                       836     0         92     
                                                             
    .\syscfg\
       ti_drivers_config.obj        18      262       1852   
    +--+----------------------------+-------+---------+---------+
       Total:                       18      262       1852   
                                                             
    C:\Users\Nelson Levy\workspace_v9\tirtos_builds_CC3235SF_LAUNCHXL_release_ccs\Debug\configPkg\package\cfg\
       release_pem4.oem4            1916    1063      3022   
    +--+----------------------------+-------+---------+---------+
       Total:                       1916    1063      3022   
                                                             
    C:/ti/simplelink_cc32xx_sdk_3_40_00_05/kernel/tirtos/packages/ti/dpl/lib/dpl_cc32xx.aem4
       PowerCC32XX_tirtos.oem4      430     0         0      
       SemaphoreP_tirtos.oem4       146     0         0      
       ClockP_tirtos.oem4           130     0         4      
       HwiP_tirtos.oem4             100     0         0      
       SystemP_tirtos.oem4          4       0         0      
    +--+----------------------------+-------+---------+---------+
       Total:                       810     0         4      
                                                             
    C:/ti/simplelink_cc32xx_sdk_3_40_00_05/source/ti/devices/cc32xx/driverlib/ccs/Release/driverlib.a
       prcm.obj                     1608    168       0      
       pin.obj                      280     256       0      
       timer.obj                    264     0         0      
       flash.obj                    72      0         0      
       uart.obj                     48      0         0      
       utils.obj                    6       0         0      
    +--+----------------------------+-------+---------+---------+
       Total:                       2278    424       0      
                                                             
    C:/ti/simplelink_cc32xx_sdk_3_40_00_05/source/ti/display/lib/display.aem4
       DisplayUart.oem4             184     32        0      
       Display.oem4                 134     1         0      
    +--+----------------------------+-------+---------+---------+
       Total:                       318     33        0      
                                                             
    C:/ti/simplelink_cc32xx_sdk_3_40_00_05/source/ti/drivers/lib/drivers_cc32xx.aem4
       UARTCC32XX.oem4              3450    116       0      
       PowerCC32XX.oem4             2372    0         664    
       PWMTimerCC32XX.oem4          1732    108       0      
       GPIOCC32XX.oem4              1440    103       65     
       TimerCC32XX.oem4             1130    32        4      
       Button.oem4                  788     16        0      
       LED.oem4                     692     8         0      
       UART.oem4                    186     36        1      
       PWM.oem4                     182     24        1      
       RingBuf.oem4                 198     0         0      
       Timer.oem4                   158     12        1      
       PowerCC32XX_asm.oem4         150     0         0      
       List.oem4                    76      0         0      
    +--+----------------------------+-------+---------+---------+
       Total:                       12554   455       736    
                                                             
    C:\Users\Nelson Levy\workspace_v9\tirtos_builds_CC3235SF_LAUNCHXL_release_ccs\src\sysbios\sysbios.aem4
       BIOS.obj                     9332    0         136    
       m3_Hwi_asm.obj               270     0         0      
       m3_TaskSupport_asm.obj       108     0         0      
       m3_Hwi_asm_switch.obj        102     0         0      
    +--+----------------------------+-------+---------+---------+
       Total:                       9812    0         136    
                                                             
    C:\ti\ccs930\ccs\tools\compiler\ti-cgt-arm_18.12.4.LTS\lib\rtsv7M4_T_le_eabi.lib
       fd_add_t2.asm.obj            438     0         0      
       fd_cmp_t2.asm.obj            268     0         0      
       fd_mul_t2.asm.obj            252     0         0      
       memcpy_t2.asm.obj            156     0         0      
       ull_div_t2.asm.obj           150     0         0      
       memset_t2.asm.obj            122     0         0      
       copy_decompress_lzss.c.obj   104     0         0      
       cpy_tbl.c.obj                76      0         0      
       fd_toi_t2.asm.obj            72      0         0      
       fd_tou_t2.asm.obj            68      0         0      
       u_divt2.asm.obj              64      0         0      
       fs_tod_t2.asm.obj            56      0         0      
       i_tofd_t2.asm.obj            46      0         0      
       _lock.c.obj                  26      0         8      
       args_main.c.obj              24      0         0      
       ll_mul_t2.asm.obj            24      0         0      
       strlen.c.obj                 20      0         0      
       copy_decompress_none.c.obj   14      0         0      
       copy_zero_init.c.obj         12      0         0      
       stkdepth_vars.c.obj          0       0         4      
[...]
01007ef1  _register_unlock                                                
01007efd  __TI_zero_init                                                  
01007f21  ti_sysbios_family_arm_m3_Hwi_Params__init__S                    
01007f21  ti_sysbios_hal_Hwi_HwiProxy_Params__init__S                     
01007f31  ti_sysbios_family_arm_m3_Hwi_disableFxn__E                      
01007f31  ti_sysbios_hal_Hwi_HwiProxy_disable__E                          
01007f41  ti_sysbios_family_arm_m3_TaskSupport_getStackAlignment__E       
01007f41  ti_sysbios_knl_Task_SupportProxy_getStackAlignment__E           
01007f51  ti_sysbios_gates_GateHwi_enter__E                               
01007f5d  ti_sysbios_knl_Clock_Params__init__S                            
01007f69  ClockP_getSystemTicks                                           
01007f69  ti_sysbios_knl_Clock_getTicks__E                                
01007f79  ti_sysbios_knl_Clock_setTicks__E                                
01007f89  ti_sysbios_knl_Clock_tickStart__E                               
01007f99  ti_sysbios_knl_Clock_tickStop__E                                
01007fa5  ti_sysbios_knl_Queue_Object__get__S                             
01007fb1  ti_sysbios_knl_Semaphore_Params__init__S                        
01007fbd  ti_sysbios_knl_Task_Params__init__S                             
01007fc9  ti_sysbios_rts_ti_ReentSupport_taskRegHook__I                   
01007fd9  xdc_runtime_Startup_rtsDone__E                                  
01007fe5  ClockP_Params_init                                              
01007fef  PWM_close                                                       
01007ff9  PWM_setDuty                                                     
01008003  PWM_start                                                       
0100800d  Timer_start                                                     
01008017  UART_close                                                      
01008021  UART_control                                                    
0100802b  UART_write                                                      
01008035  xdc_runtime_Memory_HeapProxy_alloc__E                           
0100803f  xdc_runtime_Memory_HeapProxy_free__E                            
01008049  SemaphoreP_Params_init                                          
01008051  pthread_attr_setstacksize                                       
01008061  ti_sysbios_family_arm_m3_Hwi_doSwiRestore__I                    
01008069  ti_sysbios_family_arm_m3_Hwi_startup__E                         
01008069  ti_sysbios_hal_Hwi_HwiProxy_startup__E                          
01008069  ti_sysbios_hal_Hwi_startup__E                                   
01008079  PWMTimerCC32XX_control                                          
0100807f  TimerCC32XX_control                                             
01008085  UtilsDelay                                                      
01008091  ti_sysbios_family_arm_m3_Hwi_doTaskRestore__I                   
01008099  HwiP_restore                                                    
01008099  ti_sysbios_family_arm_m3_Hwi_restoreFxn__E                      
01008099  ti_sysbios_hal_Hwi_HwiProxy_restore__E                          
010080a1  ti_sysbios_gates_GateHwi_leave__E                               
010080a9  ti_sysbios_heaps_HeapMem_isBlocking__E                          
010080b1  ti_sysbios_knl_Clock_stop__E                                    
010080b9  ti_sysbios_knl_Queue_Instance_init__E                           
010080c1  ti_sysbios_knl_Swi_startup__E                                   
010080c9  xdc_runtime_System_Module_startup__E                            
010080d1  ti_sysbios_family_arm_m3_Timer_getMaxTicks__E                   
010080d9  ti_sysbios_gates_GateHwi_query__E                               
010080d9  xdc_runtime_Main_Module_GateProxy_query__E                      
010080d9  xdc_runtime_System_Module_GateProxy_query__E                    
010080e1  ti_sysbios_BIOS_RtsGateProxy_query__E                           
010080e1  ti_sysbios_gates_GateMutex_query__E                             
010080e1  ti_sysbios_heaps_HeapMem_Module_GateProxy_query__E              
010080e9  ti_sysbios_knl_Clock_setTimeout__E                              
010080f1  ti_sysbios_knl_Task_startup__E                                  
010080f9  xdc_runtime_SysCallback_defaultReady                            
01008101  ti_sysbios_BIOS_linkedWithIncorrectBootLibrary__E               
01008109  ti_sysbios_gates_GateHwi_Instance_init__E                       
01008111  ti_sysbios_knl_Clock_logTick__E                                 
01008119  xdc_runtime_SysCallback_defaultAbort                            
01008121  xdc_runtime_SysCallback_defaultExit                             
01008129  xdc_runtime_SysCallback_defaultPutch                            
01008131  xdc_runtime_System_abortSpin__E                                 
01008139  xdc_runtime_System_exitSpin__E                                  
010082e4  PowerCC32XX_config                                              
01008324  ti_sysbios_knl_Task_Object__PARAMS__C                           
01008360  ti_sysbios_family_arm_m3_Hwi_Object__PARAMS__C                  
01008390  UARTCC32XX_fxnTable                                             
010083b8  ti_sysbios_heaps_HeapMem_Module__FXNS__C                        
010083e0  PWMTimerCC32XX_fxnTable                                         
01008404  UART_defaultParams                                              
01008428  ti_sysbios_gates_GateHwi_Module__FXNS__C                        
0100844c  ti_sysbios_gates_GateMutex_Module__FXNS__C                      
01008470  ti_sysbios_heaps_HeapMem_Object__PARAMS__C                      
01008494  ti_sysbios_knl_Clock_Object__PARAMS__C                          
010084b8  ti_sysbios_knl_Semaphore_Object__PARAMS__C                      
01008523  Display_defaultParams                                           
01008524  DisplayUartMin_fxnTable                                         
01008544  TimerCC32XX_fxnTable                                            
010085a4  ti_sysbios_family_arm_m3_Hwi_Object__DESC__C                    
010085c4  ti_sysbios_gates_GateHwi_Object__DESC__C                        
010085e4  ti_sysbios_gates_GateMutex_Object__DESC__C                      
01008604  ti_sysbios_heaps_HeapMem_Object__DESC__C                        
01008624  ti_sysbios_knl_Clock_Object__DESC__C                            
01008644  ti_sysbios_knl_Queue_Object__DESC__C                            
01008664  ti_sysbios_knl_Semaphore_Object__DESC__C                        
01008684  ti_sysbios_knl_Task_Object__DESC__C                             
010086a4  xdc_runtime_Startup_sfxnTab__A                                  
010086c4  LED_config                                                      
010086dc  PWM_defaultParams                                               
010086f4  ti_sysbios_gates_GateHwi_Object__PARAMS__C                      
0100870c  ti_sysbios_gates_GateMutex_Object__PARAMS__C                    
01008724  ti_sysbios_knl_Queue_Object__PARAMS__C                          
0100873c  ti_sysbios_knl_Task_hooks__A                                    
01008754  GPIOCC32XX_config                                               
01008768  displayUartHWAttrs                                              
010087b8  Button_config                                                   
010087c8  Button_defaultParams                                            
01008808  timerCC32XXHWAttrs                                              
01008818  xdc_runtime_Startup_sfxnRts__A                                  
01008828  Display_config                                                  
01008834  PWM_config                                                      
01008840  Timer_config                                                    
0100884c  UART_config                                                     
01008864  xdc_runtime_Startup_firstFxns__A                                
01008870  LED_defaultParams                                               
01008878  outPinTypes                                                     
01008888  ti_sysbios_knl_Idle_funcList__A                                 
01008890  ti_sysbios_knl_Idle_funcList__C                                 
01008898  ti_sysbios_knl_Task_hooks__C                                    
010088a8  xdc_runtime_Startup_firstFxns__C                                
010088b0  xdc_runtime_Startup_lastFxns__C                                 
010088c4  inPinTypes                                                      
010088ca  outPinStrengths                                                 
010088d0  Display_count                                                   
010088d1  PWM_count                                                       
010088d2  Timer_count                                                     
010088d3  UART_count                                                      
010088d4  Button_count                                                    
010088d5  LED_count                                                       
010088da  ti_sysbios_family_arm_m3_Hwi_Module__id__C                      
010088dc  pwmTimerCC32XXHWAttrs                                           
010088e0  ti_sysbios_family_arm_m3_Hwi_E_alreadyDefined__C                
010088e4  ti_sysbios_family_arm_m3_Hwi_E_badIntNum__C                     
010088e8  ti_sysbios_family_arm_m3_Hwi_NUM_INTERRUPTS__C                  
010088ec  ti_sysbios_family_arm_m3_Hwi_Object__count__C                   
010088f0  ti_sysbios_family_arm_m3_Hwi_ccr__C                             
010088f4  ti_sysbios_family_arm_m3_Hwi_excHandlerFunc__C                  
010088f8  ti_sysbios_family_arm_m3_Hwi_nullIsrFunc__C                     
010088fc  ti_sysbios_family_arm_m3_Hwi_priGroup__C                        
01008900  ti_sysbios_family_arm_m3_Hwi_swiDisable__C                      
01008904  ti_sysbios_family_arm_m3_Hwi_swiRestore__C                      
01008908  ti_sysbios_family_arm_m3_TaskSupport_stackAlignment__C          
0100890c  ti_sysbios_family_arm_m3_Timer_E_cannotSupport__C               
01008910  ti_sysbios_family_arm_m3_Timer_startupNeeded__C                 
01008914  ti_sysbios_gates_GateMutex_Instance_State_sem__O                
01008918  ti_sysbios_heaps_HeapMem_E_memory__C                            
0100891c  ti_sysbios_heaps_HeapMem_Module__gateObj__C                     
01008920  ti_sysbios_heaps_HeapMem_Object__count__C                       
01008924  ti_sysbios_heaps_HeapMem_primaryHeapBaseAddr__C                 
01008928  ti_sysbios_heaps_HeapMem_primaryHeapEndAddr__C                  
0100892c  ti_sysbios_heaps_HeapMem_reqAlign__C                            
01008930  ti_sysbios_knl_Clock_Module_State_clockQ__O                     
01008934  ti_sysbios_knl_Clock_tickPeriod__C                              
01008938  ti_sysbios_knl_Mailbox_Instance_State_freeQue__O                
0100893c  ti_sysbios_knl_Mailbox_Object__count__C                         
01008940  ti_sysbios_knl_Mailbox_maxTypeAlign__C                          
01008944  ti_sysbios_knl_Semaphore_Instance_State_pendQ__O                
01008948  ti_sysbios_knl_Swi_Object__count__C                             
0100894c  ti_sysbios_knl_Task_Module_State_inactiveQ__O                   
01008950  ti_sysbios_knl_Task_Object__count__C                            
01008954  ti_sysbios_knl_Task_Object__heap__C                             
01008958  ti_sysbios_knl_Task_allBlockedFunc__C                           
0100895c  ti_sysbios_knl_Task_defaultStackHeap__C                         
01008960  ti_sysbios_knl_Task_defaultStackSize__C                         
01008964  ti_sysbios_knl_Task_numConstructedTasks__C                      
01008968  xdc_runtime_Error_E_memory__C                                   
0100896c  xdc_runtime_Error_policyFxn__C                                  
01008970  xdc_runtime_IGateProvider_Interface__BASE__C                    
01008974  xdc_runtime_IHeap_Interface__BASE__C                            
01008978  xdc_runtime_IModule_Interface__BASE__C                          
0100897c  xdc_runtime_Memory_defaultHeapInstance__C                       
01008980  xdc_runtime_Startup_execImpl__C                                 
01008984  xdc_runtime_Startup_maxPasses__C                                
01008988  xdc_runtime_Startup_sfxnRts__C                                  
0100898c  xdc_runtime_Startup_sfxnTab__C                                  
01008990  xdc_runtime_SysCallback_abortFxn__C                             
01008994  xdc_runtime_SysCallback_exitFxn__C                              
01008998  xdc_runtime_SysCallback_putchFxn__C                             
0100899c  xdc_runtime_SysCallback_readyFxn__C                             
010089a0  xdc_runtime_System_Module__gateObj__C                           
010089a4  xdc_runtime_System_abortFxn__C                                  
010089a8  xdc_runtime_System_exitFxn__C                                   
010089ac  xdc_runtime_System_extendFxn__C                                 
010089b0  xdc_runtime_System_maxAtexitHandlers__C                         
010089b4  ti_sysbios_family_arm_m3_Timer_Module__id__C                    
010089b6  ti_sysbios_heaps_HeapMem_Module__id__C                          
010089b8  xdc_runtime_Memory_Module__id__C                                
010089ba  ti_sysbios_knl_Clock_tickMode__C                                
010089bb  ti_sysbios_knl_Clock_tickSource__C                              
010089bc  xdc_runtime_Error_policy__C                                     
010089c0  __TI_static_base__                                              
01008c04  __TI_Handler_Table_Base                                         
01008c10  __TI_Handler_Table_Limit                                        
01008c18  __TI_CINIT_Base                                                 
01008c28  __TI_CINIT_Limit                                                
20000000  ti_sysbios_family_arm_m3_Hwi_ramVectors                         
20000310  __primary_heap_start__                                          
20008310  __primary_heap_end__                                            
20008710  ti_sysbios_family_arm_m3_Hwi_dispatchTable                      
20008a20  ti_sysbios_knl_Task_Instance_State_0_stack__A                   
20008c20  PowerCC32XX_contextSave                                         
20008d4c  LEDObjects                                                      
20008e00  uartCC32XXObjects0                                              
20008e84  ButtonObjects                                                   
20008ed4  timerCC32XXObjects                                              
20008f08  pwmTimerCC32XXObjects                                           
20008f6c  bStats                                                          
20008f88  ringObj                                                         
20008fb4  displayUartObject                                               
20008fc0  eventBuf                                                        
20008fcc  ledHandle                                                       
20008fd8  buttonHandle                                                    
20008fe4  ClockP_tickPeriod                                               
20008fe8  display                                                         
20008fec  ti_sysbios_knl_Task_Instance_State_0_hookEnv__A                 
20008ff0  ticks                                                           
20008ff2  ticksinsec                                                      
20008ff4  PowerCC32XX_module                                              
20009160  parkInfo                                                        
200092e0  ti_sysbios_knl_Swi_Module_State_0_readyQ__A                     
20009360  ti_sysbios_knl_Task_Module_State_0_readyQ__A                    
200093e0  ti_sysbios_gates_GateMutex_Object__table__V                     
20009434  ti_sysbios_knl_Task_Object__table__V                            
20009480  ti_sysbios_knl_Task_Module__state__V                            
200094c4  ti_sysbios_family_arm_m3_Hwi_Module__state__V                   
200094f8  ti_sysbios_family_arm_m3_Timer_Object__table__V                 
20009528  ti_sysbios_knl_Swi_Object__table__V                             
20009558  ti_sysbios_knl_Clock_Module__state__V                           
20009584  ti_sysbios_BIOS_Module__state__V                                
200095a8  xdc_runtime_Error_IgnoreBlock                                   
200095c8  gpioCallbackFunctions                                           
200095e4  gpioPinConfigs                                                  
20009600  ti_sysbios_knl_Swi_Module__state__V                             
2000961c  ti_sysbios_family_arm_m3_Hwi_Object__table__V                   
20009634  ti_sysbios_heaps_HeapMem_Object__table__V                       
2000964c  ti_sysbios_family_arm_m3_Timer_Module__state__V                 
20009662  ti_sysbios_family_arm_m3_Hwi_Module_State_0_excActive__A        
20009664  _lock                                                           
20009668  _unlock                                                         
2000966c  ti_sysbios_family_arm_m3_Hwi_Module__root__V                    
20009674  ti_sysbios_gates_GateHwi_Module__root__V                        
2000967c  ti_sysbios_gates_GateMutex_Module__root__V                      
20009684  ti_sysbios_heaps_HeapMem_Module__root__V                        
2000968c  ti_sysbios_knl_Clock_Module__root__V                            
20009694  ti_sysbios_knl_Queue_Module__root__V                            
2000969c  ti_sysbios_knl_Semaphore_Module__root__V                        
200096a4  ti_sysbios_knl_Task_Module__root__V                             
200096ac  xdc_runtime_Startup_Module__state__V                            
200096b4  xdc_runtime_System_Module_State_0_atexitHandlers__A             
200096bc  xdc_runtime_System_Module__state__V                             
200096c4  main_func_sp                                                    
200096c8  ti_sysbios_family_arm_m3_Hwi_Module_State_0_excContext__A       
200096cc  ti_sysbios_family_arm_m3_Hwi_Module_State_0_excStack__A         
200096d0  ti_sysbios_gates_GateHwi_Object__table__V                       
200096d4  ti_sysbios_knl_Task_Module_State_0_idleTask__A                  
200096d8  ti_sysbios_rts_ti_ReentSupport_Module__state__V                 
200096dc  xdc_runtime_Memory_Module__state__V                             
2003fc00  __stack                                                         
20040000  __STACK_END                                                     
e000e000  ti_sysbios_family_arm_m3_Hwi_nvic                               
ffffffff  __TI_pprof_out_hndl                                             
ffffffff  __TI_prof_data_size                                             
ffffffff  __TI_prof_data_start                                            
ffffffff  __binit__                                                       
ffffffff  __c_args__                                                      
ffffffff  binit                                                           
UNDEFED   SHT$$INIT_ARRAY$$Base                                           
UNDEFED   SHT$$INIT_ARRAY$$Limit                                          

[657 symbols]
